<?xml version="1.0" encoding="ISO-8859-1" ?>
<link_info>
   <banner>TI ARM Clang Linker PC v3.2.0.LTS</banner>
   <copyright>Copyright (c) 1996-2018 Texas Instruments Incorporated</copyright>
   <link_time>0x65a9a7ec</link_time>
   <link_errors>0x0</link_errors>
   <output_file>C:\Users\domdr\OneDrive\Code Composer Studio\pwmled2_CC3220SF_LAUNCHXL_nortos_ticlang\Debug\pwmled2_CC3220SF_LAUNCHXL_nortos_ticlang.out</output_file>
   <entry_point>
      <name>resetISR</name>
      <address>0x100376d</address>
   </entry_point>
   <input_file_list>
      <input_file id="fl-1">
         <path>C:\Users\domdr\OneDrive\Code Composer Studio\pwmled2_CC3220SF_LAUNCHXL_nortos_ticlang\Debug\.\</path>
         <kind>object</kind>
         <file>main_nortos.o</file>
         <name>main_nortos.o</name>
      </input_file>
      <input_file id="fl-2">
         <path>C:\Users\domdr\OneDrive\Code Composer Studio\pwmled2_CC3220SF_LAUNCHXL_nortos_ticlang\Debug\.\</path>
         <kind>object</kind>
         <file>pwmled2.o</file>
         <name>pwmled2.o</name>
      </input_file>
      <input_file id="fl-3">
         <path>C:\Users\domdr\OneDrive\Code Composer Studio\pwmled2_CC3220SF_LAUNCHXL_nortos_ticlang\Debug\.\syscfg\</path>
         <kind>object</kind>
         <file>ti_drivers_config.o</file>
         <name>ti_drivers_config.o</name>
      </input_file>
      <input_file id="fl-13">
         <path>C:\Users\domdr\OneDrive\Code Composer Studio\pwmled2_CC3220SF_LAUNCHXL_nortos_ticlang\Debug\</path>
         <kind>object</kind>
         <file>&lt;internal&gt;</file>
         <name>&lt;internal&gt;</name>
      </input_file>
      <input_file id="fl-14">
         <path>C:\ti\simplelink_cc32xx_sdk_7_10_00_13\source\ti\drivers\lib\ticlang\m4\</path>
         <kind>archive</kind>
         <file>drivers_cc32xx.a</file>
         <name>GPIOCC32XX.c.obj</name>
      </input_file>
      <input_file id="fl-15">
         <path>C:\ti\simplelink_cc32xx_sdk_7_10_00_13\source\ti\drivers\lib\ticlang\m4\</path>
         <kind>archive</kind>
         <file>drivers_cc32xx.a</file>
         <name>PowerCC32XX.c.obj</name>
      </input_file>
      <input_file id="fl-16">
         <path>C:\ti\simplelink_cc32xx_sdk_7_10_00_13\source\ti\drivers\lib\ticlang\m4\</path>
         <kind>archive</kind>
         <file>drivers_cc32xx.a</file>
         <name>PowerCC32XX_ticlang.asm.obj</name>
      </input_file>
      <input_file id="fl-17">
         <path>C:\ti\simplelink_cc32xx_sdk_7_10_00_13\source\ti\drivers\lib\ticlang\m4\</path>
         <kind>archive</kind>
         <file>drivers_cc32xx.a</file>
         <name>PWM.c.obj</name>
      </input_file>
      <input_file id="fl-18">
         <path>C:\ti\simplelink_cc32xx_sdk_7_10_00_13\source\ti\drivers\lib\ticlang\m4\</path>
         <kind>archive</kind>
         <file>drivers_cc32xx.a</file>
         <name>PWMTimerCC32XX.c.obj</name>
      </input_file>
      <input_file id="fl-19">
         <path>C:\ti\simplelink_cc32xx_sdk_7_10_00_13\source\ti\drivers\lib\ticlang\m4\</path>
         <kind>archive</kind>
         <file>drivers_cc32xx.a</file>
         <name>TimerCC32XX.c.obj</name>
      </input_file>
      <input_file id="fl-1a">
         <path>C:\ti\simplelink_cc32xx_sdk_7_10_00_13\source\ti\drivers\lib\ticlang\m4\</path>
         <kind>archive</kind>
         <file>drivers_cc32xx.a</file>
         <name>List.c.obj</name>
      </input_file>
      <input_file id="fl-1b">
         <path>C:\ti\simplelink_cc32xx_sdk_7_10_00_13\source\ti\drivers\lib\ticlang\m4\</path>
         <kind>archive</kind>
         <file>drivers_cc32xx.a</file>
         <name>Timer.c.obj</name>
      </input_file>
      <input_file id="fl-1c">
         <path>C:\ti\simplelink_cc32xx_sdk_7_10_00_13\kernel\nortos\lib\ticlang\m4\</path>
         <kind>archive</kind>
         <file>nortos_cc32xx.a</file>
         <name>NoRTOS.c.obj</name>
      </input_file>
      <input_file id="fl-1d">
         <path>C:\ti\simplelink_cc32xx_sdk_7_10_00_13\kernel\nortos\lib\ticlang\m4\</path>
         <kind>archive</kind>
         <file>nortos_cc32xx.a</file>
         <name>posix_sleep.c.obj</name>
      </input_file>
      <input_file id="fl-1e">
         <path>C:\ti\simplelink_cc32xx_sdk_7_10_00_13\kernel\nortos\lib\ticlang\m4\</path>
         <kind>archive</kind>
         <file>nortos_cc32xx.a</file>
         <name>SemaphoreP_nortos.c.obj</name>
      </input_file>
      <input_file id="fl-1f">
         <path>C:\ti\simplelink_cc32xx_sdk_7_10_00_13\kernel\nortos\lib\ticlang\m4\</path>
         <kind>archive</kind>
         <file>nortos_cc32xx.a</file>
         <name>ClockPSysTick_nortos.c.obj</name>
      </input_file>
      <input_file id="fl-20">
         <path>C:\ti\simplelink_cc32xx_sdk_7_10_00_13\kernel\nortos\lib\ticlang\m4\</path>
         <kind>archive</kind>
         <file>nortos_cc32xx.a</file>
         <name>HwiPCC32XX_nortos.c.obj</name>
      </input_file>
      <input_file id="fl-21">
         <path>C:\ti\simplelink_cc32xx_sdk_7_10_00_13\kernel\nortos\lib\ticlang\m4\</path>
         <kind>archive</kind>
         <file>nortos_cc32xx.a</file>
         <name>PowerCC32XX_nortos.c.obj</name>
      </input_file>
      <input_file id="fl-22">
         <path>C:\ti\simplelink_cc32xx_sdk_7_10_00_13\kernel\nortos\lib\ticlang\m4\</path>
         <kind>archive</kind>
         <file>nortos_cc32xx.a</file>
         <name>startup_cc32xx_ticlang.c.obj</name>
      </input_file>
      <input_file id="fl-23">
         <path>C:\ti\simplelink_cc32xx_sdk_7_10_00_13\kernel\nortos\lib\ticlang\m4\</path>
         <kind>archive</kind>
         <file>nortos_cc32xx.a</file>
         <name>SwiP_nortos.c.obj</name>
      </input_file>
      <input_file id="fl-24">
         <path>C:\ti\simplelink_cc32xx_sdk_7_10_00_13\source\ti\devices\cc32xx\driverlib\ticlang\Release\</path>
         <kind>archive</kind>
         <file>driverlib.a</file>
         <name>cpu.obj</name>
      </input_file>
      <input_file id="fl-25">
         <path>C:\ti\simplelink_cc32xx_sdk_7_10_00_13\source\ti\devices\cc32xx\driverlib\ticlang\Release\</path>
         <kind>archive</kind>
         <file>driverlib.a</file>
         <name>gpio.obj</name>
      </input_file>
      <input_file id="fl-26">
         <path>C:\ti\simplelink_cc32xx_sdk_7_10_00_13\source\ti\devices\cc32xx\driverlib\ticlang\Release\</path>
         <kind>archive</kind>
         <file>driverlib.a</file>
         <name>hwspinlock.obj</name>
      </input_file>
      <input_file id="fl-27">
         <path>C:\ti\simplelink_cc32xx_sdk_7_10_00_13\source\ti\devices\cc32xx\driverlib\ticlang\Release\</path>
         <kind>archive</kind>
         <file>driverlib.a</file>
         <name>interrupt.obj</name>
      </input_file>
      <input_file id="fl-28">
         <path>C:\ti\simplelink_cc32xx_sdk_7_10_00_13\source\ti\devices\cc32xx\driverlib\ticlang\Release\</path>
         <kind>archive</kind>
         <file>driverlib.a</file>
         <name>pin.obj</name>
      </input_file>
      <input_file id="fl-29">
         <path>C:\ti\simplelink_cc32xx_sdk_7_10_00_13\source\ti\devices\cc32xx\driverlib\ticlang\Release\</path>
         <kind>archive</kind>
         <file>driverlib.a</file>
         <name>prcm.obj</name>
      </input_file>
      <input_file id="fl-2a">
         <path>C:\ti\simplelink_cc32xx_sdk_7_10_00_13\source\ti\devices\cc32xx\driverlib\ticlang\Release\</path>
         <kind>archive</kind>
         <file>driverlib.a</file>
         <name>spi.obj</name>
      </input_file>
      <input_file id="fl-2b">
         <path>C:\ti\simplelink_cc32xx_sdk_7_10_00_13\source\ti\devices\cc32xx\driverlib\ticlang\Release\</path>
         <kind>archive</kind>
         <file>driverlib.a</file>
         <name>systick.obj</name>
      </input_file>
      <input_file id="fl-2c">
         <path>C:\ti\simplelink_cc32xx_sdk_7_10_00_13\source\ti\devices\cc32xx\driverlib\ticlang\Release\</path>
         <kind>archive</kind>
         <file>driverlib.a</file>
         <name>timer.obj</name>
      </input_file>
      <input_file id="fl-2d">
         <path>C:\ti\simplelink_cc32xx_sdk_7_10_00_13\source\ti\devices\cc32xx\driverlib\ticlang\Release\</path>
         <kind>archive</kind>
         <file>driverlib.a</file>
         <name>utils.obj</name>
      </input_file>
      <input_file id="fl-2e">
         <path>C:\ti\simplelink_cc32xx_sdk_7_10_00_13\source\ti\devices\cc32xx\driverlib\ticlang\Release\</path>
         <kind>archive</kind>
         <file>driverlib.a</file>
         <name>flash.obj</name>
      </input_file>
      <input_file id="fl-3b">
         <path>C:\ti\ccs1250\ccs\tools\compiler\ti-cgt-armllvm_3.2.0.LTS\lib\armv7em-ti-none-eabi\c\</path>
         <kind>archive</kind>
         <file>libc.a</file>
         <name>memory.c.obj</name>
      </input_file>
      <input_file id="fl-3c">
         <path>C:\ti\ccs1250\ccs\tools\compiler\ti-cgt-armllvm_3.2.0.LTS\lib\armv7em-ti-none-eabi\c\</path>
         <kind>archive</kind>
         <file>libc.a</file>
         <name>boot_cortex_m.c.obj</name>
      </input_file>
      <input_file id="fl-3d">
         <path>C:\ti\ccs1250\ccs\tools\compiler\ti-cgt-armllvm_3.2.0.LTS\lib\armv7em-ti-none-eabi\c\</path>
         <kind>archive</kind>
         <file>libc.a</file>
         <name>mathacl_init.c.obj</name>
      </input_file>
      <input_file id="fl-3e">
         <path>C:\ti\ccs1250\ccs\tools\compiler\ti-cgt-armllvm_3.2.0.LTS\lib\armv7em-ti-none-eabi\c\</path>
         <kind>archive</kind>
         <file>libc.a</file>
         <name>autoinit.c.obj</name>
      </input_file>
      <input_file id="fl-3f">
         <path>C:\ti\ccs1250\ccs\tools\compiler\ti-cgt-armllvm_3.2.0.LTS\lib\armv7em-ti-none-eabi\c\</path>
         <kind>archive</kind>
         <file>libc.a</file>
         <name>pre_init.c.obj</name>
      </input_file>
      <input_file id="fl-40">
         <path>C:\ti\ccs1250\ccs\tools\compiler\ti-cgt-armllvm_3.2.0.LTS\lib\armv7em-ti-none-eabi\c\</path>
         <kind>archive</kind>
         <file>libc.a</file>
         <name>cpy_tbl.c.obj</name>
      </input_file>
      <input_file id="fl-41">
         <path>C:\ti\ccs1250\ccs\tools\compiler\ti-cgt-armllvm_3.2.0.LTS\lib\armv7em-ti-none-eabi\c\</path>
         <kind>archive</kind>
         <file>libc.a</file>
         <name>copy_zero_init.c.obj</name>
      </input_file>
      <input_file id="fl-42">
         <path>C:\ti\ccs1250\ccs\tools\compiler\ti-cgt-armllvm_3.2.0.LTS\lib\armv7em-ti-none-eabi\c\</path>
         <kind>archive</kind>
         <file>libc.a</file>
         <name>copy_decompress_none.c.obj</name>
      </input_file>
      <input_file id="fl-43">
         <path>C:\ti\ccs1250\ccs\tools\compiler\ti-cgt-armllvm_3.2.0.LTS\lib\armv7em-ti-none-eabi\c\</path>
         <kind>archive</kind>
         <file>libc.a</file>
         <name>copy_decompress_lzss.c.obj</name>
      </input_file>
      <input_file id="fl-44">
         <path>C:\ti\ccs1250\ccs\tools\compiler\ti-cgt-armllvm_3.2.0.LTS\lib\armv7em-ti-none-eabi\c\</path>
         <kind>archive</kind>
         <file>libc.a</file>
         <name>exit.c.obj</name>
      </input_file>
      <input_file id="fl-45">
         <path>C:\ti\ccs1250\ccs\tools\compiler\ti-cgt-armllvm_3.2.0.LTS\lib\armv7em-ti-none-eabi\c\</path>
         <kind>archive</kind>
         <file>libc.a</file>
         <name>_lock.c.obj</name>
      </input_file>
      <input_file id="fl-46">
         <path>C:\ti\ccs1250\ccs\tools\compiler\ti-cgt-armllvm_3.2.0.LTS\lib\armv7em-ti-none-eabi\c\</path>
         <kind>archive</kind>
         <file>libc.a</file>
         <name>args_main.c.obj</name>
      </input_file>
      <input_file id="fl-aa">
         <path>C:\ti\ccs1250\ccs\tools\compiler\ti-cgt-armllvm_3.2.0.LTS\lib\clang\15.0.7\lib\armv7em-ti-none-eabi\</path>
         <kind>archive</kind>
         <file>libclang_rt.builtins.a</file>
         <name>aeabi_memcpy.S.obj</name>
      </input_file>
      <input_file id="fl-ab">
         <path>C:\ti\ccs1250\ccs\tools\compiler\ti-cgt-armllvm_3.2.0.LTS\lib\clang\15.0.7\lib\armv7em-ti-none-eabi\</path>
         <kind>archive</kind>
         <file>libclang_rt.builtins.a</file>
         <name>aeabi_memset.S.obj</name>
      </input_file>
      <input_file id="fl-ac">
         <path>C:\ti\ccs1250\ccs\tools\compiler\ti-cgt-armllvm_3.2.0.LTS\lib\clang\15.0.7\lib\armv7em-ti-none-eabi\</path>
         <kind>archive</kind>
         <file>libclang_rt.builtins.a</file>
         <name>aeabi_uldivmod.S.obj</name>
      </input_file>
      <input_file id="fl-ad">
         <path>C:\ti\ccs1250\ccs\tools\compiler\ti-cgt-armllvm_3.2.0.LTS\lib\clang\15.0.7\lib\armv7em-ti-none-eabi\</path>
         <kind>archive</kind>
         <file>libclang_rt.builtins.a</file>
         <name>udivmoddi4.S.obj</name>
      </input_file>
      <input_file id="fl-ae">
         <path>C:\ti\ccs1250\ccs\tools\compiler\ti-cgt-armllvm_3.2.0.LTS\lib\clang\15.0.7\lib\armv7em-ti-none-eabi\</path>
         <kind>archive</kind>
         <file>libclang_rt.builtins.a</file>
         <name>aeabi_div0.c.obj</name>
      </input_file>
      <input_file id="fl-af">
         <path>C:\ti\ccs1250\ccs\tools\compiler\ti-cgt-armllvm_3.2.0.LTS\lib\armv7em-ti-none-eabi\c\</path>
         <kind>archive</kind>
         <file>libc.a</file>
         <name>memcpy_t2.S.obj</name>
      </input_file>
      <input_file id="fl-b0">
         <path>C:\ti\ccs1250\ccs\tools\compiler\ti-cgt-armllvm_3.2.0.LTS\lib\armv7em-ti-none-eabi\c\</path>
         <kind>archive</kind>
         <file>libc.a</file>
         <name>memset_t2.S.obj</name>
      </input_file>
   </input_file_list>
   <object_component_list>
      <object_component id="oc-d1">
         <name>.text.PRCMCC3200MCUInit</name>
         <load_address>0x1000840</load_address>
         <readonly>true</readonly>
         <executable>true</executable>
         <run_address>0x1000840</run_address>
         <size>0x4b8</size>
         <alignment>0x2</alignment>
         <input_file_ref idref="fl-29"/>
      </object_component>
      <object_component id="oc-1a9">
         <name>.text.Power_sleep</name>
         <load_address>0x1000cf8</load_address>
         <readonly>true</readonly>
         <executable>true</executable>
         <run_address>0x1000cf8</run_address>
         <size>0x3e4</size>
         <alignment>0x4</alignment>
         <input_file_ref idref="fl-15"/>
      </object_component>
      <object_component id="oc-15d">
         <name>.text.PowerCC32XX_sleepPolicy</name>
         <load_address>0x10010dc</load_address>
         <readonly>true</readonly>
         <executable>true</executable>
         <run_address>0x10010dc</run_address>
         <size>0x150</size>
         <alignment>0x4</alignment>
         <input_file_ref idref="fl-21"/>
      </object_component>
      <object_component id="oc-12c">
         <name>.text.GPIO_setConfig</name>
         <load_address>0x100122c</load_address>
         <readonly>true</readonly>
         <executable>true</executable>
         <run_address>0x100122c</run_address>
         <size>0x140</size>
         <alignment>0x4</alignment>
         <input_file_ref idref="fl-14"/>
      </object_component>
      <object_component id="oc-1f3">
         <name>.text.aligned_alloc</name>
         <load_address>0x100136c</load_address>
         <readonly>true</readonly>
         <executable>true</executable>
         <run_address>0x100136c</run_address>
         <size>0x120</size>
         <alignment>0x4</alignment>
         <input_file_ref idref="fl-3b"/>
      </object_component>
      <object_component id="oc-164">
         <name>.text.free</name>
         <load_address>0x100148c</load_address>
         <readonly>true</readonly>
         <executable>true</executable>
         <run_address>0x100148c</run_address>
         <size>0xf0</size>
         <alignment>0x4</alignment>
         <input_file_ref idref="fl-3b"/>
      </object_component>
      <object_component id="oc-1c9">
         <name>.text.PWMTimerCC32XX_open</name>
         <load_address>0x100157c</load_address>
         <readonly>true</readonly>
         <executable>true</executable>
         <run_address>0x100157c</run_address>
         <size>0xe4</size>
         <alignment>0x4</alignment>
         <input_file_ref idref="fl-18"/>
      </object_component>
      <object_component id="oc-1cc">
         <name>.text.PWMTimerCC32XX_setDutyAndPeriod</name>
         <load_address>0x1001660</load_address>
         <readonly>true</readonly>
         <executable>true</executable>
         <run_address>0x1001660</run_address>
         <size>0xdc</size>
         <alignment>0x4</alignment>
         <input_file_ref idref="fl-18"/>
      </object_component>
      <object_component id="oc-1f7">
         <name>.text.IntEnable</name>
         <load_address>0x100173c</load_address>
         <readonly>true</readonly>
         <executable>true</executable>
         <run_address>0x100173c</run_address>
         <size>0xc8</size>
         <alignment>0x2</alignment>
         <input_file_ref idref="fl-27"/>
      </object_component>
      <object_component id="oc-1d8">
         <name>.text</name>
         <load_address>0x1001804</load_address>
         <readonly>true</readonly>
         <executable>true</executable>
         <run_address>0x1001804</run_address>
         <size>0xb0</size>
         <alignment>0x4</alignment>
         <input_file_ref idref="fl-ad"/>
      </object_component>
      <object_component id="oc-1bb">
         <name>.text.GPIOIntTypeSet</name>
         <load_address>0x10018b4</load_address>
         <readonly>true</readonly>
         <executable>true</executable>
         <run_address>0x10018b4</run_address>
         <size>0xac</size>
         <alignment>0x2</alignment>
         <input_file_ref idref="fl-25"/>
      </object_component>
      <object_component id="oc-b1">
         <name>.text.mainThread</name>
         <load_address>0x1001960</load_address>
         <readonly>true</readonly>
         <executable>true</executable>
         <run_address>0x1001960</run_address>
         <size>0xac</size>
         <alignment>0x4</alignment>
         <input_file_ref idref="fl-2"/>
      </object_component>
      <object_component id="oc-1ce">
         <name>.text.PWMTimerCC32XX_stop</name>
         <load_address>0x1001a0c</load_address>
         <readonly>true</readonly>
         <executable>true</executable>
         <run_address>0x1001a0c</run_address>
         <size>0xa8</size>
         <alignment>0x4</alignment>
         <input_file_ref idref="fl-18"/>
      </object_component>
      <object_component id="oc-22f">
         <name>.text.IntPendSet</name>
         <load_address>0x1001ab4</load_address>
         <readonly>true</readonly>
         <executable>true</executable>
         <run_address>0x1001ab4</run_address>
         <size>0xa4</size>
         <alignment>0x2</alignment>
         <input_file_ref idref="fl-27"/>
      </object_component>
      <object_component id="oc-16c">
         <name>.text.PinConfigSet</name>
         <load_address>0x1001b58</load_address>
         <readonly>true</readonly>
         <executable>true</executable>
         <run_address>0x1001b58</run_address>
         <size>0xa2</size>
         <alignment>0x2</alignment>
         <input_file_ref idref="fl-28"/>
      </object_component>
      <object_component id="oc-e1">
         <name>.text.Board_initHook</name>
         <load_address>0x1001bfa</load_address>
         <readonly>true</readonly>
         <executable>true</executable>
         <run_address>0x1001bfa</run_address>
         <size>0x2</size>
         <alignment>0x2</alignment>
         <input_file_ref idref="fl-3"/>
      </object_component>
      <object_component id="oc-1ca">
         <name>.text.PWMTimerCC32XX_setDuty</name>
         <load_address>0x1001bfc</load_address>
         <readonly>true</readonly>
         <executable>true</executable>
         <run_address>0x1001bfc</run_address>
         <size>0xa0</size>
         <alignment>0x4</alignment>
         <input_file_ref idref="fl-18"/>
      </object_component>
      <object_component id="oc-12b">
         <name>.text.SemaphoreP_pend</name>
         <load_address>0x1001c9c</load_address>
         <readonly>true</readonly>
         <executable>true</executable>
         <run_address>0x1001c9c</run_address>
         <size>0x98</size>
         <alignment>0x4</alignment>
         <input_file_ref idref="fl-1e"/>
      </object_component>
      <object_component id="oc-1f0">
         <name>.text.CPUwfi</name>
         <load_address>0x1001d34</load_address>
         <readonly>true</readonly>
         <executable>true</executable>
         <run_address>0x1001d34</run_address>
         <size>0xc</size>
         <alignment>0x2</alignment>
         <input_file_ref idref="fl-24"/>
      </object_component>
      <object_component id="oc-1e5">
         <name>.text</name>
         <load_address>0x1001d40</load_address>
         <readonly>true</readonly>
         <executable>true</executable>
         <run_address>0x1001d40</run_address>
         <size>0x96</size>
         <alignment>0x10</alignment>
         <input_file_ref idref="fl-16"/>
      </object_component>
      <object_component id="oc-1c8">
         <name>.text.PWMTimerCC32XX_init</name>
         <load_address>0x1001dd6</load_address>
         <readonly>true</readonly>
         <executable>true</executable>
         <run_address>0x1001dd6</run_address>
         <size>0x2</size>
         <alignment>0x2</alignment>
         <input_file_ref idref="fl-18"/>
      </object_component>
      <object_component id="oc-db">
         <name>.text.GPIO_init</name>
         <load_address>0x1001dd8</load_address>
         <readonly>true</readonly>
         <executable>true</executable>
         <run_address>0x1001dd8</run_address>
         <size>0x90</size>
         <alignment>0x4</alignment>
         <input_file_ref idref="fl-14"/>
      </object_component>
      <object_component id="oc-10a">
         <name>.text.PRCMSysResetCauseGet</name>
         <load_address>0x1001e68</load_address>
         <readonly>true</readonly>
         <executable>true</executable>
         <run_address>0x1001e68</run_address>
         <size>0x8e</size>
         <alignment>0x2</alignment>
         <input_file_ref idref="fl-29"/>
      </object_component>
      <object_component id="oc-158">
         <name>.text.PowerCC32XX_initPolicy</name>
         <load_address>0x1001ef6</load_address>
         <readonly>true</readonly>
         <executable>true</executable>
         <run_address>0x1001ef6</run_address>
         <size>0x2</size>
         <alignment>0x2</alignment>
         <input_file_ref idref="fl-21"/>
      </object_component>
      <object_component id="oc-11c">
         <name>.text.PowerCC32XX_configureWakeup</name>
         <load_address>0x1001ef8</load_address>
         <readonly>true</readonly>
         <executable>true</executable>
         <run_address>0x1001ef8</run_address>
         <size>0x88</size>
         <alignment>0x4</alignment>
         <input_file_ref idref="fl-15"/>
      </object_component>
      <object_component id="oc-1c2">
         <name>.text.PWMTimerCC32XX_close</name>
         <load_address>0x1001f80</load_address>
         <readonly>true</readonly>
         <executable>true</executable>
         <run_address>0x1001f80</run_address>
         <size>0x84</size>
         <alignment>0x4</alignment>
         <input_file_ref idref="fl-18"/>
      </object_component>
      <object_component id="oc-1cb">
         <name>.text.PWMTimerCC32XX_setPeriod</name>
         <load_address>0x1002004</load_address>
         <readonly>true</readonly>
         <executable>true</executable>
         <run_address>0x1002004</run_address>
         <size>0x84</size>
         <alignment>0x4</alignment>
         <input_file_ref idref="fl-18"/>
      </object_component>
      <object_component id="oc-206">
         <name>.text.initHw</name>
         <load_address>0x1002088</load_address>
         <readonly>true</readonly>
         <executable>true</executable>
         <run_address>0x1002088</run_address>
         <size>0x84</size>
         <alignment>0x4</alignment>
         <input_file_ref idref="fl-18"/>
      </object_component>
      <object_component id="oc-d6">
         <name>.text.Power_init</name>
         <load_address>0x100210c</load_address>
         <readonly>true</readonly>
         <executable>true</executable>
         <run_address>0x100210c</run_address>
         <size>0x78</size>
         <alignment>0x4</alignment>
         <input_file_ref idref="fl-15"/>
      </object_component>
      <object_component id="oc-1b8">
         <name>.text.HwiP_construct</name>
         <load_address>0x1002184</load_address>
         <readonly>true</readonly>
         <executable>true</executable>
         <run_address>0x1002184</run_address>
         <size>0x74</size>
         <alignment>0x4</alignment>
         <input_file_ref idref="fl-20"/>
      </object_component>
      <object_component id="oc-155">
         <name>.text.PRCMHibernateWakeUpGPIOSelect</name>
         <load_address>0x10021f8</load_address>
         <readonly>true</readonly>
         <executable>true</executable>
         <run_address>0x10021f8</run_address>
         <size>0x74</size>
         <alignment>0x2</alignment>
         <input_file_ref idref="fl-29"/>
      </object_component>
      <object_component id="oc-19">
         <name>.text:decompress:lzss</name>
         <load_address>0x100226c</load_address>
         <readonly>true</readonly>
         <executable>true</executable>
         <run_address>0x100226c</run_address>
         <size>0x70</size>
         <alignment>0x2</alignment>
         <input_file_ref idref="fl-43"/>
      </object_component>
      <object_component id="oc-1e2">
         <name>.text.PinLockLevelSet</name>
         <load_address>0x10022dc</load_address>
         <readonly>true</readonly>
         <executable>true</executable>
         <run_address>0x10022dc</run_address>
         <size>0x6c</size>
         <alignment>0x2</alignment>
         <input_file_ref idref="fl-28"/>
      </object_component>
      <object_component id="oc-16d">
         <name>.text.Power_setDependency</name>
         <load_address>0x1002348</load_address>
         <readonly>true</readonly>
         <executable>true</executable>
         <run_address>0x1002348</run_address>
         <size>0x6c</size>
         <alignment>0x4</alignment>
         <input_file_ref idref="fl-15"/>
      </object_component>
      <object_component id="oc-133">
         <name>.text.powerNotifyFxn</name>
         <load_address>0x10023b4</load_address>
         <readonly>true</readonly>
         <executable>true</executable>
         <run_address>0x10023b4</run_address>
         <size>0x6c</size>
         <alignment>0x4</alignment>
         <input_file_ref idref="fl-14"/>
      </object_component>
      <object_component id="oc-230">
         <name>.text.split</name>
         <load_address>0x1002420</load_address>
         <readonly>true</readonly>
         <executable>true</executable>
         <run_address>0x1002420</run_address>
         <size>0x6c</size>
         <alignment>0x4</alignment>
         <input_file_ref idref="fl-3b"/>
      </object_component>
      <object_component id="oc-112">
         <name>.text.PRCMPeripheralReset</name>
         <load_address>0x100248c</load_address>
         <readonly>true</readonly>
         <executable>true</executable>
         <run_address>0x100248c</run_address>
         <size>0x6a</size>
         <alignment>0x2</alignment>
         <input_file_ref idref="fl-29"/>
      </object_component>
      <object_component id="oc-22a">
         <name>.text.FlashDisable</name>
         <load_address>0x10024f6</load_address>
         <readonly>true</readonly>
         <executable>true</executable>
         <run_address>0x10024f6</run_address>
         <size>0x5c</size>
         <alignment>0x2</alignment>
         <input_file_ref idref="fl-2e"/>
      </object_component>
      <object_component id="oc-157">
         <name>.text.PRCMHibernateWakeupSourceDisable</name>
         <load_address>0x1002552</load_address>
         <readonly>true</readonly>
         <executable>true</executable>
         <run_address>0x1002552</run_address>
         <size>0x5c</size>
         <alignment>0x2</alignment>
         <input_file_ref idref="fl-29"/>
      </object_component>
      <object_component id="oc-1d3">
         <name>.text.SemaphoreP_destruct</name>
         <load_address>0x10025ae</load_address>
         <readonly>true</readonly>
         <executable>true</executable>
         <run_address>0x10025ae</run_address>
         <size>0x2</size>
         <alignment>0x2</alignment>
         <input_file_ref idref="fl-1e"/>
      </object_component>
      <object_component id="oc-205">
         <name>.text.TimerCC32XX_allocateTimerResource</name>
         <load_address>0x10025b0</load_address>
         <readonly>true</readonly>
         <executable>true</executable>
         <run_address>0x10025b0</run_address>
         <size>0x5c</size>
         <alignment>0x4</alignment>
         <input_file_ref idref="fl-19"/>
      </object_component>
      <object_component id="oc-111">
         <name>.text.PRCMPeripheralClkEnable</name>
         <load_address>0x100260c</load_address>
         <readonly>true</readonly>
         <executable>true</executable>
         <run_address>0x100260c</run_address>
         <size>0x5a</size>
         <alignment>0x2</alignment>
         <input_file_ref idref="fl-29"/>
      </object_component>
      <object_component id="oc-21e">
         <name>.text.__aeabi_ldiv0</name>
         <load_address>0x1002666</load_address>
         <readonly>true</readonly>
         <executable>true</executable>
         <run_address>0x1002666</run_address>
         <size>0x2</size>
         <alignment>0x2</alignment>
         <input_file_ref idref="fl-ae"/>
      </object_component>
      <object_component id="oc-18d">
         <name>.text.ClockP_startup</name>
         <load_address>0x1002668</load_address>
         <readonly>true</readonly>
         <executable>true</executable>
         <run_address>0x1002668</run_address>
         <size>0x58</size>
         <alignment>0x4</alignment>
         <input_file_ref idref="fl-1f"/>
      </object_component>
      <object_component id="oc-1f6">
         <name>.text.IntPrioritySet</name>
         <load_address>0x10026c0</load_address>
         <readonly>true</readonly>
         <executable>true</executable>
         <run_address>0x10026c0</run_address>
         <size>0x58</size>
         <alignment>0x2</alignment>
         <input_file_ref idref="fl-27"/>
      </object_component>
      <object_component id="oc-1cd">
         <name>.text.PWMTimerCC32XX_start</name>
         <load_address>0x1002718</load_address>
         <readonly>true</readonly>
         <executable>true</executable>
         <run_address>0x1002718</run_address>
         <size>0x58</size>
         <alignment>0x4</alignment>
         <input_file_ref idref="fl-18"/>
      </object_component>
      <object_component id="oc-1ef">
         <name>.text.PRCMLPDSEnter</name>
         <load_address>0x1002770</load_address>
         <readonly>true</readonly>
         <executable>true</executable>
         <run_address>0x1002770</run_address>
         <size>0x56</size>
         <alignment>0x2</alignment>
         <input_file_ref idref="fl-29"/>
      </object_component>
      <object_component id="oc-143">
         <name>.text._nop</name>
         <load_address>0x10027c6</load_address>
         <readonly>true</readonly>
         <executable>true</executable>
         <run_address>0x10027c6</run_address>
         <size>0x2</size>
         <alignment>0x2</alignment>
         <input_file_ref idref="fl-45"/>
      </object_component>
      <object_component id="oc-187">
         <name>.text.PowerCC32XX_setParkState</name>
         <load_address>0x10027c8</load_address>
         <readonly>true</readonly>
         <executable>true</executable>
         <run_address>0x10027c8</run_address>
         <size>0x54</size>
         <alignment>0x4</alignment>
         <input_file_ref idref="fl-15"/>
      </object_component>
      <object_component id="oc-202">
         <name>.text.Power_releaseDependency</name>
         <load_address>0x100281c</load_address>
         <readonly>true</readonly>
         <executable>true</executable>
         <run_address>0x100281c</run_address>
         <size>0x54</size>
         <alignment>0x4</alignment>
         <input_file_ref idref="fl-15"/>
      </object_component>
      <object_component id="oc-17b">
         <name>.text.GPIO_hwiIntFxn</name>
         <load_address>0x1002870</load_address>
         <readonly>true</readonly>
         <executable>true</executable>
         <run_address>0x1002870</run_address>
         <size>0x50</size>
         <alignment>0x4</alignment>
         <input_file_ref idref="fl-14"/>
      </object_component>
      <object_component id="oc-156">
         <name>.text.PRCMHibernateWakeupSourceEnable</name>
         <load_address>0x10028c0</load_address>
         <readonly>true</readonly>
         <executable>true</executable>
         <run_address>0x10028c0</run_address>
         <size>0x50</size>
         <alignment>0x2</alignment>
         <input_file_ref idref="fl-29"/>
      </object_component>
      <object_component id="oc-1b2">
         <name>.text.SemaphoreP_construct</name>
         <load_address>0x1002910</load_address>
         <readonly>true</readonly>
         <executable>true</executable>
         <run_address>0x1002910</run_address>
         <size>0x50</size>
         <alignment>0x4</alignment>
         <input_file_ref idref="fl-1e"/>
      </object_component>
      <object_component id="oc-176">
         <name>.text.GPIO_setInterruptConfig</name>
         <load_address>0x1002960</load_address>
         <readonly>true</readonly>
         <executable>true</executable>
         <run_address>0x1002960</run_address>
         <size>0x4c</size>
         <alignment>0x4</alignment>
         <input_file_ref idref="fl-14"/>
      </object_component>
      <object_component id="oc-228">
         <name>.text.PRCMLPDSRestoreInfoSet</name>
         <load_address>0x10029ac</load_address>
         <readonly>true</readonly>
         <executable>true</executable>
         <run_address>0x10029ac</run_address>
         <size>0x4c</size>
         <alignment>0x2</alignment>
         <input_file_ref idref="fl-29"/>
      </object_component>
      <object_component id="oc-59">
         <name>.text.ClockP_sysTickHandler</name>
         <load_address>0x10029f8</load_address>
         <readonly>true</readonly>
         <executable>true</executable>
         <run_address>0x10029f8</run_address>
         <size>0x48</size>
         <alignment>0x4</alignment>
         <input_file_ref idref="fl-1f"/>
      </object_component>
      <object_component id="oc-1e9">
         <name>.text.PRCMIntEnable</name>
         <load_address>0x1002a40</load_address>
         <readonly>true</readonly>
         <executable>true</executable>
         <run_address>0x1002a40</run_address>
         <size>0x48</size>
         <alignment>0x2</alignment>
         <input_file_ref idref="fl-29"/>
      </object_component>
      <object_component id="oc-1b7">
         <name>.text.PRCMPeripheralStatusGet</name>
         <load_address>0x1002a88</load_address>
         <readonly>true</readonly>
         <executable>true</executable>
         <run_address>0x1002a88</run_address>
         <size>0x48</size>
         <alignment>0x2</alignment>
         <input_file_ref idref="fl-29"/>
      </object_component>
      <object_component id="oc-225">
         <name>.text.PinConfigGet</name>
         <load_address>0x1002ad0</load_address>
         <readonly>true</readonly>
         <executable>true</executable>
         <run_address>0x1002ad0</run_address>
         <size>0x48</size>
         <alignment>0x2</alignment>
         <input_file_ref idref="fl-28"/>
      </object_component>
      <object_component id="oc-208">
         <name>.text.getDutyCounts</name>
         <load_address>0x1002b18</load_address>
         <readonly>true</readonly>
         <executable>true</executable>
         <run_address>0x1002b18</run_address>
         <size>0x48</size>
         <alignment>0x4</alignment>
         <input_file_ref idref="fl-18"/>
      </object_component>
      <object_component id="oc-201">
         <name>.text.getPowerMgrId</name>
         <load_address>0x1002b60</load_address>
         <readonly>true</readonly>
         <executable>true</executable>
         <run_address>0x1002b60</run_address>
         <size>0x48</size>
         <alignment>0x4</alignment>
         <input_file_ref idref="fl-18"/>
      </object_component>
      <object_component id="oc-18e">
         <name>.text.getTimeUsec</name>
         <load_address>0x1002ba8</load_address>
         <readonly>true</readonly>
         <executable>true</executable>
         <run_address>0x1002ba8</run_address>
         <size>0x48</size>
         <alignment>0x4</alignment>
         <input_file_ref idref="fl-1f"/>
      </object_component>
      <object_component id="oc-1ee">
         <name>.text.PRCMLPDSEnterKeepDebugIf</name>
         <load_address>0x1002bf0</load_address>
         <readonly>true</readonly>
         <executable>true</executable>
         <run_address>0x1002bf0</run_address>
         <size>0x46</size>
         <alignment>0x2</alignment>
         <input_file_ref idref="fl-29"/>
      </object_component>
      <object_component id="oc-170">
         <name>.text.GPIODirModeSet</name>
         <load_address>0x1002c36</load_address>
         <readonly>true</readonly>
         <executable>true</executable>
         <run_address>0x1002c36</run_address>
         <size>0x44</size>
         <alignment>0x2</alignment>
         <input_file_ref idref="fl-25"/>
      </object_component>
      <object_component id="oc-58">
         <name>.text.busFaultHandler</name>
         <load_address>0x1002c7a</load_address>
         <readonly>true</readonly>
         <executable>true</executable>
         <run_address>0x1002c7a</run_address>
         <size>0x2</size>
         <alignment>0x2</alignment>
         <input_file_ref idref="fl-22"/>
      </object_component>
      <object_component id="oc-1bc">
         <name>.text.GPIO_disableInt</name>
         <load_address>0x1002c7c</load_address>
         <readonly>true</readonly>
         <executable>true</executable>
         <run_address>0x1002c7c</run_address>
         <size>0x44</size>
         <alignment>0x4</alignment>
         <input_file_ref idref="fl-14"/>
      </object_component>
      <object_component id="oc-177">
         <name>.text.GPIO_enableInt</name>
         <load_address>0x1002cc0</load_address>
         <readonly>true</readonly>
         <executable>true</executable>
         <run_address>0x1002cc0</run_address>
         <size>0x44</size>
         <alignment>0x4</alignment>
         <input_file_ref idref="fl-14"/>
      </object_component>
      <object_component id="oc-ec">
         <name>.text.PWM_init</name>
         <load_address>0x1002d04</load_address>
         <readonly>true</readonly>
         <executable>true</executable>
         <run_address>0x1002d04</run_address>
         <size>0x44</size>
         <alignment>0x4</alignment>
         <input_file_ref idref="fl-17"/>
      </object_component>
      <object_component id="oc-21b">
         <name>.text.Power_releaseConstraint</name>
         <load_address>0x1002d48</load_address>
         <readonly>true</readonly>
         <executable>true</executable>
         <run_address>0x1002d48</run_address>
         <size>0x44</size>
         <alignment>0x4</alignment>
         <input_file_ref idref="fl-15"/>
      </object_component>
      <object_component id="oc-7e">
         <name>.text.addToList</name>
         <load_address>0x1002d8c</load_address>
         <readonly>true</readonly>
         <executable>true</executable>
         <run_address>0x1002d8c</run_address>
         <size>0x44</size>
         <alignment>0x4</alignment>
         <input_file_ref idref="fl-1f"/>
      </object_component>
      <object_component id="oc-210">
         <name>.text.getPeriodCounts</name>
         <load_address>0x1002dd0</load_address>
         <readonly>true</readonly>
         <executable>true</executable>
         <run_address>0x1002dd0</run_address>
         <size>0x44</size>
         <alignment>0x4</alignment>
         <input_file_ref idref="fl-18"/>
      </object_component>
      <object_component id="oc-119">
         <name>.text.PinModeSet</name>
         <load_address>0x1002e14</load_address>
         <readonly>true</readonly>
         <executable>true</executable>
         <run_address>0x1002e14</run_address>
         <size>0x42</size>
         <alignment>0x2</alignment>
         <input_file_ref idref="fl-28"/>
      </object_component>
      <object_component id="oc-239">
         <name>.text.TimerControlLevel</name>
         <load_address>0x1002e56</load_address>
         <readonly>true</readonly>
         <executable>true</executable>
         <run_address>0x1002e56</run_address>
         <size>0x42</size>
         <alignment>0x2</alignment>
         <input_file_ref idref="fl-2c"/>
      </object_component>
      <object_component id="oc-19e">
         <name>.text.getCountsRTC</name>
         <load_address>0x1002e98</load_address>
         <readonly>true</readonly>
         <executable>true</executable>
         <run_address>0x1002e98</run_address>
         <size>0x42</size>
         <alignment>0x2</alignment>
         <input_file_ref idref="fl-21"/>
      </object_component>
      <object_component id="oc-16b">
         <name>.text.clkFxn</name>
         <load_address>0x1002eda</load_address>
         <readonly>true</readonly>
         <executable>true</executable>
         <run_address>0x1002eda</run_address>
         <size>0x2</size>
         <alignment>0x2</alignment>
         <input_file_ref idref="fl-1e"/>
      </object_component>
      <object_component id="oc-f3">
         <name>.text.PWM_open</name>
         <load_address>0x1002edc</load_address>
         <readonly>true</readonly>
         <executable>true</executable>
         <run_address>0x1002edc</run_address>
         <size>0x40</size>
         <alignment>0x4</alignment>
         <input_file_ref idref="fl-17"/>
      </object_component>
      <object_component id="oc-12e">
         <name>.text.SemaphoreP_post</name>
         <load_address>0x1002f1c</load_address>
         <readonly>true</readonly>
         <executable>true</executable>
         <run_address>0x1002f1c</run_address>
         <size>0x40</size>
         <alignment>0x4</alignment>
         <input_file_ref idref="fl-1e"/>
      </object_component>
      <object_component id="oc-227">
         <name>.text.PinDirModeSet</name>
         <load_address>0x1002f5c</load_address>
         <readonly>true</readonly>
         <executable>true</executable>
         <run_address>0x1002f5c</run_address>
         <size>0x3e</size>
         <alignment>0x2</alignment>
         <input_file_ref idref="fl-28"/>
      </object_component>
      <object_component id="oc-57">
         <name>.text.defaultHandler</name>
         <load_address>0x1002f9a</load_address>
         <readonly>true</readonly>
         <executable>true</executable>
         <run_address>0x1002f9a</run_address>
         <size>0x2</size>
         <alignment>0x2</alignment>
         <input_file_ref idref="fl-22"/>
      </object_component>
      <object_component id="oc-1b6">
         <name>.text.ClockP_stop</name>
         <load_address>0x1002f9c</load_address>
         <readonly>true</readonly>
         <executable>true</executable>
         <run_address>0x1002f9c</run_address>
         <size>0x3c</size>
         <alignment>0x4</alignment>
         <input_file_ref idref="fl-1f"/>
      </object_component>
      <object_component id="oc-21c">
         <name>.text.PinTypeGPIO</name>
         <load_address>0x1002fd8</load_address>
         <readonly>true</readonly>
         <executable>true</executable>
         <run_address>0x1002fd8</run_address>
         <size>0x3c</size>
         <alignment>0x2</alignment>
         <input_file_ref idref="fl-28"/>
      </object_component>
      <object_component id="oc-16a">
         <name>.text.ClockP_destruct</name>
         <load_address>0x1003014</load_address>
         <readonly>true</readonly>
         <executable>true</executable>
         <run_address>0x1003014</run_address>
         <size>0x38</size>
         <alignment>0x4</alignment>
         <input_file_ref idref="fl-1f"/>
      </object_component>
      <object_component id="oc-219">
         <name>.text.Power_setConstraint</name>
         <load_address>0x100304c</load_address>
         <readonly>true</readonly>
         <executable>true</executable>
         <run_address>0x100304c</run_address>
         <size>0x38</size>
         <alignment>0x4</alignment>
         <input_file_ref idref="fl-15"/>
      </object_component>
      <object_component id="oc-1af">
         <name>.text.SwiP_restore</name>
         <load_address>0x1003084</load_address>
         <readonly>true</readonly>
         <executable>true</executable>
         <run_address>0x1003084</run_address>
         <size>0x38</size>
         <alignment>0x4</alignment>
         <input_file_ref idref="fl-23"/>
      </object_component>
      <object_component id="oc-be">
         <name>.text:__TI_auto_init_nobinit_nopinit</name>
         <load_address>0x10030bc</load_address>
         <readonly>true</readonly>
         <executable>true</executable>
         <run_address>0x10030bc</run_address>
         <size>0x38</size>
         <alignment>0x4</alignment>
         <input_file_ref idref="fl-3e"/>
      </object_component>
      <object_component id="oc-1e4">
         <name>.text.PinLock</name>
         <load_address>0x10030f4</load_address>
         <readonly>true</readonly>
         <executable>true</executable>
         <run_address>0x10030f4</run_address>
         <size>0x36</size>
         <alignment>0x2</alignment>
         <input_file_ref idref="fl-28"/>
      </object_component>
      <object_component id="oc-56">
         <name>.text.faultISR</name>
         <load_address>0x100312a</load_address>
         <readonly>true</readonly>
         <executable>true</executable>
         <run_address>0x100312a</run_address>
         <size>0x2</size>
         <alignment>0x2</alignment>
         <input_file_ref idref="fl-22"/>
      </object_component>
      <object_component id="oc-167">
         <name>.text.ClockP_start</name>
         <load_address>0x100312c</load_address>
         <readonly>true</readonly>
         <executable>true</executable>
         <run_address>0x100312c</run_address>
         <size>0x34</size>
         <alignment>0x4</alignment>
         <input_file_ref idref="fl-1f"/>
      </object_component>
      <object_component id="oc-140">
         <name>.text.ClockP_usleep</name>
         <load_address>0x1003160</load_address>
         <readonly>true</readonly>
         <executable>true</executable>
         <run_address>0x1003160</run_address>
         <size>0x34</size>
         <alignment>0x4</alignment>
         <input_file_ref idref="fl-1f"/>
      </object_component>
      <object_component id="oc-226">
         <name>.text.PinDirModeGet</name>
         <load_address>0x1003194</load_address>
         <readonly>true</readonly>
         <executable>true</executable>
         <run_address>0x1003194</run_address>
         <size>0x34</size>
         <alignment>0x2</alignment>
         <input_file_ref idref="fl-28"/>
      </object_component>
      <object_component id="oc-114">
         <name>.text.PinModeGet</name>
         <load_address>0x10031c8</load_address>
         <readonly>true</readonly>
         <executable>true</executable>
         <run_address>0x10031c8</run_address>
         <size>0x34</size>
         <alignment>0x2</alignment>
         <input_file_ref idref="fl-28"/>
      </object_component>
      <object_component id="oc-1e1">
         <name>.text.PowerCC32XX_parkPin</name>
         <load_address>0x10031fc</load_address>
         <readonly>true</readonly>
         <executable>true</executable>
         <run_address>0x10031fc</run_address>
         <size>0x34</size>
         <alignment>0x2</alignment>
         <input_file_ref idref="fl-15"/>
      </object_component>
      <object_component id="oc-1fb">
         <name>.text.TimerCC32XX_freeTimerResource</name>
         <load_address>0x1003230</load_address>
         <readonly>true</readonly>
         <executable>true</executable>
         <run_address>0x1003230</run_address>
         <size>0x34</size>
         <alignment>0x4</alignment>
         <input_file_ref idref="fl-19"/>
      </object_component>
      <object_component id="oc-50">
         <name>.text.initVectors</name>
         <load_address>0x1003264</load_address>
         <readonly>true</readonly>
         <executable>true</executable>
         <run_address>0x1003264</run_address>
         <size>0x34</size>
         <alignment>0x4</alignment>
         <input_file_ref idref="fl-22"/>
      </object_component>
      <object_component id="oc-19b">
         <name>.text.ClockP_getTicksUntilInterrupt</name>
         <load_address>0x1003298</load_address>
         <readonly>true</readonly>
         <executable>true</executable>
         <run_address>0x1003298</run_address>
         <size>0x30</size>
         <alignment>0x4</alignment>
         <input_file_ref idref="fl-1f"/>
      </object_component>
      <object_component id="oc-1a8">
         <name>.text.PRCMLPDSIntervalSet</name>
         <load_address>0x10032c8</load_address>
         <readonly>true</readonly>
         <executable>true</executable>
         <run_address>0x10032c8</run_address>
         <size>0x30</size>
         <alignment>0x2</alignment>
         <input_file_ref idref="fl-29"/>
      </object_component>
      <object_component id="oc-1d7">
         <name>.text.PRCMSlowClkCtrFastGet</name>
         <load_address>0x10032f8</load_address>
         <readonly>true</readonly>
         <executable>true</executable>
         <run_address>0x10032f8</run_address>
         <size>0x30</size>
         <alignment>0x2</alignment>
         <input_file_ref idref="fl-29"/>
      </object_component>
      <object_component id="oc-212">
         <name>.text.TimerLoadSet</name>
         <load_address>0x1003328</load_address>
         <readonly>true</readonly>
         <executable>true</executable>
         <run_address>0x1003328</run_address>
         <size>0x30</size>
         <alignment>0x2</alignment>
         <input_file_ref idref="fl-2c"/>
      </object_component>
      <object_component id="oc-20e">
         <name>.text.TimerMatchSet</name>
         <load_address>0x1003358</load_address>
         <readonly>true</readonly>
         <executable>true</executable>
         <run_address>0x1003358</run_address>
         <size>0x30</size>
         <alignment>0x2</alignment>
         <input_file_ref idref="fl-2c"/>
      </object_component>
      <object_component id="oc-209">
         <name>.text.TimerPrescaleMatchSet</name>
         <load_address>0x1003388</load_address>
         <readonly>true</readonly>
         <executable>true</executable>
         <run_address>0x1003388</run_address>
         <size>0x30</size>
         <alignment>0x2</alignment>
         <input_file_ref idref="fl-2c"/>
      </object_component>
      <object_component id="oc-211">
         <name>.text.TimerPrescaleSet</name>
         <load_address>0x10033b8</load_address>
         <readonly>true</readonly>
         <executable>true</executable>
         <run_address>0x10033b8</run_address>
         <size>0x30</size>
         <alignment>0x2</alignment>
         <input_file_ref idref="fl-2c"/>
      </object_component>
      <object_component id="oc-1df">
         <name>.text.notify</name>
         <load_address>0x10033e8</load_address>
         <readonly>true</readonly>
         <executable>true</executable>
         <run_address>0x10033e8</run_address>
         <size>0x30</size>
         <alignment>0x4</alignment>
         <input_file_ref idref="fl-15"/>
      </object_component>
      <object_component id="oc-1bf">
         <name>.text.GPIOIntStatus</name>
         <load_address>0x1003418</load_address>
         <readonly>true</readonly>
         <executable>true</executable>
         <run_address>0x1003418</run_address>
         <size>0x2e</size>
         <alignment>0x2</alignment>
         <input_file_ref idref="fl-25"/>
      </object_component>
      <object_component id="oc-16f">
         <name>.text.HwiP_create</name>
         <load_address>0x1003446</load_address>
         <readonly>true</readonly>
         <executable>true</executable>
         <run_address>0x1003446</run_address>
         <size>0x2a</size>
         <alignment>0x2</alignment>
         <input_file_ref idref="fl-20"/>
      </object_component>
      <object_component id="oc-154">
         <name>.text.PRCMLPDSWakeUpGPIOSelect</name>
         <load_address>0x1003470</load_address>
         <readonly>true</readonly>
         <executable>true</executable>
         <run_address>0x1003470</run_address>
         <size>0x2a</size>
         <alignment>0x2</alignment>
         <input_file_ref idref="fl-29"/>
      </object_component>
      <object_component id="oc-113">
         <name>.text.PRCMPeripheralClkDisable</name>
         <load_address>0x100349a</load_address>
         <readonly>true</readonly>
         <executable>true</executable>
         <run_address>0x100349a</run_address>
         <size>0x2a</size>
         <alignment>0x2</alignment>
         <input_file_ref idref="fl-29"/>
      </object_component>
      <object_component id="oc-238">
         <name>.text.List_remove</name>
         <load_address>0x10034c4</load_address>
         <readonly>true</readonly>
         <executable>true</executable>
         <run_address>0x10034c4</run_address>
         <size>0x28</size>
         <alignment>0x2</alignment>
         <input_file_ref idref="fl-1a"/>
      </object_component>
      <object_component id="oc-1e0">
         <name>.text.PRCMSRAMRetentionEnable</name>
         <load_address>0x10034ec</load_address>
         <readonly>true</readonly>
         <executable>true</executable>
         <run_address>0x10034ec</run_address>
         <size>0x28</size>
         <alignment>0x2</alignment>
         <input_file_ref idref="fl-29"/>
      </object_component>
      <object_component id="oc-1b5">
         <name>.text.free_list_insert</name>
         <load_address>0x1003514</load_address>
         <readonly>true</readonly>
         <executable>true</executable>
         <run_address>0x1003514</run_address>
         <size>0x28</size>
         <alignment>0x4</alignment>
         <input_file_ref idref="fl-3b"/>
      </object_component>
      <object_component id="oc-18f">
         <name>.text.sleepTicks</name>
         <load_address>0x100353c</load_address>
         <readonly>true</readonly>
         <executable>true</executable>
         <run_address>0x100353c</run_address>
         <size>0x28</size>
         <alignment>0x2</alignment>
         <input_file_ref idref="fl-1f"/>
      </object_component>
      <object_component id="oc-17c">
         <name>.text.List_put</name>
         <load_address>0x1003564</load_address>
         <readonly>true</readonly>
         <executable>true</executable>
         <run_address>0x1003564</run_address>
         <size>0x24</size>
         <alignment>0x2</alignment>
         <input_file_ref idref="fl-1a"/>
      </object_component>
      <object_component id="oc-152">
         <name>.text.PRCMLPDSWakeupSourceEnable</name>
         <load_address>0x1003588</load_address>
         <readonly>true</readonly>
         <executable>true</executable>
         <run_address>0x1003588</run_address>
         <size>0x24</size>
         <alignment>0x2</alignment>
         <input_file_ref idref="fl-29"/>
      </object_component>
      <object_component id="oc-1eb">
         <name>.text.PowerCC32XX_restoreParkedPin</name>
         <load_address>0x10035ac</load_address>
         <readonly>true</readonly>
         <executable>true</executable>
         <run_address>0x10035ac</run_address>
         <size>0x24</size>
         <alignment>0x2</alignment>
         <input_file_ref idref="fl-15"/>
      </object_component>
      <object_component id="oc-12d">
         <name>.text.Power_registerNotify</name>
         <load_address>0x10035d0</load_address>
         <readonly>true</readonly>
         <executable>true</executable>
         <run_address>0x10035d0</run_address>
         <size>0x24</size>
         <alignment>0x4</alignment>
         <input_file_ref idref="fl-15"/>
      </object_component>
      <object_component id="oc-77">
         <name>.text:_c_int00_noargs</name>
         <load_address>0x10035f4</load_address>
         <readonly>true</readonly>
         <executable>true</executable>
         <run_address>0x10035f4</run_address>
         <size>0x24</size>
         <alignment>0x4</alignment>
         <input_file_ref idref="fl-3c"/>
      </object_component>
      <object_component id="oc-175">
         <name>.text.GPIOPinWrite</name>
         <load_address>0x1003618</load_address>
         <readonly>true</readonly>
         <executable>true</executable>
         <run_address>0x1003618</run_address>
         <size>0x22</size>
         <alignment>0x2</alignment>
         <input_file_ref idref="fl-25"/>
      </object_component>
      <object_component id="oc-1ea">
         <name>.text.PinUnlock</name>
         <load_address>0x100363a</load_address>
         <readonly>true</readonly>
         <executable>true</executable>
         <run_address>0x100363a</run_address>
         <size>0x22</size>
         <alignment>0x2</alignment>
         <input_file_ref idref="fl-28"/>
      </object_component>
      <object_component id="oc-1f5">
         <name>.text.IntRegister</name>
         <load_address>0x100365c</load_address>
         <readonly>true</readonly>
         <executable>true</executable>
         <run_address>0x100365c</run_address>
         <size>0x20</size>
         <alignment>0x2</alignment>
         <input_file_ref idref="fl-27"/>
      </object_component>
      <object_component id="oc-203">
         <name>.text.Power_unregisterNotify</name>
         <load_address>0x100367c</load_address>
         <readonly>true</readonly>
         <executable>true</executable>
         <run_address>0x100367c</run_address>
         <size>0x20</size>
         <alignment>0x4</alignment>
         <input_file_ref idref="fl-15"/>
      </object_component>
      <object_component id="oc-122">
         <name>.text.SemaphoreP_createBinary</name>
         <load_address>0x100369c</load_address>
         <readonly>true</readonly>
         <executable>true</executable>
         <run_address>0x100369c</run_address>
         <size>0x20</size>
         <alignment>0x4</alignment>
         <input_file_ref idref="fl-1e"/>
      </object_component>
      <object_component id="oc-213">
         <name>.text.TimerDisable</name>
         <load_address>0x10036bc</load_address>
         <readonly>true</readonly>
         <executable>true</executable>
         <run_address>0x10036bc</run_address>
         <size>0x20</size>
         <alignment>0x2</alignment>
         <input_file_ref idref="fl-2c"/>
      </object_component>
      <object_component id="oc-21a">
         <name>.text.PinTypeTimer</name>
         <load_address>0x10036dc</load_address>
         <readonly>true</readonly>
         <executable>true</executable>
         <run_address>0x10036dc</run_address>
         <size>0x1e</size>
         <alignment>0x2</alignment>
         <input_file_ref idref="fl-28"/>
      </object_component>
      <object_component id="oc-55">
         <name>.text.nmiISR</name>
         <load_address>0x10036fa</load_address>
         <readonly>true</readonly>
         <executable>true</executable>
         <run_address>0x10036fa</run_address>
         <size>0x2</size>
         <alignment>0x2</alignment>
         <input_file_ref idref="fl-22"/>
      </object_component>
      <object_component id="oc-1f9">
         <name>.text.HwiP_dispatch</name>
         <load_address>0x10036fc</load_address>
         <readonly>true</readonly>
         <executable>true</executable>
         <run_address>0x10036fc</run_address>
         <size>0x1c</size>
         <alignment>0x4</alignment>
         <input_file_ref idref="fl-20"/>
      </object_component>
      <object_component id="oc-194">
         <name>.text.SwiP_disable</name>
         <load_address>0x1003718</load_address>
         <readonly>true</readonly>
         <executable>true</executable>
         <run_address>0x1003718</run_address>
         <size>0x1c</size>
         <alignment>0x4</alignment>
         <input_file_ref idref="fl-23"/>
      </object_component>
      <object_component id="oc-1b4">
         <name>.text.free_list_remove</name>
         <load_address>0x1003734</load_address>
         <readonly>true</readonly>
         <executable>true</executable>
         <run_address>0x1003734</run_address>
         <size>0x1c</size>
         <alignment>0x4</alignment>
         <input_file_ref idref="fl-3b"/>
      </object_component>
      <object_component id="oc-234">
         <name>.text.getPowerMgrId</name>
         <load_address>0x1003750</load_address>
         <readonly>true</readonly>
         <executable>true</executable>
         <run_address>0x1003750</run_address>
         <size>0x1c</size>
         <alignment>0x4</alignment>
         <input_file_ref idref="fl-19"/>
      </object_component>
      <object_component id="oc-22">
         <name>.text.resetISR</name>
         <load_address>0x100376c</load_address>
         <readonly>true</readonly>
         <executable>true</executable>
         <run_address>0x100376c</run_address>
         <size>0x1c</size>
         <alignment>0x2</alignment>
         <input_file_ref idref="fl-22"/>
      </object_component>
      <object_component id="oc-1fa">
         <name>.text.GPIOIntDisable</name>
         <load_address>0x1003788</load_address>
         <readonly>true</readonly>
         <executable>true</executable>
         <run_address>0x1003788</run_address>
         <size>0x1a</size>
         <alignment>0x2</alignment>
         <input_file_ref idref="fl-25"/>
      </object_component>
      <object_component id="oc-110">
         <name>.text.PRCMHIBRegRead</name>
         <load_address>0x10037a2</load_address>
         <readonly>true</readonly>
         <executable>true</executable>
         <run_address>0x10037a2</run_address>
         <size>0x1a</size>
         <alignment>0x2</alignment>
         <input_file_ref idref="fl-29"/>
      </object_component>
      <object_component id="oc-10f">
         <name>.text.PRCMHIBRegWrite</name>
         <load_address>0x10037bc</load_address>
         <readonly>true</readonly>
         <executable>true</executable>
         <run_address>0x10037bc</run_address>
         <size>0x1a</size>
         <alignment>0x2</alignment>
         <input_file_ref idref="fl-29"/>
      </object_component>
      <object_component id="oc-153">
         <name>.text.PRCMLPDSWakeupSourceDisable</name>
         <load_address>0x10037d6</load_address>
         <readonly>true</readonly>
         <executable>true</executable>
         <run_address>0x10037d6</run_address>
         <size>0x1a</size>
         <alignment>0x2</alignment>
         <input_file_ref idref="fl-29"/>
      </object_component>
      <object_component id="oc-1e3">
         <name>.text.PinToPadGet</name>
         <load_address>0x10037f0</load_address>
         <readonly>true</readonly>
         <executable>true</executable>
         <run_address>0x10037f0</run_address>
         <size>0x1a</size>
         <alignment>0x2</alignment>
         <input_file_ref idref="fl-28"/>
      </object_component>
      <object_component id="oc-218">
         <name>.text.TimerEnable</name>
         <load_address>0x100380a</load_address>
         <readonly>true</readonly>
         <executable>true</executable>
         <run_address>0x100380a</run_address>
         <size>0x1a</size>
         <alignment>0x2</alignment>
         <input_file_ref idref="fl-2c"/>
      </object_component>
      <object_component id="oc-1be">
         <name>.text.GPIOIntEnable</name>
         <load_address>0x1003824</load_address>
         <readonly>true</readonly>
         <executable>true</executable>
         <run_address>0x1003824</run_address>
         <size>0x18</size>
         <alignment>0x2</alignment>
         <input_file_ref idref="fl-25"/>
      </object_component>
      <object_component id="oc-160">
         <name>.text.SemaphoreP_create</name>
         <load_address>0x100383c</load_address>
         <readonly>true</readonly>
         <executable>true</executable>
         <run_address>0x100383c</run_address>
         <size>0x18</size>
         <alignment>0x2</alignment>
         <input_file_ref idref="fl-1e"/>
      </object_component>
      <object_component id="oc-a7">
         <name>.text.Board_init</name>
         <load_address>0x1003854</load_address>
         <readonly>true</readonly>
         <executable>true</executable>
         <run_address>0x1003854</run_address>
         <size>0x16</size>
         <alignment>0x2</alignment>
         <input_file_ref idref="fl-3"/>
      </object_component>
      <object_component id="oc-1ab">
         <name>.text.SysTickPeriodSet</name>
         <load_address>0x100386a</load_address>
         <readonly>true</readonly>
         <executable>true</executable>
         <run_address>0x100386a</run_address>
         <size>0x16</size>
         <alignment>0x2</alignment>
         <input_file_ref idref="fl-2b"/>
      </object_component>
      <object_component id="oc-6d">
         <name>.text.CPUcpsid</name>
         <load_address>0x1003880</load_address>
         <readonly>true</readonly>
         <executable>true</executable>
         <run_address>0x1003880</run_address>
         <size>0x14</size>
         <alignment>0x2</alignment>
         <input_file_ref idref="fl-24"/>
      </object_component>
      <object_component id="oc-188">
         <name>.text.CPUcpsie</name>
         <load_address>0x1003894</load_address>
         <readonly>true</readonly>
         <executable>true</executable>
         <run_address>0x1003894</run_address>
         <size>0x14</size>
         <alignment>0x2</alignment>
         <input_file_ref idref="fl-24"/>
      </object_component>
      <object_component id="oc-74">
         <name>.text.IntVTableBaseSet</name>
         <load_address>0x10038a8</load_address>
         <readonly>true</readonly>
         <executable>true</executable>
         <run_address>0x10038a8</run_address>
         <size>0x14</size>
         <alignment>0x2</alignment>
         <input_file_ref idref="fl-27"/>
      </object_component>
      <object_component id="oc-183">
         <name>.text.Power_disablePolicy</name>
         <load_address>0x10038bc</load_address>
         <readonly>true</readonly>
         <executable>true</executable>
         <run_address>0x10038bc</run_address>
         <size>0x14</size>
         <alignment>0x4</alignment>
         <input_file_ref idref="fl-15"/>
      </object_component>
      <object_component id="oc-19c">
         <name>.text.Power_getTransitionLatency</name>
         <load_address>0x10038d0</load_address>
         <readonly>true</readonly>
         <executable>true</executable>
         <run_address>0x10038d0</run_address>
         <size>0x14</size>
         <alignment>0x4</alignment>
         <input_file_ref idref="fl-15"/>
      </object_component>
      <object_component id="oc-1b3">
         <name>.text.Power_idleFunc</name>
         <load_address>0x10038e4</load_address>
         <readonly>true</readonly>
         <executable>true</executable>
         <run_address>0x10038e4</run_address>
         <size>0x14</size>
         <alignment>0x4</alignment>
         <input_file_ref idref="fl-15"/>
      </object_component>
      <object_component id="oc-19f">
         <name>.text.__aeabi_uldivmod</name>
         <load_address>0x10038f8</load_address>
         <readonly>true</readonly>
         <executable>true</executable>
         <run_address>0x10038f8</run_address>
         <size>0x14</size>
         <alignment>0x4</alignment>
         <input_file_ref idref="fl-ac"/>
      </object_component>
      <object_component id="oc-166">
         <name>.text.ClockP_add</name>
         <load_address>0x100390c</load_address>
         <readonly>true</readonly>
         <executable>true</executable>
         <run_address>0x100390c</run_address>
         <size>0x12</size>
         <alignment>0x2</alignment>
         <input_file_ref idref="fl-1f"/>
      </object_component>
      <object_component id="oc-1bd">
         <name>.text.GPIOIntClear</name>
         <load_address>0x100391e</load_address>
         <readonly>true</readonly>
         <executable>true</executable>
         <run_address>0x100391e</run_address>
         <size>0x12</size>
         <alignment>0x2</alignment>
         <input_file_ref idref="fl-25"/>
      </object_component>
      <object_component id="oc-16e">
         <name>.text.HwiP_Params_init</name>
         <load_address>0x1003930</load_address>
         <readonly>true</readonly>
         <executable>true</executable>
         <run_address>0x1003930</run_address>
         <size>0x12</size>
         <alignment>0x2</alignment>
         <input_file_ref idref="fl-20"/>
      </object_component>
      <object_component id="oc-214">
         <name>.text.OUTLINED_FUNCTION_0</name>
         <load_address>0x1003942</load_address>
         <readonly>true</readonly>
         <executable>true</executable>
         <run_address>0x1003942</run_address>
         <size>0x12</size>
         <alignment>0x2</alignment>
         <input_file_ref idref="fl-18"/>
      </object_component>
      <object_component id="oc-1ac">
         <name>.text.SysTickEnable</name>
         <load_address>0x1003954</load_address>
         <readonly>true</readonly>
         <executable>true</executable>
         <run_address>0x1003954</run_address>
         <size>0x12</size>
         <alignment>0x2</alignment>
         <input_file_ref idref="fl-2b"/>
      </object_component>
      <object_component id="oc-1a3">
         <name>.text.SysTickIntDisable</name>
         <load_address>0x1003966</load_address>
         <readonly>true</readonly>
         <executable>true</executable>
         <run_address>0x1003966</run_address>
         <size>0x12</size>
         <alignment>0x2</alignment>
         <input_file_ref idref="fl-2b"/>
      </object_component>
      <object_component id="oc-1ad">
         <name>.text.SysTickIntEnable</name>
         <load_address>0x1003978</load_address>
         <readonly>true</readonly>
         <executable>true</executable>
         <run_address>0x1003978</run_address>
         <size>0x12</size>
         <alignment>0x2</alignment>
         <input_file_ref idref="fl-2b"/>
      </object_component>
      <object_component id="oc-207">
         <name>.text.postNotifyFxn</name>
         <load_address>0x100398a</load_address>
         <readonly>true</readonly>
         <executable>true</executable>
         <run_address>0x100398a</run_address>
         <size>0x12</size>
         <alignment>0x2</alignment>
         <input_file_ref idref="fl-18"/>
      </object_component>
      <object_component id="oc-82">
         <name>.text:TI_memcpy_small</name>
         <load_address>0x100399c</load_address>
         <readonly>true</readonly>
         <executable>true</executable>
         <run_address>0x100399c</run_address>
         <size>0x12</size>
         <alignment>0x1</alignment>
         <input_file_ref idref="fl-af"/>
      </object_component>
      <object_component id="oc-44">
         <name>.text:decompress:ZI:__TI_zero_init_nomemset</name>
         <load_address>0x10039ae</load_address>
         <readonly>true</readonly>
         <executable>true</executable>
         <run_address>0x10039ae</run_address>
         <size>0x12</size>
         <alignment>0x2</alignment>
         <input_file_ref idref="fl-41"/>
      </object_component>
      <object_component id="oc-193">
         <name>.text.ClockP_getCpuFreq</name>
         <load_address>0x10039c0</load_address>
         <readonly>true</readonly>
         <executable>true</executable>
         <run_address>0x10039c0</run_address>
         <size>0x10</size>
         <alignment>0x4</alignment>
         <input_file_ref idref="fl-1f"/>
      </object_component>
      <object_component id="oc-19d">
         <name>.text.ClockP_getSystemTicks</name>
         <load_address>0x10039d0</load_address>
         <readonly>true</readonly>
         <executable>true</executable>
         <run_address>0x10039d0</run_address>
         <size>0x10</size>
         <alignment>0x4</alignment>
         <input_file_ref idref="fl-1f"/>
      </object_component>
      <object_component id="oc-1aa">
         <name>.text.ClockP_setTicks</name>
         <load_address>0x10039e0</load_address>
         <readonly>true</readonly>
         <executable>true</executable>
         <run_address>0x10039e0</run_address>
         <size>0x10</size>
         <alignment>0x4</alignment>
         <input_file_ref idref="fl-1f"/>
      </object_component>
      <object_component id="oc-182">
         <name>.text.HwiP_inISR</name>
         <load_address>0x10039f0</load_address>
         <readonly>true</readonly>
         <executable>true</executable>
         <run_address>0x10039f0</run_address>
         <size>0x10</size>
         <alignment>0x4</alignment>
         <input_file_ref idref="fl-20"/>
      </object_component>
      <object_component id="oc-f2">
         <name>.text.PWM_Params_init</name>
         <load_address>0x1003a00</load_address>
         <readonly>true</readonly>
         <executable>true</executable>
         <run_address>0x1003a00</run_address>
         <size>0x10</size>
         <alignment>0x4</alignment>
         <input_file_ref idref="fl-17"/>
      </object_component>
      <object_component id="oc-169">
         <name>.text.Power_enablePolicy</name>
         <load_address>0x1003a10</load_address>
         <readonly>true</readonly>
         <executable>true</executable>
         <run_address>0x1003a10</run_address>
         <size>0x10</size>
         <alignment>0x4</alignment>
         <input_file_ref idref="fl-15"/>
      </object_component>
      <object_component id="oc-90">
         <name>.text.main</name>
         <load_address>0x1003a20</load_address>
         <readonly>true</readonly>
         <executable>true</executable>
         <run_address>0x1003a20</run_address>
         <size>0x10</size>
         <alignment>0x2</alignment>
         <input_file_ref idref="fl-1"/>
      </object_component>
      <object_component id="oc-217">
         <name>.text.OUTLINED_FUNCTION_1</name>
         <load_address>0x1003a30</load_address>
         <readonly>true</readonly>
         <executable>true</executable>
         <run_address>0x1003a30</run_address>
         <size>0xe</size>
         <alignment>0x2</alignment>
         <input_file_ref idref="fl-18"/>
      </object_component>
      <object_component id="oc-216">
         <name>.text.OUTLINED_FUNCTION_2</name>
         <load_address>0x1003a3e</load_address>
         <readonly>true</readonly>
         <executable>true</executable>
         <run_address>0x1003a3e</run_address>
         <size>0xe</size>
         <alignment>0x2</alignment>
         <input_file_ref idref="fl-18"/>
      </object_component>
      <object_component id="oc-215">
         <name>.text.OUTLINED_FUNCTION_3</name>
         <load_address>0x1003a4c</load_address>
         <readonly>true</readonly>
         <executable>true</executable>
         <run_address>0x1003a4c</run_address>
         <size>0xe</size>
         <alignment>0x2</alignment>
         <input_file_ref idref="fl-18"/>
      </object_component>
      <object_component id="oc-1d">
         <name>.text:decompress:none</name>
         <load_address>0x1003a5a</load_address>
         <readonly>true</readonly>
         <executable>true</executable>
         <run_address>0x1003a5a</run_address>
         <size>0xe</size>
         <alignment>0x2</alignment>
         <input_file_ref idref="fl-42"/>
      </object_component>
      <object_component id="oc-1ec">
         <name>.text.PRCMLPDSWakeupCauseGet</name>
         <load_address>0x1003a68</load_address>
         <readonly>true</readonly>
         <executable>true</executable>
         <run_address>0x1003a68</run_address>
         <size>0xc</size>
         <alignment>0x2</alignment>
         <input_file_ref idref="fl-29"/>
      </object_component>
      <object_component id="oc-19a">
         <name>.text.Power_getConstraintMask</name>
         <load_address>0x1003a74</load_address>
         <readonly>true</readonly>
         <executable>true</executable>
         <run_address>0x1003a74</run_address>
         <size>0xc</size>
         <alignment>0x4</alignment>
         <input_file_ref idref="fl-15"/>
      </object_component>
      <object_component id="oc-1d2">
         <name>.text.SysTickValueGet</name>
         <load_address>0x1003a80</load_address>
         <readonly>true</readonly>
         <executable>true</executable>
         <run_address>0x1003a80</run_address>
         <size>0xc</size>
         <alignment>0x2</alignment>
         <input_file_ref idref="fl-2b"/>
      </object_component>
      <object_component id="oc-168">
         <name>.text.ClockP_isActive</name>
         <load_address>0x1003a8c</load_address>
         <readonly>true</readonly>
         <executable>true</executable>
         <run_address>0x1003a8c</run_address>
[...]
         <object_component_ref idref="oc-1b6"/>
      </symbol>
      <symbol id="sm-1f6">
         <name>ClockP_destruct</name>
         <value>0x1003015</value>
         <object_component_ref idref="oc-16a"/>
      </symbol>
      <symbol id="sm-1f7">
         <name>ClockP_doTick</name>
         <value>0x1003ae5</value>
         <object_component_ref idref="oc-1b0"/>
      </symbol>
      <symbol id="sm-1f8">
         <name>ClockP_getCpuFreq</name>
         <value>0x10039c1</value>
         <object_component_ref idref="oc-193"/>
      </symbol>
      <symbol id="sm-1f9">
         <name>ClockP_getSystemTicks</name>
         <value>0x10039d1</value>
         <object_component_ref idref="oc-19d"/>
      </symbol>
      <symbol id="sm-1fa">
         <name>ClockP_getTicksUntilInterrupt</name>
         <value>0x1003299</value>
         <object_component_ref idref="oc-19b"/>
      </symbol>
      <symbol id="sm-1fb">
         <name>ClockP_isActive</name>
         <value>0x1003a8d</value>
         <object_component_ref idref="oc-168"/>
      </symbol>
      <symbol id="sm-1fc">
         <name>ClockP_setTicks</name>
         <value>0x10039e1</value>
         <object_component_ref idref="oc-1aa"/>
      </symbol>
      <symbol id="sm-1fd">
         <name>ClockP_usleep</name>
         <value>0x1003161</value>
         <object_component_ref idref="oc-140"/>
      </symbol>
      <symbol id="sm-1fe">
         <name>ClockP_tickPeriod</name>
         <value>0x2000897c</value>
         <object_component_ref idref="oc-190"/>
      </symbol>
      <symbol id="sm-21d">
         <name>HwiP_enable</name>
         <value>0x1003ae9</value>
         <object_component_ref idref="oc-e4"/>
      </symbol>
      <symbol id="sm-21e">
         <name>HwiP_disable</name>
         <value>0x1003aab</value>
         <object_component_ref idref="oc-128"/>
      </symbol>
      <symbol id="sm-21f">
         <name>HwiP_restore</name>
         <value>0x1003ab3</value>
         <object_component_ref idref="oc-129"/>
      </symbol>
      <symbol id="sm-220">
         <name>HwiP_dispatch</name>
         <value>0x10036fd</value>
         <object_component_ref idref="oc-1f9"/>
      </symbol>
      <symbol id="sm-221">
         <name>HwiP_construct</name>
         <value>0x1002185</value>
         <object_component_ref idref="oc-1b8"/>
      </symbol>
      <symbol id="sm-222">
         <name>HwiP_swiPIntNum</name>
         <value>0x20008980</value>
         <object_component_ref idref="oc-1f2"/>
      </symbol>
      <symbol id="sm-223">
         <name>HwiP_Params_init</name>
         <value>0x1003931</value>
         <object_component_ref idref="oc-16e"/>
      </symbol>
      <symbol id="sm-224">
         <name>HwiP_create</name>
         <value>0x1003447</value>
         <object_component_ref idref="oc-16f"/>
      </symbol>
      <symbol id="sm-225">
         <name>HwiP_post</name>
         <value>0x1003aed</value>
         <object_component_ref idref="oc-1f1"/>
      </symbol>
      <symbol id="sm-226">
         <name>HwiP_inISR</name>
         <value>0x10039f1</value>
         <object_component_ref idref="oc-182"/>
      </symbol>
      <symbol id="sm-236">
         <name>PowerCC32XX_initPolicy</name>
         <value>0x1001ef7</value>
         <object_component_ref idref="oc-158"/>
      </symbol>
      <symbol id="sm-237">
         <name>PowerCC32XX_sleepPolicy</name>
         <value>0x10010dd</value>
         <object_component_ref idref="oc-15d"/>
      </symbol>
      <symbol id="sm-254">
         <name>resetISR</name>
         <value>0x100376d</value>
         <object_component_ref idref="oc-22"/>
      </symbol>
      <symbol id="sm-255">
         <name>initVectors</name>
         <value>0x1003265</value>
         <object_component_ref idref="oc-50"/>
      </symbol>
      <symbol id="sm-26a">
         <name>SwiP_disable</name>
         <value>0x1003719</value>
         <object_component_ref idref="oc-194"/>
      </symbol>
      <symbol id="sm-26b">
         <name>SwiP_restore</name>
         <value>0x1003085</value>
         <object_component_ref idref="oc-1af"/>
      </symbol>
      <symbol id="sm-282">
         <name>CPUcpsid</name>
         <value>0x1003881</value>
         <object_component_ref idref="oc-6d"/>
      </symbol>
      <symbol id="sm-283">
         <name>CPUcpsie</name>
         <value>0x1003895</value>
         <object_component_ref idref="oc-188"/>
      </symbol>
      <symbol id="sm-284">
         <name>CPUwfi</name>
         <value>0x1001d35</value>
         <object_component_ref idref="oc-1f0"/>
      </symbol>
      <symbol id="sm-2bd">
         <name>GPIODirModeSet</name>
         <value>0x1002c37</value>
         <object_component_ref idref="oc-170"/>
      </symbol>
      <symbol id="sm-2be">
         <name>GPIOIntClear</name>
         <value>0x100391f</value>
         <object_component_ref idref="oc-1bd"/>
      </symbol>
      <symbol id="sm-2bf">
         <name>GPIOIntDisable</name>
         <value>0x1003789</value>
         <object_component_ref idref="oc-1fa"/>
      </symbol>
      <symbol id="sm-2c0">
         <name>GPIOIntEnable</name>
         <value>0x1003825</value>
         <object_component_ref idref="oc-1be"/>
      </symbol>
      <symbol id="sm-2c1">
         <name>GPIOIntStatus</name>
         <value>0x1003419</value>
         <object_component_ref idref="oc-1bf"/>
      </symbol>
      <symbol id="sm-2c2">
         <name>GPIOIntTypeSet</name>
         <value>0x10018b5</value>
         <object_component_ref idref="oc-1bb"/>
      </symbol>
      <symbol id="sm-2c3">
         <name>GPIOPinWrite</name>
         <value>0x1003619</value>
         <object_component_ref idref="oc-175"/>
      </symbol>
      <symbol id="sm-306">
         <name>IntEnable</name>
         <value>0x100173d</value>
         <object_component_ref idref="oc-1f7"/>
      </symbol>
      <symbol id="sm-307">
         <name>IntMasterDisable</name>
         <value>0x1003a97</value>
         <object_component_ref idref="oc-4b"/>
      </symbol>
      <symbol id="sm-308">
         <name>IntMasterEnable</name>
         <value>0x1003aa1</value>
         <object_component_ref idref="oc-136"/>
      </symbol>
      <symbol id="sm-309">
         <name>IntPendSet</name>
         <value>0x1001ab5</value>
         <object_component_ref idref="oc-22f"/>
      </symbol>
      <symbol id="sm-30a">
         <name>IntPrioritySet</name>
         <value>0x10026c1</value>
         <object_component_ref idref="oc-1f6"/>
      </symbol>
      <symbol id="sm-30b">
         <name>IntRegister</name>
         <value>0x100365d</value>
         <object_component_ref idref="oc-1f5"/>
      </symbol>
      <symbol id="sm-30c">
         <name>IntVTableBaseSet</name>
         <value>0x10038a9</value>
         <object_component_ref idref="oc-74"/>
      </symbol>
      <symbol id="sm-356">
         <name>PinConfigGet</name>
         <value>0x1002ad1</value>
         <object_component_ref idref="oc-225"/>
      </symbol>
      <symbol id="sm-357">
         <name>PinConfigSet</name>
         <value>0x1001b59</value>
         <object_component_ref idref="oc-16c"/>
      </symbol>
      <symbol id="sm-358">
         <name>PinDirModeGet</name>
         <value>0x1003195</value>
         <object_component_ref idref="oc-226"/>
      </symbol>
      <symbol id="sm-359">
         <name>PinDirModeSet</name>
         <value>0x1002f5d</value>
         <object_component_ref idref="oc-227"/>
      </symbol>
      <symbol id="sm-35a">
         <name>PinLock</name>
         <value>0x10030f5</value>
         <object_component_ref idref="oc-1e4"/>
      </symbol>
      <symbol id="sm-35b">
         <name>PinLockLevelSet</name>
         <value>0x10022dd</value>
         <object_component_ref idref="oc-1e2"/>
      </symbol>
      <symbol id="sm-35c">
         <name>PinModeGet</name>
         <value>0x10031c9</value>
         <object_component_ref idref="oc-114"/>
      </symbol>
      <symbol id="sm-35d">
         <name>PinModeSet</name>
         <value>0x1002e15</value>
         <object_component_ref idref="oc-119"/>
      </symbol>
      <symbol id="sm-35e">
         <name>PinToPadGet</name>
         <value>0x10037f1</value>
         <object_component_ref idref="oc-1e3"/>
      </symbol>
      <symbol id="sm-35f">
         <name>PinTypeGPIO</name>
         <value>0x1002fd9</value>
         <object_component_ref idref="oc-21c"/>
      </symbol>
      <symbol id="sm-360">
         <name>PinTypeTimer</name>
         <value>0x10036dd</value>
         <object_component_ref idref="oc-21a"/>
      </symbol>
      <symbol id="sm-361">
         <name>PinUnlock</name>
         <value>0x100363b</value>
         <object_component_ref idref="oc-1ea"/>
      </symbol>
      <symbol id="sm-413">
         <name>PRCMCC3200MCUInit</name>
         <value>0x1000841</value>
         <object_component_ref idref="oc-d1"/>
      </symbol>
      <symbol id="sm-414">
         <name>PRCMHIBRegRead</name>
         <value>0x10037a3</value>
         <object_component_ref idref="oc-110"/>
      </symbol>
      <symbol id="sm-415">
         <name>PRCMHIBRegWrite</name>
         <value>0x10037bd</value>
         <object_component_ref idref="oc-10f"/>
      </symbol>
      <symbol id="sm-416">
         <name>PRCMHibernateWakeUpGPIOSelect</name>
         <value>0x10021f9</value>
         <object_component_ref idref="oc-155"/>
      </symbol>
      <symbol id="sm-417">
         <name>PRCMHibernateWakeupSourceDisable</name>
         <value>0x1002553</value>
         <object_component_ref idref="oc-157"/>
      </symbol>
      <symbol id="sm-418">
         <name>PRCMHibernateWakeupSourceEnable</name>
         <value>0x10028c1</value>
         <object_component_ref idref="oc-156"/>
      </symbol>
      <symbol id="sm-419">
         <name>PRCMIntEnable</name>
         <value>0x1002a41</value>
         <object_component_ref idref="oc-1e9"/>
      </symbol>
      <symbol id="sm-41a">
         <name>PRCMLPDSEnter</name>
         <value>0x1002771</value>
         <object_component_ref idref="oc-1ef"/>
      </symbol>
      <symbol id="sm-41b">
         <name>PRCMLPDSEnterKeepDebugIf</name>
         <value>0x1002bf1</value>
         <object_component_ref idref="oc-1ee"/>
      </symbol>
      <symbol id="sm-41c">
         <name>PRCMLPDSIntervalSet</name>
         <value>0x10032c9</value>
         <object_component_ref idref="oc-1a8"/>
      </symbol>
      <symbol id="sm-41d">
         <name>PRCMLPDSRestoreInfoSet</name>
         <value>0x10029ad</value>
         <object_component_ref idref="oc-228"/>
      </symbol>
      <symbol id="sm-41e">
         <name>PRCMLPDSWakeUpGPIOSelect</name>
         <value>0x1003471</value>
         <object_component_ref idref="oc-154"/>
      </symbol>
      <symbol id="sm-41f">
         <name>PRCMLPDSWakeupCauseGet</name>
         <value>0x1003a69</value>
         <object_component_ref idref="oc-1ec"/>
      </symbol>
      <symbol id="sm-420">
         <name>PRCMLPDSWakeupSourceDisable</name>
         <value>0x10037d7</value>
         <object_component_ref idref="oc-153"/>
      </symbol>
      <symbol id="sm-421">
         <name>PRCMLPDSWakeupSourceEnable</name>
         <value>0x1003589</value>
         <object_component_ref idref="oc-152"/>
      </symbol>
      <symbol id="sm-422">
         <name>PRCMPeripheralClkDisable</name>
         <value>0x100349b</value>
         <object_component_ref idref="oc-113"/>
      </symbol>
      <symbol id="sm-423">
         <name>PRCMPeripheralClkEnable</name>
         <value>0x100260d</value>
         <object_component_ref idref="oc-111"/>
      </symbol>
      <symbol id="sm-424">
         <name>PRCMPeripheralReset</name>
         <value>0x100248d</value>
         <object_component_ref idref="oc-112"/>
      </symbol>
      <symbol id="sm-425">
         <name>PRCMPeripheralStatusGet</name>
         <value>0x1002a89</value>
         <object_component_ref idref="oc-1b7"/>
      </symbol>
      <symbol id="sm-426">
         <name>PRCMSRAMRetentionEnable</name>
         <value>0x10034ed</value>
         <object_component_ref idref="oc-1e0"/>
      </symbol>
      <symbol id="sm-427">
         <name>PRCMSleepEnter</name>
         <value>0x1003abb</value>
         <object_component_ref idref="oc-1ae"/>
      </symbol>
      <symbol id="sm-428">
         <name>PRCMSlowClkCtrFastGet</name>
         <value>0x10032f9</value>
         <object_component_ref idref="oc-1d7"/>
      </symbol>
      <symbol id="sm-429">
         <name>PRCMSysResetCauseGet</name>
         <value>0x1001e69</value>
         <object_component_ref idref="oc-10a"/>
      </symbol>
      <symbol id="sm-449">
         <name>SysTickEnable</name>
         <value>0x1003955</value>
         <object_component_ref idref="oc-1ac"/>
      </symbol>
      <symbol id="sm-44a">
         <name>SysTickIntDisable</name>
         <value>0x1003967</value>
         <object_component_ref idref="oc-1a3"/>
      </symbol>
      <symbol id="sm-44b">
         <name>SysTickIntEnable</name>
         <value>0x1003979</value>
         <object_component_ref idref="oc-1ad"/>
      </symbol>
      <symbol id="sm-44c">
         <name>SysTickPeriodSet</name>
         <value>0x100386b</value>
         <object_component_ref idref="oc-1ab"/>
      </symbol>
      <symbol id="sm-44d">
         <name>SysTickValueGet</name>
         <value>0x1003a81</value>
         <object_component_ref idref="oc-1d2"/>
      </symbol>
      <symbol id="sm-48a">
         <name>TimerControlLevel</name>
         <value>0x1002e57</value>
         <object_component_ref idref="oc-239"/>
      </symbol>
      <symbol id="sm-48b">
         <name>TimerDisable</name>
         <value>0x10036bd</value>
         <object_component_ref idref="oc-213"/>
      </symbol>
      <symbol id="sm-48c">
         <name>TimerEnable</name>
         <value>0x100380b</value>
         <object_component_ref idref="oc-218"/>
      </symbol>
      <symbol id="sm-48d">
         <name>TimerLoadSet</name>
         <value>0x1003329</value>
         <object_component_ref idref="oc-212"/>
      </symbol>
      <symbol id="sm-48e">
         <name>TimerMatchSet</name>
         <value>0x1003359</value>
         <object_component_ref idref="oc-20e"/>
      </symbol>
      <symbol id="sm-48f">
         <name>TimerPrescaleMatchSet</name>
         <value>0x1003389</value>
         <object_component_ref idref="oc-209"/>
      </symbol>
      <symbol id="sm-490">
         <name>TimerPrescaleSet</name>
         <value>0x10033b9</value>
         <object_component_ref idref="oc-211"/>
      </symbol>
      <symbol id="sm-49b">
         <name>UtilsDelay</name>
         <value>0x1003ac3</value>
         <object_component_ref idref="oc-10b"/>
      </symbol>
      <symbol id="sm-4c8">
         <name>FlashDisable</name>
         <value>0x10024f7</value>
         <object_component_ref idref="oc-22a"/>
      </symbol>
      <symbol id="sm-4e8">
         <name>malloc</name>
         <value>0x1003acb</value>
         <object_component_ref idref="oc-1b1"/>
      </symbol>
      <symbol id="sm-4e9">
         <name>aligned_alloc</name>
         <value>0x100136d</value>
         <object_component_ref idref="oc-1f3"/>
      </symbol>
      <symbol id="sm-4ea">
         <name>free</name>
         <value>0x100148d</value>
         <object_component_ref idref="oc-164"/>
      </symbol>
      <symbol id="sm-4eb">
         <name>_sys_memory</name>
         <value>0x20000310</value>
         <object_component_ref idref="oc-32"/>
      </symbol>
      <symbol id="sm-4ec">
         <name>memalign</name>
         <value>0x100136d</value>
         <object_component_ref idref="oc-1f3"/>
      </symbol>
      <symbol id="sm-4f7">
         <name>_c_int00_noargs</name>
         <value>0x10035f5</value>
         <object_component_ref idref="oc-77"/>
      </symbol>
      <symbol id="sm-4f8">
         <name>__stack</name>
         <value>0x2003f000</value>
         <object_component_ref idref="oc-17"/>
      </symbol>
      <symbol id="sm-504">
         <name>__TI_auto_init_nobinit_nopinit</name>
         <value>0x10030bd</value>
         <object_component_ref idref="oc-be"/>
      </symbol>
      <symbol id="sm-50c">
         <name>_system_pre_init</name>
         <value>0x1003afd</value>
         <object_component_ref idref="oc-8c"/>
      </symbol>
      <symbol id="sm-517">
         <name>__TI_zero_init_nomemset</name>
         <value>0x10039af</value>
         <object_component_ref idref="oc-44"/>
      </symbol>
      <symbol id="sm-520">
         <name>__TI_decompress_none</name>
         <value>0x1003a5b</value>
         <object_component_ref idref="oc-1d"/>
      </symbol>
      <symbol id="sm-52a">
         <name>__TI_decompress_lzss</name>
         <value>0x100226d</value>
         <object_component_ref idref="oc-19"/>
      </symbol>
      <symbol id="sm-534">
         <name>abort</name>
         <value>0x1003b05</value>
         <object_component_ref idref="oc-b7"/>
      </symbol>
      <symbol id="sm-535">
         <name>C$$EXIT</name>
         <value>0x1003b04</value>
         <object_component_ref idref="oc-b7"/>
      </symbol>
      <symbol id="sm-53e">
         <name>_nop</name>
         <value>0x10027c7</value>
         <object_component_ref idref="oc-143"/>
      </symbol>
      <symbol id="sm-53f">
         <name>_lock</name>
         <value>0x20008984</value>
         <object_component_ref idref="oc-100"/>
      </symbol>
      <symbol id="sm-540">
         <name>_unlock</name>
         <value>0x20008988</value>
         <object_component_ref idref="oc-103"/>
      </symbol>
      <symbol id="sm-547">
         <name>__aeabi_memcpy</name>
         <value>0x1003af9</value>
         <object_component_ref idref="oc-3d"/>
      </symbol>
      <symbol id="sm-548">
         <name>__aeabi_memcpy4</name>
         <value>0x1003af9</value>
         <object_component_ref idref="oc-3d"/>
      </symbol>
      <symbol id="sm-549">
         <name>__aeabi_memcpy8</name>
         <value>0x1003af9</value>
         <object_component_ref idref="oc-3d"/>
      </symbol>
      <symbol id="sm-54f">
         <name>__aeabi_uldivmod</name>
         <value>0x10038f9</value>
         <object_component_ref idref="oc-19f"/>
      </symbol>
      <symbol id="sm-555">
         <name>__udivmoddi4</name>
         <value>0x1001805</value>
         <object_component_ref idref="oc-1d8"/>
      </symbol>
      <symbol id="sm-55f">
         <name>__aeabi_ldiv0</name>
         <value>0x1002667</value>
         <object_component_ref idref="oc-21e"/>
      </symbol>
      <symbol id="sm-567">
         <name>TI_memcpy_small</name>
         <value>0x100399d</value>
         <object_component_ref idref="oc-82"/>
      </symbol>
      <symbol id="sm-568">
         <name>__TI_static_base__</name>
         <value>0x1003ef8</value>
      </symbol>
      <symbol id="sm-56b">
         <name>ITM_flush</name>
         <value>0x0</value>
      </symbol>
      <symbol id="sm-56c">
         <name>ITM_restore</name>
         <value>0x0</value>
      </symbol>
      <symbol id="sm-56d">
         <name>__mpu_init</name>
         <value>0x0</value>
      </symbol>
      <symbol id="sm-56e">
         <name>_system_post_cinit</name>
         <value>0x0</value>
      </symbol>
   </symbol_table>
   <title>Link successful</title>
</link_info>
