******************************************************************************
            TI ARM Clang Linker PC v3.2.0                      
******************************************************************************
>> Linked Thu Jan 18 14:36:28 2024

OUTPUT FILE NAME:   <pwmled2_CC3220SF_LAUNCHXL_nortos_ticlang.out>
ENTRY POINT SYMBOL: "resetISR"  address: 0100376d


MEMORY CONFIGURATION

         name            origin    length      used     unused   attr    fill
----------------------  --------  ---------  --------  --------  ----  --------
  FLASH_HDR             01000000   000007ff  00000000  000007ff  R  X
  FLASH                 01000800   000ff800  000037e0  000fc020  R  X
  SRAM                  20000000   00040000  00009c25  000363db  RW X
  LOG_DATA              90000000   00040000  00000000  00040000  R   
  LOG_PTR               94000008   00040000  00000000  00040000  R   


SEGMENT ALLOCATION MAP

run origin  load origin   length   init length attrs members
----------  ----------- ---------- ----------- ----- -------
01000800    01000800    000037e0   000037e0    r-x
  01000800    01000800    00000040   00000040    r-- .resetVecs
  01000840    01000840    000032c8   000032c8    r-x .text
  01003b08    01003b08    000003f0   000003f0    r-- .rodata
  01003ef8    01003ef8    000000e8   000000e8    r-- .cinit
20000310    20000310    00008920   00000000    rw-
  20000310    20000310    00008000   00000000    rw- .sysmem
  20008310    20008310    00000681   00000000    rw- .data
  20008998    20008998    00000298   00000000    rw- .bss
2003f000    2003f000    00001000   00000000    rw-
  2003f000    2003f000    00001000   00000000    rw- .stack


SECTION ALLOCATION MAP

 output                                  attributes/
section   page    origin      length       input sections
--------  ----  ----------  ----------   ----------------
.text      0    01000840    000032c8     
                  01000840    000004b8     driverlib.a : prcm.obj (.text.PRCMCC3200MCUInit)
                  01000cf8    000003e4     drivers_cc32xx.a : PowerCC32XX.c.obj (.text.Power_sleep)
                  010010dc    00000150     nortos_cc32xx.a : PowerCC32XX_nortos.c.obj (.text.PowerCC32XX_sleepPolicy)
                  0100122c    00000140     drivers_cc32xx.a : GPIOCC32XX.c.obj (.text.GPIO_setConfig)
                  0100136c    00000120     libc.a : memory.c.obj (.text.aligned_alloc)
                  0100148c    000000f0            : memory.c.obj (.text.free)
                  0100157c    000000e4     drivers_cc32xx.a : PWMTimerCC32XX.c.obj (.text.PWMTimerCC32XX_open)
                  01001660    000000dc                      : PWMTimerCC32XX.c.obj (.text.PWMTimerCC32XX_setDutyAndPeriod)
                  0100173c    000000c8     driverlib.a : interrupt.obj (.text.IntEnable)
                  01001804    000000b0     libclang_rt.builtins.a : udivmoddi4.S.obj (.text)
                  010018b4    000000ac     driverlib.a : gpio.obj (.text.GPIOIntTypeSet)
                  01001960    000000ac     pwmled2.o (.text.mainThread)
                  01001a0c    000000a8     drivers_cc32xx.a : PWMTimerCC32XX.c.obj (.text.PWMTimerCC32XX_stop)
                  01001ab4    000000a4     driverlib.a : interrupt.obj (.text.IntPendSet)
                  01001b58    000000a2                 : pin.obj (.text.PinConfigSet)
                  01001bfa    00000002     ti_drivers_config.o (.text.Board_initHook)
                  01001bfc    000000a0     drivers_cc32xx.a : PWMTimerCC32XX.c.obj (.text.PWMTimerCC32XX_setDuty)
                  01001c9c    00000098     nortos_cc32xx.a : SemaphoreP_nortos.c.obj (.text.SemaphoreP_pend)
                  01001d34    0000000c     driverlib.a : cpu.obj (.text.CPUwfi)
                  01001d40    00000096     drivers_cc32xx.a : PowerCC32XX_ticlang.asm.obj (.text)
                  01001dd6    00000002                      : PWMTimerCC32XX.c.obj (.text.PWMTimerCC32XX_init)
                  01001dd8    00000090                      : GPIOCC32XX.c.obj (.text.GPIO_init)
                  01001e68    0000008e     driverlib.a : prcm.obj (.text.PRCMSysResetCauseGet)
                  01001ef6    00000002     nortos_cc32xx.a : PowerCC32XX_nortos.c.obj (.text.PowerCC32XX_initPolicy)
                  01001ef8    00000088     drivers_cc32xx.a : PowerCC32XX.c.obj (.text.PowerCC32XX_configureWakeup)
                  01001f80    00000084                      : PWMTimerCC32XX.c.obj (.text.PWMTimerCC32XX_close)
                  01002004    00000084                      : PWMTimerCC32XX.c.obj (.text.PWMTimerCC32XX_setPeriod)
                  01002088    00000084                      : PWMTimerCC32XX.c.obj (.text.initHw)
                  0100210c    00000078                      : PowerCC32XX.c.obj (.text.Power_init)
                  01002184    00000074     nortos_cc32xx.a : HwiPCC32XX_nortos.c.obj (.text.HwiP_construct)
                  010021f8    00000074     driverlib.a : prcm.obj (.text.PRCMHibernateWakeUpGPIOSelect)
                  0100226c    00000070     libc.a : copy_decompress_lzss.c.obj (.text:decompress:lzss)
                  010022dc    0000006c     driverlib.a : pin.obj (.text.PinLockLevelSet)
                  01002348    0000006c     drivers_cc32xx.a : PowerCC32XX.c.obj (.text.Power_setDependency)
                  010023b4    0000006c                      : GPIOCC32XX.c.obj (.text.powerNotifyFxn)
                  01002420    0000006c     libc.a : memory.c.obj (.text.split)
                  0100248c    0000006a     driverlib.a : prcm.obj (.text.PRCMPeripheralReset)
                  010024f6    0000005c                 : flash.obj (.text.FlashDisable)
                  01002552    0000005c                 : prcm.obj (.text.PRCMHibernateWakeupSourceDisable)
                  010025ae    00000002     nortos_cc32xx.a : SemaphoreP_nortos.c.obj (.text.SemaphoreP_destruct)
                  010025b0    0000005c     drivers_cc32xx.a : TimerCC32XX.c.obj (.text.TimerCC32XX_allocateTimerResource)
                  0100260c    0000005a     driverlib.a : prcm.obj (.text.PRCMPeripheralClkEnable)
                  01002666    00000002     libclang_rt.builtins.a : aeabi_div0.c.obj (.text.__aeabi_ldiv0)
                  01002668    00000058     nortos_cc32xx.a : ClockPSysTick_nortos.c.obj (.text.ClockP_startup)
                  010026c0    00000058     driverlib.a : interrupt.obj (.text.IntPrioritySet)
                  01002718    00000058     drivers_cc32xx.a : PWMTimerCC32XX.c.obj (.text.PWMTimerCC32XX_start)
                  01002770    00000056     driverlib.a : prcm.obj (.text.PRCMLPDSEnter)
                  010027c6    00000002     libc.a : _lock.c.obj (.text._nop)
                  010027c8    00000054     drivers_cc32xx.a : PowerCC32XX.c.obj (.text.PowerCC32XX_setParkState)
                  0100281c    00000054                      : PowerCC32XX.c.obj (.text.Power_releaseDependency)
                  01002870    00000050                      : GPIOCC32XX.c.obj (.text.GPIO_hwiIntFxn)
                  010028c0    00000050     driverlib.a : prcm.obj (.text.PRCMHibernateWakeupSourceEnable)
                  01002910    00000050     nortos_cc32xx.a : SemaphoreP_nortos.c.obj (.text.SemaphoreP_construct)
                  01002960    0000004c     drivers_cc32xx.a : GPIOCC32XX.c.obj (.text.GPIO_setInterruptConfig)
                  010029ac    0000004c     driverlib.a : prcm.obj (.text.PRCMLPDSRestoreInfoSet)
                  010029f8    00000048     nortos_cc32xx.a : ClockPSysTick_nortos.c.obj (.text.ClockP_sysTickHandler)
                  01002a40    00000048     driverlib.a : prcm.obj (.text.PRCMIntEnable)
                  01002a88    00000048                 : prcm.obj (.text.PRCMPeripheralStatusGet)
                  01002ad0    00000048                 : pin.obj (.text.PinConfigGet)
                  01002b18    00000048     drivers_cc32xx.a : PWMTimerCC32XX.c.obj (.text.getDutyCounts)
                  01002b60    00000048                      : PWMTimerCC32XX.c.obj (.text.getPowerMgrId)
                  01002ba8    00000048     nortos_cc32xx.a : ClockPSysTick_nortos.c.obj (.text.getTimeUsec)
                  01002bf0    00000046     driverlib.a : prcm.obj (.text.PRCMLPDSEnterKeepDebugIf)
                  01002c36    00000044                 : gpio.obj (.text.GPIODirModeSet)
                  01002c7a    00000002     nortos_cc32xx.a : startup_cc32xx_ticlang.c.obj (.text.busFaultHandler)
                  01002c7c    00000044     drivers_cc32xx.a : GPIOCC32XX.c.obj (.text.GPIO_disableInt)
                  01002cc0    00000044                      : GPIOCC32XX.c.obj (.text.GPIO_enableInt)
                  01002d04    00000044                      : PWM.c.obj (.text.PWM_init)
                  01002d48    00000044                      : PowerCC32XX.c.obj (.text.Power_releaseConstraint)
                  01002d8c    00000044     nortos_cc32xx.a : ClockPSysTick_nortos.c.obj (.text.addToList)
                  01002dd0    00000044     drivers_cc32xx.a : PWMTimerCC32XX.c.obj (.text.getPeriodCounts)
                  01002e14    00000042     driverlib.a : pin.obj (.text.PinModeSet)
                  01002e56    00000042                 : timer.obj (.text.TimerControlLevel)
                  01002e98    00000042     nortos_cc32xx.a : PowerCC32XX_nortos.c.obj (.text.getCountsRTC)
                  01002eda    00000002                     : SemaphoreP_nortos.c.obj (.text.clkFxn)
                  01002edc    00000040     drivers_cc32xx.a : PWM.c.obj (.text.PWM_open)
                  01002f1c    00000040     nortos_cc32xx.a : SemaphoreP_nortos.c.obj (.text.SemaphoreP_post)
                  01002f5c    0000003e     driverlib.a : pin.obj (.text.PinDirModeSet)
                  01002f9a    00000002     nortos_cc32xx.a : startup_cc32xx_ticlang.c.obj (.text.defaultHandler)
                  01002f9c    0000003c                     : ClockPSysTick_nortos.c.obj (.text.ClockP_stop)
                  01002fd8    0000003c     driverlib.a : pin.obj (.text.PinTypeGPIO)
                  01003014    00000038     nortos_cc32xx.a : ClockPSysTick_nortos.c.obj (.text.ClockP_destruct)
                  0100304c    00000038     drivers_cc32xx.a : PowerCC32XX.c.obj (.text.Power_setConstraint)
                  01003084    00000038     nortos_cc32xx.a : SwiP_nortos.c.obj (.text.SwiP_restore)
                  010030bc    00000038     libc.a : autoinit.c.obj (.text:__TI_auto_init_nobinit_nopinit)
                  010030f4    00000036     driverlib.a : pin.obj (.text.PinLock)
                  0100312a    00000002     nortos_cc32xx.a : startup_cc32xx_ticlang.c.obj (.text.faultISR)
                  0100312c    00000034                     : ClockPSysTick_nortos.c.obj (.text.ClockP_start)
                  01003160    00000034                     : ClockPSysTick_nortos.c.obj (.text.ClockP_usleep)
                  01003194    00000034     driverlib.a : pin.obj (.text.PinDirModeGet)
                  010031c8    00000034                 : pin.obj (.text.PinModeGet)
                  010031fc    00000034     drivers_cc32xx.a : PowerCC32XX.c.obj (.text.PowerCC32XX_parkPin)
                  01003230    00000034                      : TimerCC32XX.c.obj (.text.TimerCC32XX_freeTimerResource)
                  01003264    00000034     nortos_cc32xx.a : startup_cc32xx_ticlang.c.obj (.text.initVectors)
                  01003298    00000030                     : ClockPSysTick_nortos.c.obj (.text.ClockP_getTicksUntilInterrupt)
                  010032c8    00000030     driverlib.a : prcm.obj (.text.PRCMLPDSIntervalSet)
                  010032f8    00000030                 : prcm.obj (.text.PRCMSlowClkCtrFastGet)
                  01003328    00000030                 : timer.obj (.text.TimerLoadSet)
                  01003358    00000030                 : timer.obj (.text.TimerMatchSet)
                  01003388    00000030                 : timer.obj (.text.TimerPrescaleMatchSet)
                  010033b8    00000030                 : timer.obj (.text.TimerPrescaleSet)
                  010033e8    00000030     drivers_cc32xx.a : PowerCC32XX.c.obj (.text.notify)
                  01003418    0000002e     driverlib.a : gpio.obj (.text.GPIOIntStatus)
                  01003446    0000002a     nortos_cc32xx.a : HwiPCC32XX_nortos.c.obj (.text.HwiP_create)
                  01003470    0000002a     driverlib.a : prcm.obj (.text.PRCMLPDSWakeUpGPIOSelect)
                  0100349a    0000002a                 : prcm.obj (.text.PRCMPeripheralClkDisable)
                  010034c4    00000028     drivers_cc32xx.a : List.c.obj (.text.List_remove)
                  010034ec    00000028     driverlib.a : prcm.obj (.text.PRCMSRAMRetentionEnable)
                  01003514    00000028     libc.a : memory.c.obj (.text.free_list_insert)
                  0100353c    00000028     nortos_cc32xx.a : ClockPSysTick_nortos.c.obj (.text.sleepTicks)
                  01003564    00000024     drivers_cc32xx.a : List.c.obj (.text.List_put)
                  01003588    00000024     driverlib.a : prcm.obj (.text.PRCMLPDSWakeupSourceEnable)
                  010035ac    00000024     drivers_cc32xx.a : PowerCC32XX.c.obj (.text.PowerCC32XX_restoreParkedPin)
                  010035d0    00000024                      : PowerCC32XX.c.obj (.text.Power_registerNotify)
                  010035f4    00000024     libc.a : boot_cortex_m.c.obj (.text:_c_int00_noargs)
                  01003618    00000022     driverlib.a : gpio.obj (.text.GPIOPinWrite)
                  0100363a    00000022                 : pin.obj (.text.PinUnlock)
                  0100365c    00000020                 : interrupt.obj (.text.IntRegister)
                  0100367c    00000020     drivers_cc32xx.a : PowerCC32XX.c.obj (.text.Power_unregisterNotify)
                  0100369c    00000020     nortos_cc32xx.a : SemaphoreP_nortos.c.obj (.text.SemaphoreP_createBinary)
                  010036bc    00000020     driverlib.a : timer.obj (.text.TimerDisable)
                  010036dc    0000001e                 : pin.obj (.text.PinTypeTimer)
                  010036fa    00000002     nortos_cc32xx.a : startup_cc32xx_ticlang.c.obj (.text.nmiISR)
                  010036fc    0000001c                     : HwiPCC32XX_nortos.c.obj (.text.HwiP_dispatch)
                  01003718    0000001c                     : SwiP_nortos.c.obj (.text.SwiP_disable)
                  01003734    0000001c     libc.a : memory.c.obj (.text.free_list_remove)
                  01003750    0000001c     drivers_cc32xx.a : TimerCC32XX.c.obj (.text.getPowerMgrId)
                  0100376c    0000001c     nortos_cc32xx.a : startup_cc32xx_ticlang.c.obj (.text.resetISR)
                  01003788    0000001a     driverlib.a : gpio.obj (.text.GPIOIntDisable)
                  010037a2    0000001a                 : prcm.obj (.text.PRCMHIBRegRead)
                  010037bc    0000001a                 : prcm.obj (.text.PRCMHIBRegWrite)
                  010037d6    0000001a                 : prcm.obj (.text.PRCMLPDSWakeupSourceDisable)
                  010037f0    0000001a                 : pin.obj (.text.PinToPadGet)
                  0100380a    0000001a                 : timer.obj (.text.TimerEnable)
                  01003824    00000018                 : gpio.obj (.text.GPIOIntEnable)
                  0100383c    00000018     nortos_cc32xx.a : SemaphoreP_nortos.c.obj (.text.SemaphoreP_create)
                  01003854    00000016     ti_drivers_config.o (.text.Board_init)
                  0100386a    00000016     driverlib.a : systick.obj (.text.SysTickPeriodSet)
                  01003880    00000014                 : cpu.obj (.text.CPUcpsid)
                  01003894    00000014                 : cpu.obj (.text.CPUcpsie)
                  010038a8    00000014                 : interrupt.obj (.text.IntVTableBaseSet)
                  010038bc    00000014     drivers_cc32xx.a : PowerCC32XX.c.obj (.text.Power_disablePolicy)
                  010038d0    00000014                      : PowerCC32XX.c.obj (.text.Power_getTransitionLatency)
                  010038e4    00000014                      : PowerCC32XX.c.obj (.text.Power_idleFunc)
                  010038f8    00000014     libclang_rt.builtins.a : aeabi_uldivmod.S.obj (.text.__aeabi_uldivmod)
                  0100390c    00000012     nortos_cc32xx.a : ClockPSysTick_nortos.c.obj (.text.ClockP_add)
                  0100391e    00000012     driverlib.a : gpio.obj (.text.GPIOIntClear)
                  01003930    00000012     nortos_cc32xx.a : HwiPCC32XX_nortos.c.obj (.text.HwiP_Params_init)
                  01003942    00000012     drivers_cc32xx.a : PWMTimerCC32XX.c.obj (.text.OUTLINED_FUNCTION_0)
                  01003954    00000012     driverlib.a : systick.obj (.text.SysTickEnable)
                  01003966    00000012                 : systick.obj (.text.SysTickIntDisable)
                  01003978    00000012                 : systick.obj (.text.SysTickIntEnable)
                  0100398a    00000012     drivers_cc32xx.a : PWMTimerCC32XX.c.obj (.text.postNotifyFxn)
                  0100399c    00000012     libc.a : memcpy_t2.S.obj (.text:TI_memcpy_small)
                  010039ae    00000012            : copy_zero_init.c.obj (.text:decompress:ZI:__TI_zero_init_nomemset)
                  010039c0    00000010     nortos_cc32xx.a : ClockPSysTick_nortos.c.obj (.text.ClockP_getCpuFreq)
                  010039d0    00000010                     : ClockPSysTick_nortos.c.obj (.text.ClockP_getSystemTicks)
                  010039e0    00000010                     : ClockPSysTick_nortos.c.obj (.text.ClockP_setTicks)
                  010039f0    00000010                     : HwiPCC32XX_nortos.c.obj (.text.HwiP_inISR)
                  01003a00    00000010     drivers_cc32xx.a : PWM.c.obj (.text.PWM_Params_init)
                  01003a10    00000010                      : PowerCC32XX.c.obj (.text.Power_enablePolicy)
                  01003a20    00000010     main_nortos.o (.text.main)
                  01003a30    0000000e     drivers_cc32xx.a : PWMTimerCC32XX.c.obj (.text.OUTLINED_FUNCTION_1)
                  01003a3e    0000000e                      : PWMTimerCC32XX.c.obj (.text.OUTLINED_FUNCTION_2)
                  01003a4c    0000000e                      : PWMTimerCC32XX.c.obj (.text.OUTLINED_FUNCTION_3)
                  01003a5a    0000000e     libc.a : copy_decompress_none.c.obj (.text:decompress:none)
                  01003a68    0000000c     driverlib.a : prcm.obj (.text.PRCMLPDSWakeupCauseGet)
                  01003a74    0000000c     drivers_cc32xx.a : PowerCC32XX.c.obj (.text.Power_getConstraintMask)
                  01003a80    0000000c     driverlib.a : systick.obj (.text.SysTickValueGet)
                  01003a8c    0000000a     nortos_cc32xx.a : ClockPSysTick_nortos.c.obj (.text.ClockP_isActive)
                  01003a96    0000000a     driverlib.a : interrupt.obj (.text.IntMasterDisable)
                  01003aa0    0000000a                 : interrupt.obj (.text.IntMasterEnable)
                  01003aaa    00000008     nortos_cc32xx.a : HwiPCC32XX_nortos.c.obj (.text.HwiP_disable)
                  01003ab2    00000008                     : HwiPCC32XX_nortos.c.obj (.text.HwiP_restore)
                  01003aba    00000008     driverlib.a : prcm.obj (.text.PRCMSleepEnter)
                  01003ac2    00000008                 : utils.obj (.text.UtilsDelay)
                  01003aca    00000008     libc.a : memory.c.obj (.text.malloc)
                  01003ad2    00000006     drivers_cc32xx.a : PWMTimerCC32XX.c.obj (.text.PWMTimerCC32XX_control)
                  01003ad8    00000006                      : PWM.c.obj (.text.PWM_setDuty)
                  01003ade    00000006                      : PWM.c.obj (.text.PWM_start)
                  01003ae4    00000004     nortos_cc32xx.a : ClockPSysTick_nortos.c.obj (.text.ClockP_doTick)
                  01003ae8    00000004                     : HwiPCC32XX_nortos.c.obj (.text.HwiP_enable)
                  01003aec    00000004                     : HwiPCC32XX_nortos.c.obj (.text.HwiP_post)
                  01003af0    00000004                     : NoRTOS.c.obj (.text.NoRTOS_start)
                  01003af4    00000004                     : SemaphoreP_nortos.c.obj (.text.SemaphoreP_delete)
                  01003af8    00000004     libclang_rt.builtins.a : aeabi_memcpy.S.obj (.text.__aeabi_memcpy)
                  01003afc    00000004     libc.a : pre_init.c.obj (.text._system_pre_init)
                  01003b00    00000004     nortos_cc32xx.a : posix_sleep.c.obj (.text.usleep)
                  01003b04    00000004     libc.a : exit.c.obj (.text:abort)

.rodata    0    01003b08    000003f0     
                  01003b08    00000100     driverlib.a : pin.obj (.rodata.g_ulPinToPadMap)
                  01003c08    000000d4                 : interrupt.obj (.rodata.g_pulRegs)
                  01003cdc    000000a8                 : prcm.obj (.rodata.PRCM_PeriphRegsList)
                  01003d84    00000044     ti_drivers_config.o (.rodata.PowerCC32XX_config)
                  01003dc8    00000028     drivers_cc32xx.a : GPIOCC32XX.c.obj (.rodata.portConfigs)
                  01003df0    00000024                      : PWMTimerCC32XX.c.obj (.rodata.PWMTimerCC32XX_fxnTable)
                  01003e14    00000021                      : GPIOCC32XX.c.obj (.rodata.pinTable)
                  01003e35    00000001     ti_drivers_config.o (.rodata.GPIO_pinUpperBound)
                  01003e36    00000001     ti_drivers_config.o (.rodata.PWM_count)
                  01003e37    00000001     --HOLE-- [fill = 0]
                  01003e38    00000020     drivers_cc32xx.a : PWMTimerCC32XX.c.obj (.rodata.cst16)
                  01003e58    00000020                      : PWMTimerCC32XX.c.obj (.rodata.cst32)
                  01003e78    00000018     ti_drivers_config.o (.rodata.PWM_config)
                  01003e90    00000018     drivers_cc32xx.a : PWM.c.obj (.rodata.PWM_defaultParams)
                  01003ea8    00000018     driverlib.a : interrupt.obj (.rodata.g_pulEnRegs)
                  01003ec0    00000018                 : interrupt.obj (.rodata.g_pulPendRegs)
                  01003ed8    00000010     ti_drivers_config.o (.rodata.GPIO_config)
                  01003ee8    00000008     drivers_cc32xx.a : PWMTimerCC32XX.c.obj (.rodata.cst8)
                  01003ef0    00000008     ti_drivers_config.o (.rodata.pwmTimerCC32XXHWAttrs)

.cinit     0    01003ef8    000000e8     
                  01003ef8    000000c2     (.cinit..data.load) [load image, compression = lzss]
                  01003fba    00000002     --HOLE-- [fill = 0]
                  01003fbc    0000000c     (__TI_handler_table)
                  01003fc8    00000008     (.cinit..bss.load) [load image, compression = zero_init]
                  01003fd0    00000010     (__TI_cinit_table)

.init_array 
*          0    01000800    00000000     UNINITIALIZED

.resetVecs 
*          0    01000800    00000040     
                  01000800    00000040     nortos_cc32xx.a : startup_cc32xx_ticlang.c.obj (.resetVecs)

.ramVecs   0    20000000    0000030c     NOLOAD SECTION
                  20000000    0000030c     nortos_cc32xx.a : startup_cc32xx_ticlang.c.obj (.ramVecs)

.sysmem    0    20000310    00008000     UNINITIALIZED
                  20000310    00000010     libc.a : memory.c.obj (.sysmem)
                  20000320    00007ff0     --HOLE--

.data      0    20008310    00000681     UNINITIALIZED
                  20008310    0000030c     nortos_cc32xx.a : HwiPCC32XX_nortos.c.obj (.data.HwiP_dispatchTable)
                  2000861c    0000016c     drivers_cc32xx.a : PowerCC32XX.c.obj (.data.PowerCC32XX_module)
                  20008788    000000f8     ti_drivers_config.o (.data.parkInfo)
                  20008880    00000084     ti_drivers_config.o (.data.gpioPinConfigs)
                  20008904    0000004c     nortos_cc32xx.a : SwiP_nortos.c.obj (.data..L_MergedGlobals)
                  20008950    00000018     drivers_cc32xx.a : GPIOCC32XX.c.obj (.data..L_MergedGlobals)
                  20008968    00000010     nortos_cc32xx.a : SemaphoreP_nortos.c.obj (.data..L_MergedGlobals)
                  20008978    00000008                     : ClockPSysTick_nortos.c.obj (.data..L_MergedGlobals)
                  20008980    00000004                     : HwiPCC32XX_nortos.c.obj (.data.HwiP_swiPIntNum)
                  20008984    00000004     libc.a : _lock.c.obj (.data._lock)
                  20008988    00000004            : _lock.c.obj (.data._unlock)
                  2000898c    00000001     drivers_cc32xx.a : GPIOCC32XX.c.obj (.data.initCalled)
                  2000898d    00000001                      : PWM.c.obj (.data.isInitialized)
                  2000898e    00000001                      : GPIOCC32XX.c.obj (.data.portHwiCreatedBitMask)
                  2000898f    00000001     --HOLE--
                  20008990    00000001     libc.a : memory.c.obj (.data.memory_is_initialized)

.bss       0    20008998    00000298     UNINITIALIZED
                  20008998    0000012c     (.common:PowerCC32XX_contextSave)
                  20008ac4    00000084     (.common:gpioCallbackFunctions)
                  20008b48    00000084     (.common:gpioUserArgs)
                  20008bcc    00000048     (.common:pwmTimerCC32XXObjects)
                  20008c14    00000004     nortos_cc32xx.a : ClockPSysTick_nortos.c.obj (.bss.sysTickPeriod)
                  20008c18    00000010     (.common:ClockP_ctrl)
                  20008c28    00000004     libc.a : memory.c.obj (.bss.sys_free)
                  20008c2c    00000004     drivers_cc32xx.a : TimerCC32XX.c.obj (.bss.timerState.0)

.stack     0    2003f000    00001000     UNINITIALIZED
                  2003f000    00000004     libc.a : boot_cortex_m.c.obj (.stack)
                  2003f004    00000ffc     --HOLE--

.log_data 
*          0    90000000    00000000     COPY SECTION

.log_ptr   0    94000008    00000000     COPY SECTION

__llvm_prf_cnts 
*          0    20000000    00000000     UNINITIALIZED

__llvm_prf_bits 
*          0    20000000    00000000     UNINITIALIZED

.binit     0    01000000    00000000     

MODULE SUMMARY

       Module                         code    ro data   rw data
       ------                         ----    -------   -------
    .\
       pwmled2.o                      172     0         0      
       main_nortos.o                  16      0         0      
    +--+------------------------------+-------+---------+---------+
       Total:                         188     0         0      
                                                               
    .\syscfg\
       ti_drivers_config.o            24      118       716    
    +--+------------------------------+-------+---------+---------+
       Total:                         24      118       716    
                                                               
    C:/ti/simplelink_cc32xx_sdk_7_10_00_13/kernel/nortos/lib/ticlang/m4/nortos_cc32xx.a
       HwiPCC32XX_nortos.c.obj        244     0         784    
       startup_cc32xx_ticlang.c.obj   88      64        780    
       ClockPSysTick_nortos.c.obj     688     0         28     
       PowerCC32XX_nortos.c.obj       404     0         0      
       SemaphoreP_nortos.c.obj        360     0         16     
       SwiP_nortos.c.obj              84      0         76     
       NoRTOS.c.obj                   4       0         0      
       posix_sleep.c.obj              4       0         0      
    +--+------------------------------+-------+---------+---------+
       Total:                         1876    64        1684   
                                                               
    C:/ti/simplelink_cc32xx_sdk_7_10_00_13/source/ti/devices/cc32xx/driverlib/ticlang/Release/driverlib.a
       prcm.obj                       2564    168       0      
       pin.obj                        778     256       0      
       interrupt.obj                  524     260       0      
       gpio.obj                       388     0         0      
       timer.obj                      316     0         0      
       flash.obj                      92      0         0      
       systick.obj                    88      0         0      
       cpu.obj                        52      0         0      
       utils.obj                      8       0         0      
    +--+------------------------------+-------+---------+---------+
       Total:                         4810    684       0      
                                                               
    C:/ti/simplelink_cc32xx_sdk_7_10_00_13/source/ti/drivers/lib/ticlang/m4/drivers_cc32xx.a
       PowerCC32XX.c.obj              1944    0         664    
       PWMTimerCC32XX.c.obj           1558    108       0      
       GPIOCC32XX.c.obj               864     73        26     
       PWM.c.obj                      160     24        1      
       TimerCC32XX.c.obj              172     0         4      
       PowerCC32XX_ticlang.asm.obj    150     0         0      
       List.c.obj                     76      0         0      
    +--+------------------------------+-------+---------+---------+
       Total:                         4924    205       695    
                                                               
    C:\ti\ccs1250\ccs\tools\compiler\ti-cgt-armllvm_3.2.0.LTS\lib\armv7em-ti-none-eabi/c/libc.a
       memory.c.obj                   712     0         5      
       copy_decompress_lzss.c.obj     112     0         0      
       autoinit.c.obj                 56      0         0      
       boot_cortex_m.c.obj            36      0         0      
       copy_zero_init.c.obj           18      0         0      
       memcpy_t2.S.obj                18      0         0      
       copy_decompress_none.c.obj     14      0         0      
       _lock.c.obj                    2       0         8      
       exit.c.obj                     4       0         0      
       pre_init.c.obj                 4       0         0      
    +--+------------------------------+-------+---------+---------+
       Total:                         976     0         13     
                                                               
    C:\ti\ccs1250\ccs\tools\compiler\ti-cgt-armllvm_3.2.0.LTS\lib\clang/15.0.7/lib/armv7em-ti-none-eabi/libclang_rt.builtins.a
       udivmoddi4.S.obj               176     0         0      
       aeabi_uldivmod.S.obj           20      0         0      
       aeabi_memcpy.S.obj             4       0         0      
       aeabi_div0.c.obj               2       0         0      
    +--+------------------------------+-------+---------+---------+
       Total:                         202     0         0      
                                                               
       Heap:                          0       0         32768  
       Stack:                         0       0         4096   
       Linker Generated:              0       230       0      
    +--+------------------------------+-------+---------+---------+
       Grand Total:                   13000   1301      39972  


LINKER GENERATED COPY TABLES

__TI_cinit_table @ 01003fd0 records: 2, size/record: 8, table size: 16
	.data: load addr=01003ef8, load size=000000c2 bytes, run addr=20008310, run size=00000681 bytes, compression=lzss
	.bss: load addr=01003fc8, load size=00000008 bytes, run addr=20008998, run size=00000298 bytes, compression=zero_init


LINKER GENERATED HANDLER TABLE

__TI_handler_table @ 01003fbc records: 3, size/record: 4, table size: 12
	index: 0, handler: __TI_decompress_lzss
	index: 1, handler: __TI_decompress_none
	index: 2, handler: __TI_zero_init


GLOBAL SYMBOLS: SORTED ALPHABETICALLY BY Name 

address   name                             
-------   ----                             
01003855  Board_init                       
01001bfb  Board_initHook                   
01003b04  C$$EXIT                          
01003881  CPUcpsid                         
01003895  CPUcpsie                         
01001d35  CPUwfi                           
0100390d  ClockP_add                       
20008c18  ClockP_ctrl                      
01003015  ClockP_destruct                  
01003ae5  ClockP_doTick                    
010039c1  ClockP_getCpuFreq                
010039d1  ClockP_getSystemTicks            
01003299  ClockP_getTicksUntilInterrupt    
01003a8d  ClockP_isActive                  
010039e1  ClockP_setTicks                  
0100312d  ClockP_start                     
01002669  ClockP_startup                   
01002f9d  ClockP_stop                      
010029f9  ClockP_sysTickHandler            
2000897c  ClockP_tickPeriod                
01003161  ClockP_usleep                    
010024f7  FlashDisable                     
01002c37  GPIODirModeSet                   
0100391f  GPIOIntClear                     
01003789  GPIOIntDisable                   
01003825  GPIOIntEnable                    
01003419  GPIOIntStatus                    
010018b5  GPIOIntTypeSet                   
01003619  GPIOPinWrite                     
01003ed8  GPIO_config                      
01002c7d  GPIO_disableInt                  
01002cc1  GPIO_enableInt                   
01002871  GPIO_hwiIntFxn                   
01001dd9  GPIO_init                        
01003e35  GPIO_pinUpperBound               
0100122d  GPIO_setConfig                   
01002961  GPIO_setInterruptConfig          
01003931  HwiP_Params_init                 
01002185  HwiP_construct                   
01003447  HwiP_create                      
01003aab  HwiP_disable                     
010036fd  HwiP_dispatch                    
01003ae9  HwiP_enable                      
010039f1  HwiP_inISR                       
01003aed  HwiP_post                        
01003ab3  HwiP_restore                     
20008980  HwiP_swiPIntNum                  
UNDEFED   ITM_flush                        
UNDEFED   ITM_restore                      
0100173d  IntEnable                        
01003a97  IntMasterDisable                 
01003aa1  IntMasterEnable                  
01001ab5  IntPendSet                       
010026c1  IntPrioritySet                   
0100365d  IntRegister                      
010038a9  IntVTableBaseSet                 
01003565  List_put                         
010034c5  List_remove                      
01003af1  NoRTOS_start                     
01000841  PRCMCC3200MCUInit                
010037a3  PRCMHIBRegRead                   
010037bd  PRCMHIBRegWrite                  
010021f9  PRCMHibernateWakeUpGPIOSelect    
01002553  PRCMHibernateWakeupSourceDisable 
010028c1  PRCMHibernateWakeupSourceEnable  
01002a41  PRCMIntEnable                    
01002771  PRCMLPDSEnter                    
01002bf1  PRCMLPDSEnterKeepDebugIf         
010032c9  PRCMLPDSIntervalSet              
010029ad  PRCMLPDSRestoreInfoSet           
01003471  PRCMLPDSWakeUpGPIOSelect         
01003a69  PRCMLPDSWakeupCauseGet           
010037d7  PRCMLPDSWakeupSourceDisable      
01003589  PRCMLPDSWakeupSourceEnable       
0100349b  PRCMPeripheralClkDisable         
0100260d  PRCMPeripheralClkEnable          
0100248d  PRCMPeripheralReset              
01002a89  PRCMPeripheralStatusGet          
010034ed  PRCMSRAMRetentionEnable          
01003abb  PRCMSleepEnter                   
010032f9  PRCMSlowClkCtrFastGet            
01001e69  PRCMSysResetCauseGet             
01001f81  PWMTimerCC32XX_close             
01003ad3  PWMTimerCC32XX_control           
01003df0  PWMTimerCC32XX_fxnTable          
01001dd7  PWMTimerCC32XX_init              
0100157d  PWMTimerCC32XX_open              
01001bfd  PWMTimerCC32XX_setDuty           
01001661  PWMTimerCC32XX_setDutyAndPeriod  
01002005  PWMTimerCC32XX_setPeriod         
01002719  PWMTimerCC32XX_start             
01001a0d  PWMTimerCC32XX_stop              
01003a01  PWM_Params_init                  
01003e78  PWM_config                       
01003e36  PWM_count                        
01003e90  PWM_defaultParams                
01002d05  PWM_init                         
01002edd  PWM_open                         
01003ad9  PWM_setDuty                      
01003adf  PWM_start                        
01002ad1  PinConfigGet                     
01001b59  PinConfigSet                     
01003195  PinDirModeGet                    
01002f5d  PinDirModeSet                    
010030f5  PinLock                          
010022dd  PinLockLevelSet                  
010031c9  PinModeGet                       
01002e15  PinModeSet                       
010037f1  PinToPadGet                      
01002fd9  PinTypeGPIO                      
010036dd  PinTypeTimer                     
0100363b  PinUnlock                        
01003d84  PowerCC32XX_config               
01001ef9  PowerCC32XX_configureWakeup      
20008998  PowerCC32XX_contextSave          
01001d41  PowerCC32XX_enterLPDS            
01001ef7  PowerCC32XX_initPolicy           
2000861c  PowerCC32XX_module               
010031fd  PowerCC32XX_parkPin              
010035ad  PowerCC32XX_restoreParkedPin     
01001d85  PowerCC32XX_resumeLPDS           
010027c9  PowerCC32XX_setParkState         
010010dd  PowerCC32XX_sleepPolicy          
010038bd  Power_disablePolicy              
01003a11  Power_enablePolicy               
01003a75  Power_getConstraintMask          
010038d1  Power_getTransitionLatency       
010038e5  Power_idleFunc                   
0100210d  Power_init                       
010035d1  Power_registerNotify             
01002d49  Power_releaseConstraint          
0100281d  Power_releaseDependency          
0100304d  Power_setConstraint              
01002349  Power_setDependency              
01000cf9  Power_sleep                      
0100367d  Power_unregisterNotify           
01002911  SemaphoreP_construct             
0100383d  SemaphoreP_create                
0100369d  SemaphoreP_createBinary          
20008970  SemaphoreP_defaultParams         
01003af5  SemaphoreP_delete                
010025af  SemaphoreP_destruct              
01001c9d  SemaphoreP_pend                  
01002f1d  SemaphoreP_post                  
01003719  SwiP_disable                     
01003085  SwiP_restore                     
01003955  SysTickEnable                    
01003967  SysTickIntDisable                
01003979  SysTickIntEnable                 
0100386b  SysTickPeriodSet                 
01003a81  SysTickValueGet                  
0100399d  TI_memcpy_small                  
010025b1  TimerCC32XX_allocateTimerResource
01003231  TimerCC32XX_freeTimerResource    
01002e57  TimerControlLevel                
010036bd  TimerDisable                     
0100380b  TimerEnable                      
01003329  TimerLoadSet                     
01003359  TimerMatchSet                    
01003389  TimerPrescaleMatchSet            
010033b9  TimerPrescaleSet                 
01003ac3  UtilsDelay                       
20040000  __STACK_END                      
00001000  __STACK_SIZE                     
00008000  __SYSMEM_SIZE                    
00000000  __TI_ATRegion0_region_sz         
00000000  __TI_ATRegion0_src_addr          
00000000  __TI_ATRegion0_trg_addr          
00000000  __TI_ATRegion1_region_sz         
00000000  __TI_ATRegion1_src_addr          
00000000  __TI_ATRegion1_trg_addr          
00000000  __TI_ATRegion2_region_sz         
00000000  __TI_ATRegion2_src_addr          
00000000  __TI_ATRegion2_trg_addr          
01003fd0  __TI_CINIT_Base                  
01003fe0  __TI_CINIT_Limit                 
01003fe0  __TI_CINIT_Warm                  
01003fbc  __TI_Handler_Table_Base          
01003fc8  __TI_Handler_Table_Limit         
010030bd  __TI_auto_init_nobinit_nopinit   
0100226d  __TI_decompress_lzss             
01003a5b  __TI_decompress_none             
ffffffff  __TI_pprof_out_hndl              
ffffffff  __TI_prof_data_size              
ffffffff  __TI_prof_data_start             
01003ef8  __TI_static_base__               
010039af  __TI_zero_init_nomemset          
01002667  __aeabi_ldiv0                    
01003af9  __aeabi_memcpy                   
01003af9  __aeabi_memcpy4                  
01003af9  __aeabi_memcpy8                  
010038f9  __aeabi_uldivmod                 
ffffffff  __binit__                        
UNDEFED   __mpu_init                       
2003f000  __stack                          
20000000  __start___llvm_prf_bits          
20000000  __start___llvm_prf_cnts          
20000000  __stop___llvm_prf_bits           
20000000  __stop___llvm_prf_cnts           
01001805  __udivmoddi4                     
010035f5  _c_int00_noargs                  
20008984  _lock                            
010027c7  _nop                             
20000310  _sys_memory                      
UNDEFED   _system_post_cinit               
01003afd  _system_pre_init                 
20008988  _unlock                          
01003b05  abort                            
0100136d  aligned_alloc                    
ffffffff  binit                            
01002edb  clkFxn                           
0100148d  free                             
20008ac4  gpioCallbackFunctions            
20008880  gpioPinConfigs                   
20008b48  gpioUserArgs                     
01003265  initVectors                      
01003a21  main                             
01001961  mainThread                       
01003acb  malloc                           
0100136d  memalign                         
20008788  parkInfo                         
01003ef0  pwmTimerCC32XXHWAttrs            
20008bcc  pwmTimerCC32XXObjects            
0100376d  resetISR                         
01003b01  usleep                           


GLOBAL SYMBOLS: SORTED BY Symbol Address 

address   name                             
-------   ----                             
00000000  __TI_ATRegion0_region_sz         
00000000  __TI_ATRegion0_src_addr          
00000000  __TI_ATRegion0_trg_addr          
00000000  __TI_ATRegion1_region_sz         
00000000  __TI_ATRegion1_src_addr          
00000000  __TI_ATRegion1_trg_addr          
00000000  __TI_ATRegion2_region_sz         
00000000  __TI_ATRegion2_src_addr          
00000000  __TI_ATRegion2_trg_addr          
00001000  __STACK_SIZE                     
00008000  __SYSMEM_SIZE                    
01000841  PRCMCC3200MCUInit                
01000cf9  Power_sleep                      
010010dd  PowerCC32XX_sleepPolicy          
0100122d  GPIO_setConfig                   
0100136d  aligned_alloc                    
0100136d  memalign                         
0100148d  free                             
0100157d  PWMTimerCC32XX_open              
01001661  PWMTimerCC32XX_setDutyAndPeriod  
0100173d  IntEnable                        
01001805  __udivmoddi4                     
010018b5  GPIOIntTypeSet                   
01001961  mainThread                       
01001a0d  PWMTimerCC32XX_stop              
01001ab5  IntPendSet                       
01001b59  PinConfigSet                     
01001bfb  Board_initHook                   
01001bfd  PWMTimerCC32XX_setDuty           
01001c9d  SemaphoreP_pend                  
01001d35  CPUwfi                           
01001d41  PowerCC32XX_enterLPDS            
01001d85  PowerCC32XX_resumeLPDS           
01001dd7  PWMTimerCC32XX_init              
01001dd9  GPIO_init                        
01001e69  PRCMSysResetCauseGet             
01001ef7  PowerCC32XX_initPolicy           
01001ef9  PowerCC32XX_configureWakeup      
01001f81  PWMTimerCC32XX_close             
01002005  PWMTimerCC32XX_setPeriod         
0100210d  Power_init                       
01002185  HwiP_construct                   
010021f9  PRCMHibernateWakeUpGPIOSelect    
0100226d  __TI_decompress_lzss             
010022dd  PinLockLevelSet                  
01002349  Power_setDependency              
0100248d  PRCMPeripheralReset              
010024f7  FlashDisable                     
01002553  PRCMHibernateWakeupSourceDisable 
010025af  SemaphoreP_destruct              
010025b1  TimerCC32XX_allocateTimerResource
0100260d  PRCMPeripheralClkEnable          
01002667  __aeabi_ldiv0                    
01002669  ClockP_startup                   
010026c1  IntPrioritySet                   
01002719  PWMTimerCC32XX_start             
01002771  PRCMLPDSEnter                    
010027c7  _nop                             
010027c9  PowerCC32XX_setParkState         
0100281d  Power_releaseDependency          
01002871  GPIO_hwiIntFxn                   
010028c1  PRCMHibernateWakeupSourceEnable  
01002911  SemaphoreP_construct             
01002961  GPIO_setInterruptConfig          
010029ad  PRCMLPDSRestoreInfoSet           
010029f9  ClockP_sysTickHandler            
01002a41  PRCMIntEnable                    
01002a89  PRCMPeripheralStatusGet          
01002ad1  PinConfigGet                     
01002bf1  PRCMLPDSEnterKeepDebugIf         
01002c37  GPIODirModeSet                   
01002c7d  GPIO_disableInt                  
01002cc1  GPIO_enableInt                   
01002d05  PWM_init                         
01002d49  Power_releaseConstraint          
01002e15  PinModeSet                       
01002e57  TimerControlLevel                
01002edb  clkFxn                           
01002edd  PWM_open                         
01002f1d  SemaphoreP_post                  
01002f5d  PinDirModeSet                    
01002f9d  ClockP_stop                      
01002fd9  PinTypeGPIO                      
01003015  ClockP_destruct                  
0100304d  Power_setConstraint              
01003085  SwiP_restore                     
010030bd  __TI_auto_init_nobinit_nopinit   
010030f5  PinLock                          
0100312d  ClockP_start                     
01003161  ClockP_usleep                    
01003195  PinDirModeGet                    
010031c9  PinModeGet                       
010031fd  PowerCC32XX_parkPin              
01003231  TimerCC32XX_freeTimerResource    
01003265  initVectors                      
01003299  ClockP_getTicksUntilInterrupt    
010032c9  PRCMLPDSIntervalSet              
010032f9  PRCMSlowClkCtrFastGet            
01003329  TimerLoadSet                     
01003359  TimerMatchSet                    
01003389  TimerPrescaleMatchSet            
010033b9  TimerPrescaleSet                 
01003419  GPIOIntStatus                    
01003447  HwiP_create                      
01003471  PRCMLPDSWakeUpGPIOSelect         
0100349b  PRCMPeripheralClkDisable         
010034c5  List_remove                      
010034ed  PRCMSRAMRetentionEnable          
01003565  List_put                         
01003589  PRCMLPDSWakeupSourceEnable       
010035ad  PowerCC32XX_restoreParkedPin     
010035d1  Power_registerNotify             
010035f5  _c_int00_noargs                  
01003619  GPIOPinWrite                     
0100363b  PinUnlock                        
0100365d  IntRegister                      
0100367d  Power_unregisterNotify           
0100369d  SemaphoreP_createBinary          
010036bd  TimerDisable                     
010036dd  PinTypeTimer                     
010036fd  HwiP_dispatch                    
01003719  SwiP_disable                     
0100376d  resetISR                         
01003789  GPIOIntDisable                   
010037a3  PRCMHIBRegRead                   
010037bd  PRCMHIBRegWrite                  
010037d7  PRCMLPDSWakeupSourceDisable      
010037f1  PinToPadGet                      
0100380b  TimerEnable                      
01003825  GPIOIntEnable                    
0100383d  SemaphoreP_create                
01003855  Board_init                       
0100386b  SysTickPeriodSet                 
01003881  CPUcpsid                         
01003895  CPUcpsie                         
010038a9  IntVTableBaseSet                 
010038bd  Power_disablePolicy              
010038d1  Power_getTransitionLatency       
010038e5  Power_idleFunc                   
010038f9  __aeabi_uldivmod                 
0100390d  ClockP_add                       
0100391f  GPIOIntClear                     
01003931  HwiP_Params_init                 
01003955  SysTickEnable                    
01003967  SysTickIntDisable                
01003979  SysTickIntEnable                 
0100399d  TI_memcpy_small                  
010039af  __TI_zero_init_nomemset          
010039c1  ClockP_getCpuFreq                
010039d1  ClockP_getSystemTicks            
010039e1  ClockP_setTicks                  
010039f1  HwiP_inISR                       
01003a01  PWM_Params_init                  
01003a11  Power_enablePolicy               
01003a21  main                             
01003a5b  __TI_decompress_none             
01003a69  PRCMLPDSWakeupCauseGet           
01003a75  Power_getConstraintMask          
01003a81  SysTickValueGet                  
01003a8d  ClockP_isActive                  
01003a97  IntMasterDisable                 
01003aa1  IntMasterEnable                  
01003aab  HwiP_disable                     
01003ab3  HwiP_restore                     
01003abb  PRCMSleepEnter                   
01003ac3  UtilsDelay                       
01003acb  malloc                           
01003ad3  PWMTimerCC32XX_control           
01003ad9  PWM_setDuty                      
01003adf  PWM_start                        
01003ae5  ClockP_doTick                    
01003ae9  HwiP_enable                      
01003aed  HwiP_post                        
01003af1  NoRTOS_start                     
01003af5  SemaphoreP_delete                
01003af9  __aeabi_memcpy                   
01003af9  __aeabi_memcpy4                  
01003af9  __aeabi_memcpy8                  
01003afd  _system_pre_init                 
01003b01  usleep                           
01003b04  C$$EXIT                          
01003b05  abort                            
01003d84  PowerCC32XX_config               
01003df0  PWMTimerCC32XX_fxnTable          
01003e35  GPIO_pinUpperBound               
01003e36  PWM_count                        
01003e78  PWM_config                       
01003e90  PWM_defaultParams                
01003ed8  GPIO_config                      
01003ef0  pwmTimerCC32XXHWAttrs            
01003ef8  __TI_static_base__               
01003fbc  __TI_Handler_Table_Base          
01003fc8  __TI_Handler_Table_Limit         
01003fd0  __TI_CINIT_Base                  
01003fe0  __TI_CINIT_Limit                 
01003fe0  __TI_CINIT_Warm                  
20000000  __start___llvm_prf_bits          
20000000  __start___llvm_prf_cnts          
20000000  __stop___llvm_prf_bits           
20000000  __stop___llvm_prf_cnts           
20000310  _sys_memory                      
2000861c  PowerCC32XX_module               
20008788  parkInfo                         
20008880  gpioPinConfigs                   
20008970  SemaphoreP_defaultParams         
2000897c  ClockP_tickPeriod                
20008980  HwiP_swiPIntNum                  
20008984  _lock                            
20008988  _unlock                          
20008998  PowerCC32XX_contextSave          
20008ac4  gpioCallbackFunctions            
20008b48  gpioUserArgs                     
20008bcc  pwmTimerCC32XXObjects            
20008c18  ClockP_ctrl                      
2003f000  __stack                          
20040000  __STACK_END                      
ffffffff  __TI_pprof_out_hndl              
ffffffff  __TI_prof_data_size              
ffffffff  __TI_prof_data_start             
ffffffff  __binit__                        
ffffffff  binit                            
UNDEFED   ITM_flush                        
UNDEFED   ITM_restore                      
UNDEFED   __mpu_init                       
UNDEFED   _system_post_cinit               

[225 symbols]
