<?xml version="1.0" encoding="ISO-8859-1" ?>
<link_info>
   <banner>TI ARM Clang Linker PC v3.2.0.LTS</banner>
   <copyright>Copyright (c) 1996-2018 Texas Instruments Incorporated</copyright>
   <link_time>0x65b4486d</link_time>
   <link_errors>0x0</link_errors>
   <output_file>C:\Users\domdr\OneDrive\Code Composer Studio\uart2echo_CC3220SF_LAUNCHXL_nortos_ticlang\Debug\uart2echo_CC3220SF_LAUNCHXL_nortos_ticlang.out</output_file>
   <entry_point>
      <name>resetISR</name>
      <address>0x1004459</address>
   </entry_point>
   <input_file_list>
      <input_file id="fl-1">
         <path>C:\Users\domdr\OneDrive\Code Composer Studio\uart2echo_CC3220SF_LAUNCHXL_nortos_ticlang\Debug\.\</path>
         <kind>object</kind>
         <file>main_nortos.o</file>
         <name>main_nortos.o</name>
      </input_file>
      <input_file id="fl-2">
         <path>C:\Users\domdr\OneDrive\Code Composer Studio\uart2echo_CC3220SF_LAUNCHXL_nortos_ticlang\Debug\.\</path>
         <kind>object</kind>
         <file>uart2echo.o</file>
         <name>uart2echo.o</name>
      </input_file>
      <input_file id="fl-3">
         <path>C:\Users\domdr\OneDrive\Code Composer Studio\uart2echo_CC3220SF_LAUNCHXL_nortos_ticlang\Debug\.\syscfg\</path>
         <kind>object</kind>
         <file>ti_drivers_config.o</file>
         <name>ti_drivers_config.o</name>
      </input_file>
      <input_file id="fl-13">
         <path>C:\Users\domdr\OneDrive\Code Composer Studio\uart2echo_CC3220SF_LAUNCHXL_nortos_ticlang\Debug\</path>
         <kind>object</kind>
         <file>&lt;internal&gt;</file>
         <name>&lt;internal&gt;</name>
      </input_file>
      <input_file id="fl-14">
         <path>C:\ti\simplelink_cc32xx_sdk_7_10_00_13\source\ti\drivers\lib\ticlang\m4\</path>
         <kind>archive</kind>
         <file>drivers_cc32xx.a</file>
         <name>GPIOCC32XX.c.obj</name>
      </input_file>
      <input_file id="fl-15">
         <path>C:\ti\simplelink_cc32xx_sdk_7_10_00_13\source\ti\drivers\lib\ticlang\m4\</path>
         <kind>archive</kind>
         <file>drivers_cc32xx.a</file>
         <name>PowerCC32XX.c.obj</name>
      </input_file>
      <input_file id="fl-16">
         <path>C:\ti\simplelink_cc32xx_sdk_7_10_00_13\source\ti\drivers\lib\ticlang\m4\</path>
         <kind>archive</kind>
         <file>drivers_cc32xx.a</file>
         <name>PowerCC32XX_ticlang.asm.obj</name>
      </input_file>
      <input_file id="fl-17">
         <path>C:\ti\simplelink_cc32xx_sdk_7_10_00_13\source\ti\drivers\lib\ticlang\m4\</path>
         <kind>archive</kind>
         <file>drivers_cc32xx.a</file>
         <name>UART2.c.obj</name>
      </input_file>
      <input_file id="fl-18">
         <path>C:\ti\simplelink_cc32xx_sdk_7_10_00_13\source\ti\drivers\lib\ticlang\m4\</path>
         <kind>archive</kind>
         <file>drivers_cc32xx.a</file>
         <name>UART2CC32XX.c.obj</name>
      </input_file>
      <input_file id="fl-19">
         <path>C:\ti\simplelink_cc32xx_sdk_7_10_00_13\source\ti\drivers\lib\ticlang\m4\</path>
         <kind>archive</kind>
         <file>drivers_cc32xx.a</file>
         <name>List.c.obj</name>
      </input_file>
      <input_file id="fl-1a">
         <path>C:\ti\simplelink_cc32xx_sdk_7_10_00_13\source\ti\drivers\lib\ticlang\m4\</path>
         <kind>archive</kind>
         <file>drivers_cc32xx.a</file>
         <name>RingBuf.c.obj</name>
      </input_file>
      <input_file id="fl-1b">
         <path>C:\ti\simplelink_cc32xx_sdk_7_10_00_13\source\ti\drivers\lib\ticlang\m4\</path>
         <kind>archive</kind>
         <file>drivers_cc32xx.a</file>
         <name>UDMACC32XX.c.obj</name>
      </input_file>
      <input_file id="fl-1c">
         <path>C:\ti\simplelink_cc32xx_sdk_7_10_00_13\kernel\nortos\lib\ticlang\m4\</path>
         <kind>archive</kind>
         <file>nortos_cc32xx.a</file>
         <name>NoRTOS.c.obj</name>
      </input_file>
      <input_file id="fl-1d">
         <path>C:\ti\simplelink_cc32xx_sdk_7_10_00_13\kernel\nortos\lib\ticlang\m4\</path>
         <kind>archive</kind>
         <file>nortos_cc32xx.a</file>
         <name>SemaphoreP_nortos.c.obj</name>
      </input_file>
      <input_file id="fl-1e">
         <path>C:\ti\simplelink_cc32xx_sdk_7_10_00_13\kernel\nortos\lib\ticlang\m4\</path>
         <kind>archive</kind>
         <file>nortos_cc32xx.a</file>
         <name>ClockPSysTick_nortos.c.obj</name>
      </input_file>
      <input_file id="fl-1f">
         <path>C:\ti\simplelink_cc32xx_sdk_7_10_00_13\kernel\nortos\lib\ticlang\m4\</path>
         <kind>archive</kind>
         <file>nortos_cc32xx.a</file>
         <name>HwiPCC32XX_nortos.c.obj</name>
      </input_file>
      <input_file id="fl-20">
         <path>C:\ti\simplelink_cc32xx_sdk_7_10_00_13\kernel\nortos\lib\ticlang\m4\</path>
         <kind>archive</kind>
         <file>nortos_cc32xx.a</file>
         <name>PowerCC32XX_nortos.c.obj</name>
      </input_file>
      <input_file id="fl-21">
         <path>C:\ti\simplelink_cc32xx_sdk_7_10_00_13\kernel\nortos\lib\ticlang\m4\</path>
         <kind>archive</kind>
         <file>nortos_cc32xx.a</file>
         <name>startup_cc32xx_ticlang.c.obj</name>
      </input_file>
      <input_file id="fl-22">
         <path>C:\ti\simplelink_cc32xx_sdk_7_10_00_13\kernel\nortos\lib\ticlang\m4\</path>
         <kind>archive</kind>
         <file>nortos_cc32xx.a</file>
         <name>SwiP_nortos.c.obj</name>
      </input_file>
      <input_file id="fl-23">
         <path>C:\ti\simplelink_cc32xx_sdk_7_10_00_13\source\ti\devices\cc32xx\driverlib\ticlang\Release\</path>
         <kind>archive</kind>
         <file>driverlib.a</file>
         <name>cpu.obj</name>
      </input_file>
      <input_file id="fl-24">
         <path>C:\ti\simplelink_cc32xx_sdk_7_10_00_13\source\ti\devices\cc32xx\driverlib\ticlang\Release\</path>
         <kind>archive</kind>
         <file>driverlib.a</file>
         <name>gpio.obj</name>
      </input_file>
      <input_file id="fl-25">
         <path>C:\ti\simplelink_cc32xx_sdk_7_10_00_13\source\ti\devices\cc32xx\driverlib\ticlang\Release\</path>
         <kind>archive</kind>
         <file>driverlib.a</file>
         <name>hwspinlock.obj</name>
      </input_file>
      <input_file id="fl-26">
         <path>C:\ti\simplelink_cc32xx_sdk_7_10_00_13\source\ti\devices\cc32xx\driverlib\ticlang\Release\</path>
         <kind>archive</kind>
         <file>driverlib.a</file>
         <name>interrupt.obj</name>
      </input_file>
      <input_file id="fl-27">
         <path>C:\ti\simplelink_cc32xx_sdk_7_10_00_13\source\ti\devices\cc32xx\driverlib\ticlang\Release\</path>
         <kind>archive</kind>
         <file>driverlib.a</file>
         <name>pin.obj</name>
      </input_file>
      <input_file id="fl-28">
         <path>C:\ti\simplelink_cc32xx_sdk_7_10_00_13\source\ti\devices\cc32xx\driverlib\ticlang\Release\</path>
         <kind>archive</kind>
         <file>driverlib.a</file>
         <name>prcm.obj</name>
      </input_file>
      <input_file id="fl-29">
         <path>C:\ti\simplelink_cc32xx_sdk_7_10_00_13\source\ti\devices\cc32xx\driverlib\ticlang\Release\</path>
         <kind>archive</kind>
         <file>driverlib.a</file>
         <name>spi.obj</name>
      </input_file>
      <input_file id="fl-2a">
         <path>C:\ti\simplelink_cc32xx_sdk_7_10_00_13\source\ti\devices\cc32xx\driverlib\ticlang\Release\</path>
         <kind>archive</kind>
         <file>driverlib.a</file>
         <name>systick.obj</name>
      </input_file>
      <input_file id="fl-2b">
         <path>C:\ti\simplelink_cc32xx_sdk_7_10_00_13\source\ti\devices\cc32xx\driverlib\ticlang\Release\</path>
         <kind>archive</kind>
         <file>driverlib.a</file>
         <name>uart.obj</name>
      </input_file>
      <input_file id="fl-2c">
         <path>C:\ti\simplelink_cc32xx_sdk_7_10_00_13\source\ti\devices\cc32xx\driverlib\ticlang\Release\</path>
         <kind>archive</kind>
         <file>driverlib.a</file>
         <name>udma.obj</name>
      </input_file>
      <input_file id="fl-2d">
         <path>C:\ti\simplelink_cc32xx_sdk_7_10_00_13\source\ti\devices\cc32xx\driverlib\ticlang\Release\</path>
         <kind>archive</kind>
         <file>driverlib.a</file>
         <name>utils.obj</name>
      </input_file>
      <input_file id="fl-2e">
         <path>C:\ti\simplelink_cc32xx_sdk_7_10_00_13\source\ti\devices\cc32xx\driverlib\ticlang\Release\</path>
         <kind>archive</kind>
         <file>driverlib.a</file>
         <name>flash.obj</name>
      </input_file>
      <input_file id="fl-3b">
         <path>C:\ti\ccs1250\ccs\tools\compiler\ti-cgt-armllvm_3.2.0.LTS\lib\armv7em-ti-none-eabi\c\</path>
         <kind>archive</kind>
         <file>libc.a</file>
         <name>memory.c.obj</name>
      </input_file>
      <input_file id="fl-3c">
         <path>C:\ti\ccs1250\ccs\tools\compiler\ti-cgt-armllvm_3.2.0.LTS\lib\armv7em-ti-none-eabi\c\</path>
         <kind>archive</kind>
         <file>libc.a</file>
         <name>boot_cortex_m.c.obj</name>
      </input_file>
      <input_file id="fl-3d">
         <path>C:\ti\ccs1250\ccs\tools\compiler\ti-cgt-armllvm_3.2.0.LTS\lib\armv7em-ti-none-eabi\c\</path>
         <kind>archive</kind>
         <file>libc.a</file>
         <name>mathacl_init.c.obj</name>
      </input_file>
      <input_file id="fl-3e">
         <path>C:\ti\ccs1250\ccs\tools\compiler\ti-cgt-armllvm_3.2.0.LTS\lib\armv7em-ti-none-eabi\c\</path>
         <kind>archive</kind>
         <file>libc.a</file>
         <name>autoinit.c.obj</name>
      </input_file>
      <input_file id="fl-3f">
         <path>C:\ti\ccs1250\ccs\tools\compiler\ti-cgt-armllvm_3.2.0.LTS\lib\armv7em-ti-none-eabi\c\</path>
         <kind>archive</kind>
         <file>libc.a</file>
         <name>pre_init.c.obj</name>
      </input_file>
      <input_file id="fl-40">
         <path>C:\ti\ccs1250\ccs\tools\compiler\ti-cgt-armllvm_3.2.0.LTS\lib\armv7em-ti-none-eabi\c\</path>
         <kind>archive</kind>
         <file>libc.a</file>
         <name>cpy_tbl.c.obj</name>
      </input_file>
      <input_file id="fl-41">
         <path>C:\ti\ccs1250\ccs\tools\compiler\ti-cgt-armllvm_3.2.0.LTS\lib\armv7em-ti-none-eabi\c\</path>
         <kind>archive</kind>
         <file>libc.a</file>
         <name>copy_zero_init.c.obj</name>
      </input_file>
      <input_file id="fl-42">
         <path>C:\ti\ccs1250\ccs\tools\compiler\ti-cgt-armllvm_3.2.0.LTS\lib\armv7em-ti-none-eabi\c\</path>
         <kind>archive</kind>
         <file>libc.a</file>
         <name>copy_decompress_none.c.obj</name>
      </input_file>
      <input_file id="fl-43">
         <path>C:\ti\ccs1250\ccs\tools\compiler\ti-cgt-armllvm_3.2.0.LTS\lib\armv7em-ti-none-eabi\c\</path>
         <kind>archive</kind>
         <file>libc.a</file>
         <name>copy_decompress_lzss.c.obj</name>
      </input_file>
      <input_file id="fl-44">
         <path>C:\ti\ccs1250\ccs\tools\compiler\ti-cgt-armllvm_3.2.0.LTS\lib\armv7em-ti-none-eabi\c\</path>
         <kind>archive</kind>
         <file>libc.a</file>
         <name>exit.c.obj</name>
      </input_file>
      <input_file id="fl-45">
         <path>C:\ti\ccs1250\ccs\tools\compiler\ti-cgt-armllvm_3.2.0.LTS\lib\armv7em-ti-none-eabi\c\</path>
         <kind>archive</kind>
         <file>libc.a</file>
         <name>_lock.c.obj</name>
      </input_file>
      <input_file id="fl-46">
         <path>C:\ti\ccs1250\ccs\tools\compiler\ti-cgt-armllvm_3.2.0.LTS\lib\armv7em-ti-none-eabi\c\</path>
         <kind>archive</kind>
         <file>libc.a</file>
         <name>args_main.c.obj</name>
      </input_file>
      <input_file id="fl-aa">
         <path>C:\ti\ccs1250\ccs\tools\compiler\ti-cgt-armllvm_3.2.0.LTS\lib\clang\15.0.7\lib\armv7em-ti-none-eabi\</path>
         <kind>archive</kind>
         <file>libclang_rt.builtins.a</file>
         <name>aeabi_memcpy.S.obj</name>
      </input_file>
      <input_file id="fl-ab">
         <path>C:\ti\ccs1250\ccs\tools\compiler\ti-cgt-armllvm_3.2.0.LTS\lib\clang\15.0.7\lib\armv7em-ti-none-eabi\</path>
         <kind>archive</kind>
         <file>libclang_rt.builtins.a</file>
         <name>aeabi_memset.S.obj</name>
      </input_file>
      <input_file id="fl-ac">
         <path>C:\ti\ccs1250\ccs\tools\compiler\ti-cgt-armllvm_3.2.0.LTS\lib\clang\15.0.7\lib\armv7em-ti-none-eabi\</path>
         <kind>archive</kind>
         <file>libclang_rt.builtins.a</file>
         <name>aeabi_uldivmod.S.obj</name>
      </input_file>
      <input_file id="fl-ad">
         <path>C:\ti\ccs1250\ccs\tools\compiler\ti-cgt-armllvm_3.2.0.LTS\lib\clang\15.0.7\lib\armv7em-ti-none-eabi\</path>
         <kind>archive</kind>
         <file>libclang_rt.builtins.a</file>
         <name>udivmoddi4.S.obj</name>
      </input_file>
      <input_file id="fl-ae">
         <path>C:\ti\ccs1250\ccs\tools\compiler\ti-cgt-armllvm_3.2.0.LTS\lib\clang\15.0.7\lib\armv7em-ti-none-eabi\</path>
         <kind>archive</kind>
         <file>libclang_rt.builtins.a</file>
         <name>aeabi_div0.c.obj</name>
      </input_file>
      <input_file id="fl-af">
         <path>C:\ti\ccs1250\ccs\tools\compiler\ti-cgt-armllvm_3.2.0.LTS\lib\armv7em-ti-none-eabi\c\</path>
         <kind>archive</kind>
         <file>libc.a</file>
         <name>memcpy_t2.S.obj</name>
      </input_file>
      <input_file id="fl-b0">
         <path>C:\ti\ccs1250\ccs\tools\compiler\ti-cgt-armllvm_3.2.0.LTS\lib\armv7em-ti-none-eabi\c\</path>
         <kind>archive</kind>
         <file>libc.a</file>
         <name>memset_t2.S.obj</name>
      </input_file>
   </input_file_list>
   <object_component_list>
      <object_component id="oc-d3">
         <name>.text.PRCMCC3200MCUInit</name>
         <load_address>0x1000840</load_address>
         <readonly>true</readonly>
         <executable>true</executable>
         <run_address>0x1000840</run_address>
         <size>0x4b8</size>
         <alignment>0x2</alignment>
         <input_file_ref idref="fl-28"/>
      </object_component>
      <object_component id="oc-20c">
         <name>.text.Power_sleep</name>
         <load_address>0x1000cf8</load_address>
         <readonly>true</readonly>
         <executable>true</executable>
         <run_address>0x1000cf8</run_address>
         <size>0x3e4</size>
         <alignment>0x4</alignment>
         <input_file_ref idref="fl-15"/>
      </object_component>
      <object_component id="oc-16b">
         <name>.text.UART2CC32XX_hwiIntFxn</name>
         <load_address>0x10010dc</load_address>
         <readonly>true</readonly>
         <executable>true</executable>
         <run_address>0x10010dc</run_address>
         <size>0x222</size>
         <alignment>0x2</alignment>
         <input_file_ref idref="fl-18"/>
      </object_component>
      <object_component id="oc-16f">
         <name>.text.UART2_readTimeout</name>
         <load_address>0x10012fe</load_address>
         <readonly>true</readonly>
         <executable>true</executable>
         <run_address>0x10012fe</run_address>
         <size>0x1d2</size>
         <alignment>0x2</alignment>
         <input_file_ref idref="fl-17"/>
      </object_component>
      <object_component id="oc-f4">
         <name>.text.UART2_open</name>
         <load_address>0x10014d0</load_address>
         <readonly>true</readonly>
         <executable>true</executable>
         <run_address>0x10014d0</run_address>
         <size>0x1cc</size>
         <alignment>0x4</alignment>
         <input_file_ref idref="fl-18"/>
      </object_component>
      <object_component id="oc-1f0">
         <name>.text.UART2_writeTimeoutBlocking</name>
         <load_address>0x100169c</load_address>
         <readonly>true</readonly>
         <executable>true</executable>
         <run_address>0x100169c</run_address>
         <size>0x174</size>
         <alignment>0x2</alignment>
         <input_file_ref idref="fl-17"/>
      </object_component>
      <object_component id="oc-18b">
         <name>.text.PowerCC32XX_sleepPolicy</name>
         <load_address>0x1001810</load_address>
         <readonly>true</readonly>
         <executable>true</executable>
         <run_address>0x1001810</run_address>
         <size>0x150</size>
         <alignment>0x4</alignment>
         <input_file_ref idref="fl-20"/>
      </object_component>
      <object_component id="oc-ee">
         <name>.text.GPIO_setConfig</name>
         <load_address>0x1001960</load_address>
         <readonly>true</readonly>
         <executable>true</executable>
         <run_address>0x1001960</run_address>
         <size>0x140</size>
         <alignment>0x4</alignment>
         <input_file_ref idref="fl-14"/>
      </object_component>
      <object_component id="oc-21b">
         <name>.text.aligned_alloc</name>
         <load_address>0x1001aa0</load_address>
         <readonly>true</readonly>
         <executable>true</executable>
         <run_address>0x1001aa0</run_address>
         <size>0x120</size>
         <alignment>0x4</alignment>
         <input_file_ref idref="fl-3b"/>
      </object_component>
      <object_component id="oc-1ef">
         <name>.text.UART2_writeTimeoutNonblocking</name>
         <load_address>0x1001bc0</load_address>
         <readonly>true</readonly>
         <executable>true</executable>
         <run_address>0x1001bc0</run_address>
         <size>0x11a</size>
         <alignment>0x2</alignment>
         <input_file_ref idref="fl-17"/>
      </object_component>
      <object_component id="oc-236">
         <name>.text.uDMAChannelTransferSet</name>
         <load_address>0x1001cda</load_address>
         <readonly>true</readonly>
         <executable>true</executable>
         <run_address>0x1001cda</run_address>
         <size>0x112</size>
         <alignment>0x2</alignment>
         <input_file_ref idref="fl-2c"/>
      </object_component>
      <object_component id="oc-192">
         <name>.text.free</name>
         <load_address>0x1001dec</load_address>
         <readonly>true</readonly>
         <executable>true</executable>
         <run_address>0x1001dec</run_address>
         <size>0xf0</size>
         <alignment>0x4</alignment>
         <input_file_ref idref="fl-3b"/>
      </object_component>
      <object_component id="oc-166">
         <name>.text.UART2_close</name>
         <load_address>0x1001edc</load_address>
         <readonly>true</readonly>
         <executable>true</executable>
         <run_address>0x1001edc</run_address>
         <size>0xe8</size>
         <alignment>0x4</alignment>
         <input_file_ref idref="fl-18"/>
      </object_component>
      <object_component id="oc-1eb">
         <name>.text.UART2Support_dmaStartRx</name>
         <load_address>0x1001fc4</load_address>
         <readonly>true</readonly>
         <executable>true</executable>
         <run_address>0x1001fc4</run_address>
         <size>0xcc</size>
         <alignment>0x4</alignment>
         <input_file_ref idref="fl-18"/>
      </object_component>
      <object_component id="oc-229">
         <name>.text.IntDisable</name>
         <load_address>0x1002090</load_address>
         <readonly>true</readonly>
         <executable>true</executable>
         <run_address>0x1002090</run_address>
         <size>0xc8</size>
         <alignment>0x2</alignment>
         <input_file_ref idref="fl-26"/>
      </object_component>
      <object_component id="oc-1d3">
         <name>.text.IntEnable</name>
         <load_address>0x1002158</load_address>
         <readonly>true</readonly>
         <executable>true</executable>
         <run_address>0x1002158</run_address>
         <size>0xc8</size>
         <alignment>0x2</alignment>
         <input_file_ref idref="fl-26"/>
      </object_component>
      <object_component id="oc-b1">
         <name>.text.mainThread</name>
         <load_address>0x1002220</load_address>
         <readonly>true</readonly>
         <executable>true</executable>
         <run_address>0x1002220</run_address>
         <size>0xc8</size>
         <alignment>0x4</alignment>
         <input_file_ref idref="fl-2"/>
      </object_component>
      <object_component id="oc-162">
         <name>.text.UART2CC32XX_initHw</name>
         <load_address>0x10022e8</load_address>
         <readonly>true</readonly>
         <executable>true</executable>
         <run_address>0x10022e8</run_address>
         <size>0xc4</size>
         <alignment>0x4</alignment>
         <input_file_ref idref="fl-18"/>
      </object_component>
      <object_component id="oc-1ee">
         <name>.text.UART2Support_dmaStartTx</name>
         <load_address>0x10023ac</load_address>
         <readonly>true</readonly>
         <executable>true</executable>
         <run_address>0x10023ac</run_address>
         <size>0xb8</size>
         <alignment>0x4</alignment>
         <input_file_ref idref="fl-18"/>
      </object_component>
      <object_component id="oc-246">
         <name>.text</name>
         <load_address>0x1002464</load_address>
         <readonly>true</readonly>
         <executable>true</executable>
         <run_address>0x1002464</run_address>
         <size>0xb0</size>
         <alignment>0x4</alignment>
         <input_file_ref idref="fl-ad"/>
      </object_component>
      <object_component id="oc-1ab">
         <name>.text.GPIOIntTypeSet</name>
         <load_address>0x1002514</load_address>
         <readonly>true</readonly>
         <executable>true</executable>
         <run_address>0x1002514</run_address>
         <size>0xac</size>
         <alignment>0x2</alignment>
         <input_file_ref idref="fl-24"/>
      </object_component>
      <object_component id="oc-27b">
         <name>.text.IntPendSet</name>
         <load_address>0x10025c0</load_address>
         <readonly>true</readonly>
         <executable>true</executable>
         <run_address>0x10025c0</run_address>
         <size>0xa4</size>
         <alignment>0x2</alignment>
         <input_file_ref idref="fl-26"/>
      </object_component>
      <object_component id="oc-13e">
         <name>.text.PinConfigSet</name>
         <load_address>0x1002664</load_address>
         <readonly>true</readonly>
         <executable>true</executable>
         <run_address>0x1002664</run_address>
         <size>0xa2</size>
         <alignment>0x2</alignment>
         <input_file_ref idref="fl-27"/>
      </object_component>
      <object_component id="oc-e3">
         <name>.text.Board_initHook</name>
         <load_address>0x1002706</load_address>
         <readonly>true</readonly>
         <executable>true</executable>
         <run_address>0x1002706</run_address>
         <size>0x2</size>
         <alignment>0x2</alignment>
         <input_file_ref idref="fl-3"/>
      </object_component>
      <object_component id="oc-130">
         <name>.text.SemaphoreP_pend</name>
         <load_address>0x1002708</load_address>
         <readonly>true</readonly>
         <executable>true</executable>
         <run_address>0x1002708</run_address>
         <size>0x98</size>
         <alignment>0x4</alignment>
         <input_file_ref idref="fl-1d"/>
      </object_component>
      <object_component id="oc-252">
         <name>.text</name>
         <load_address>0x10027a0</load_address>
         <readonly>true</readonly>
         <executable>true</executable>
         <run_address>0x10027a0</run_address>
         <size>0x96</size>
         <alignment>0x10</alignment>
         <input_file_ref idref="fl-16"/>
      </object_component>
      <object_component id="oc-1cc">
         <name>.text.uDMAChannelAttributeDisable</name>
         <load_address>0x1002836</load_address>
         <readonly>true</readonly>
         <executable>true</executable>
         <run_address>0x1002836</run_address>
         <size>0x92</size>
         <alignment>0x2</alignment>
         <input_file_ref idref="fl-2c"/>
      </object_component>
      <object_component id="oc-dd">
         <name>.text.GPIO_init</name>
         <load_address>0x10028c8</load_address>
         <readonly>true</readonly>
         <executable>true</executable>
         <run_address>0x10028c8</run_address>
         <size>0x90</size>
         <alignment>0x4</alignment>
         <input_file_ref idref="fl-14"/>
      </object_component>
      <object_component id="oc-10f">
         <name>.text.PRCMSysResetCauseGet</name>
         <load_address>0x1002958</load_address>
         <readonly>true</readonly>
         <executable>true</executable>
         <run_address>0x1002958</run_address>
         <size>0x8e</size>
         <alignment>0x2</alignment>
         <input_file_ref idref="fl-28"/>
      </object_component>
      <object_component id="oc-186">
         <name>.text.PowerCC32XX_initPolicy</name>
         <load_address>0x10029e6</load_address>
         <readonly>true</readonly>
         <executable>true</executable>
         <run_address>0x10029e6</run_address>
         <size>0x2</size>
         <alignment>0x2</alignment>
         <input_file_ref idref="fl-20"/>
      </object_component>
      <object_component id="oc-121">
         <name>.text.PowerCC32XX_configureWakeup</name>
         <load_address>0x10029e8</load_address>
         <readonly>true</readonly>
         <executable>true</executable>
         <run_address>0x10029e8</run_address>
         <size>0x88</size>
         <alignment>0x4</alignment>
         <input_file_ref idref="fl-15"/>
      </object_component>
      <object_component id="oc-d8">
         <name>.text.Power_init</name>
         <load_address>0x1002a70</load_address>
         <readonly>true</readonly>
         <executable>true</executable>
         <run_address>0x1002a70</run_address>
         <size>0x78</size>
         <alignment>0x4</alignment>
         <input_file_ref idref="fl-15"/>
      </object_component>
      <object_component id="oc-164">
         <name>.text.HwiP_construct</name>
         <load_address>0x1002ae8</load_address>
         <readonly>true</readonly>
         <executable>true</executable>
         <run_address>0x1002ae8</run_address>
         <size>0x74</size>
         <alignment>0x4</alignment>
         <input_file_ref idref="fl-1f"/>
      </object_component>
      <object_component id="oc-183">
         <name>.text.PRCMHibernateWakeUpGPIOSelect</name>
         <load_address>0x1002b5c</load_address>
         <readonly>true</readonly>
         <executable>true</executable>
         <run_address>0x1002b5c</run_address>
         <size>0x74</size>
         <alignment>0x2</alignment>
         <input_file_ref idref="fl-28"/>
      </object_component>
      <object_component id="oc-1c1">
         <name>.text.UARTConfigSetExpClk</name>
         <load_address>0x1002bd0</load_address>
         <readonly>true</readonly>
         <executable>true</executable>
         <run_address>0x1002bd0</run_address>
         <size>0x74</size>
         <alignment>0x2</alignment>
         <input_file_ref idref="fl-2b"/>
      </object_component>
      <object_component id="oc-19">
         <name>.text:decompress:lzss</name>
         <load_address>0x1002c44</load_address>
         <readonly>true</readonly>
         <executable>true</executable>
         <run_address>0x1002c44</run_address>
         <size>0x70</size>
         <alignment>0x2</alignment>
         <input_file_ref idref="fl-43"/>
      </object_component>
      <object_component id="oc-250">
         <name>.text.PinLockLevelSet</name>
         <load_address>0x1002cb4</load_address>
         <readonly>true</readonly>
         <executable>true</executable>
         <run_address>0x1002cb4</run_address>
         <size>0x6c</size>
         <alignment>0x2</alignment>
         <input_file_ref idref="fl-27"/>
      </object_component>
      <object_component id="oc-13f">
         <name>.text.Power_setDependency</name>
         <load_address>0x1002d20</load_address>
         <readonly>true</readonly>
         <executable>true</executable>
         <run_address>0x1002d20</run_address>
         <size>0x6c</size>
         <alignment>0x4</alignment>
         <input_file_ref idref="fl-15"/>
      </object_component>
      <object_component id="oc-160">
         <name>.text.UDMACC32XX_open</name>
         <load_address>0x1002d8c</load_address>
         <readonly>true</readonly>
         <executable>true</executable>
         <run_address>0x1002d8c</run_address>
         <size>0x6c</size>
         <alignment>0x4</alignment>
         <input_file_ref idref="fl-1b"/>
      </object_component>
      <object_component id="oc-137">
         <name>.text.powerNotifyFxn</name>
         <load_address>0x1002df8</load_address>
         <readonly>true</readonly>
         <executable>true</executable>
         <run_address>0x1002df8</run_address>
         <size>0x6c</size>
         <alignment>0x4</alignment>
         <input_file_ref idref="fl-14"/>
      </object_component>
      <object_component id="oc-260">
         <name>.text.split</name>
         <load_address>0x1002e64</load_address>
         <readonly>true</readonly>
         <executable>true</executable>
         <run_address>0x1002e64</run_address>
         <size>0x6c</size>
         <alignment>0x4</alignment>
         <input_file_ref idref="fl-3b"/>
      </object_component>
      <object_component id="oc-117">
         <name>.text.PRCMPeripheralReset</name>
         <load_address>0x1002ed0</load_address>
         <readonly>true</readonly>
         <executable>true</executable>
         <run_address>0x1002ed0</run_address>
         <size>0x6a</size>
         <alignment>0x2</alignment>
         <input_file_ref idref="fl-28"/>
      </object_component>
      <object_component id="oc-1d0">
         <name>.text.IntPendClear</name>
         <load_address>0x1002f3a</load_address>
         <readonly>true</readonly>
         <executable>true</executable>
         <run_address>0x1002f3a</run_address>
         <size>0x68</size>
         <alignment>0x2</alignment>
         <input_file_ref idref="fl-26"/>
      </object_component>
      <object_component id="oc-1dd">
         <name>.text.SemaphoreP_destruct</name>
         <load_address>0x1002fa2</load_address>
         <readonly>true</readonly>
         <executable>true</executable>
         <run_address>0x1002fa2</run_address>
         <size>0x2</size>
         <alignment>0x2</alignment>
         <input_file_ref idref="fl-1d"/>
      </object_component>
      <object_component id="oc-fa">
         <name>.text.GPIO_write</name>
         <load_address>0x1002fa4</load_address>
         <readonly>true</readonly>
         <executable>true</executable>
         <run_address>0x1002fa4</run_address>
         <size>0x60</size>
         <alignment>0x4</alignment>
         <input_file_ref idref="fl-14"/>
      </object_component>
      <object_component id="oc-1ed">
         <name>.text.UART2Support_dmaStopTx</name>
         <load_address>0x1003004</load_address>
         <readonly>true</readonly>
         <executable>true</executable>
         <run_address>0x1003004</run_address>
         <size>0x60</size>
         <alignment>0x2</alignment>
         <input_file_ref idref="fl-18"/>
      </object_component>
      <object_component id="oc-276">
         <name>.text.FlashDisable</name>
         <load_address>0x1003064</load_address>
         <readonly>true</readonly>
         <executable>true</executable>
         <run_address>0x1003064</run_address>
         <size>0x5c</size>
         <alignment>0x2</alignment>
         <input_file_ref idref="fl-2e"/>
      </object_component>
      <object_component id="oc-185">
         <name>.text.PRCMHibernateWakeupSourceDisable</name>
         <load_address>0x10030c0</load_address>
         <readonly>true</readonly>
         <executable>true</executable>
         <run_address>0x10030c0</run_address>
         <size>0x5c</size>
         <alignment>0x2</alignment>
         <input_file_ref idref="fl-28"/>
      </object_component>
      <object_component id="oc-116">
         <name>.text.PRCMPeripheralClkEnable</name>
         <load_address>0x100311c</load_address>
         <readonly>true</readonly>
         <executable>true</executable>
         <run_address>0x100311c</run_address>
         <size>0x5a</size>
         <alignment>0x2</alignment>
         <input_file_ref idref="fl-28"/>
      </object_component>
      <object_component id="oc-169">
         <name>.text.UART2CC32XX_eventCallback</name>
         <load_address>0x1003176</load_address>
         <readonly>true</readonly>
         <executable>true</executable>
         <run_address>0x1003176</run_address>
         <size>0x2</size>
         <alignment>0x2</alignment>
         <input_file_ref idref="fl-18"/>
      </object_component>
      <object_component id="oc-226">
         <name>.text.ClockP_startup</name>
         <load_address>0x1003178</load_address>
         <readonly>true</readonly>
         <executable>true</executable>
         <run_address>0x1003178</run_address>
         <size>0x58</size>
         <alignment>0x4</alignment>
         <input_file_ref idref="fl-1e"/>
      </object_component>
      <object_component id="oc-1d2">
         <name>.text.IntPrioritySet</name>
         <load_address>0x10031d0</load_address>
         <readonly>true</readonly>
         <executable>true</executable>
         <run_address>0x10031d0</run_address>
         <size>0x58</size>
         <alignment>0x2</alignment>
         <input_file_ref idref="fl-26"/>
      </object_component>
      <object_component id="oc-25c">
         <name>.text.PRCMLPDSEnter</name>
         <load_address>0x1003228</load_address>
         <readonly>true</readonly>
         <executable>true</executable>
         <run_address>0x1003228</run_address>
         <size>0x56</size>
         <alignment>0x2</alignment>
         <input_file_ref idref="fl-28"/>
      </object_component>
      <object_component id="oc-26a">
         <name>.text.__aeabi_ldiv0</name>
         <load_address>0x100327e</load_address>
         <readonly>true</readonly>
         <executable>true</executable>
         <run_address>0x100327e</run_address>
         <size>0x2</size>
         <alignment>0x2</alignment>
         <input_file_ref idref="fl-ae"/>
      </object_component>
      <object_component id="oc-1a5">
         <name>.text.PowerCC32XX_setParkState</name>
         <load_address>0x1003280</load_address>
         <readonly>true</readonly>
         <executable>true</executable>
         <run_address>0x1003280</run_address>
         <size>0x54</size>
         <alignment>0x4</alignment>
         <input_file_ref idref="fl-15"/>
      </object_component>
      <object_component id="oc-1e0">
         <name>.text.Power_releaseDependency</name>
         <load_address>0x10032d4</load_address>
         <readonly>true</readonly>
         <executable>true</executable>
         <run_address>0x10032d4</run_address>
         <size>0x54</size>
         <alignment>0x4</alignment>
         <input_file_ref idref="fl-15"/>
      </object_component>
      <object_component id="oc-14d">
         <name>.text.GPIO_hwiIntFxn</name>
         <load_address>0x1003328</load_address>
         <readonly>true</readonly>
         <executable>true</executable>
         <run_address>0x1003328</run_address>
         <size>0x50</size>
         <alignment>0x4</alignment>
         <input_file_ref idref="fl-14"/>
      </object_component>
      <object_component id="oc-184">
         <name>.text.PRCMHibernateWakeupSourceEnable</name>
         <load_address>0x1003378</load_address>
         <readonly>true</readonly>
         <executable>true</executable>
         <run_address>0x1003378</run_address>
         <size>0x50</size>
         <alignment>0x2</alignment>
         <input_file_ref idref="fl-28"/>
      </object_component>
      <object_component id="oc-1d7">
         <name>.text.SemaphoreP_construct</name>
         <load_address>0x10033c8</load_address>
         <readonly>true</readonly>
         <executable>true</executable>
         <run_address>0x10033c8</run_address>
         <size>0x50</size>
         <alignment>0x4</alignment>
         <input_file_ref idref="fl-1d"/>
      </object_component>
      <object_component id="oc-1cb">
         <name>.text.uDMAChannelAssign</name>
         <load_address>0x1003418</load_address>
         <readonly>true</readonly>
         <executable>true</executable>
         <run_address>0x1003418</run_address>
         <size>0x4e</size>
         <alignment>0x2</alignment>
         <input_file_ref idref="fl-2c"/>
      </object_component>
      <object_component id="oc-171">
         <name>.text._nop</name>
         <load_address>0x1003466</load_address>
         <readonly>true</readonly>
         <executable>true</executable>
         <run_address>0x1003466</run_address>
         <size>0x2</size>
         <alignment>0x2</alignment>
         <input_file_ref idref="fl-45"/>
      </object_component>
      <object_component id="oc-148">
         <name>.text.GPIO_setInterruptConfig</name>
         <load_address>0x1003468</load_address>
         <readonly>true</readonly>
         <executable>true</executable>
         <run_address>0x1003468</run_address>
         <size>0x4c</size>
         <alignment>0x4</alignment>
         <input_file_ref idref="fl-14"/>
      </object_component>
      <object_component id="oc-274">
         <name>.text.PRCMLPDSRestoreInfoSet</name>
         <load_address>0x10034b4</load_address>
         <readonly>true</readonly>
         <executable>true</executable>
         <run_address>0x10034b4</run_address>
         <size>0x4c</size>
         <alignment>0x2</alignment>
         <input_file_ref idref="fl-28"/>
      </object_component>
      <object_component id="oc-1e9">
         <name>.text.UART2Support_dmaStopRx</name>
         <load_address>0x1003500</load_address>
         <readonly>true</readonly>
         <executable>true</executable>
         <run_address>0x1003500</run_address>
         <size>0x4a</size>
         <alignment>0x2</alignment>
         <input_file_ref idref="fl-18"/>
      </object_component>
      <object_component id="oc-230">
         <name>.text.uDMAChannelSizeGet</name>
         <load_address>0x100354a</load_address>
         <readonly>true</readonly>
         <executable>true</executable>
         <run_address>0x100354a</run_address>
         <size>0x4a</size>
         <alignment>0x2</alignment>
         <input_file_ref idref="fl-2c"/>
      </object_component>
      <object_component id="oc-59">
         <name>.text.ClockP_sysTickHandler</name>
         <load_address>0x1003594</load_address>
         <readonly>true</readonly>
         <executable>true</executable>
         <run_address>0x1003594</run_address>
         <size>0x48</size>
         <alignment>0x4</alignment>
         <input_file_ref idref="fl-1e"/>
      </object_component>
      <object_component id="oc-256">
         <name>.text.PRCMIntEnable</name>
         <load_address>0x10035dc</load_address>
         <readonly>true</readonly>
         <executable>true</executable>
         <run_address>0x10035dc</run_address>
         <size>0x48</size>
         <alignment>0x2</alignment>
         <input_file_ref idref="fl-28"/>
      </object_component>
      <object_component id="oc-1a7">
         <name>.text.PRCMPeripheralStatusGet</name>
         <load_address>0x1003624</load_address>
         <readonly>true</readonly>
         <executable>true</executable>
         <run_address>0x1003624</run_address>
         <size>0x48</size>
         <alignment>0x2</alignment>
         <input_file_ref idref="fl-28"/>
      </object_component>
      <object_component id="oc-271">
         <name>.text.PinConfigGet</name>
         <load_address>0x100366c</load_address>
         <readonly>true</readonly>
         <executable>true</executable>
         <run_address>0x100366c</run_address>
         <size>0x48</size>
         <alignment>0x2</alignment>
         <input_file_ref idref="fl-27"/>
      </object_component>
      <object_component id="oc-170">
         <name>.text.UART2_readFull</name>
         <load_address>0x10036b4</load_address>
         <readonly>true</readonly>
         <executable>true</executable>
         <run_address>0x10036b4</run_address>
         <size>0x48</size>
         <alignment>0x2</alignment>
         <input_file_ref idref="fl-17"/>
      </object_component>
      <object_component id="oc-25b">
         <name>.text.PRCMLPDSEnterKeepDebugIf</name>
         <load_address>0x10036fc</load_address>
         <readonly>true</readonly>
         <executable>true</executable>
         <run_address>0x10036fc</run_address>
         <size>0x46</size>
         <alignment>0x2</alignment>
         <input_file_ref idref="fl-28"/>
      </object_component>
      <object_component id="oc-22e">
         <name>.text.RingBuf_put</name>
         <load_address>0x1003742</load_address>
         <readonly>true</readonly>
         <executable>true</executable>
         <run_address>0x1003742</run_address>
         <size>0x46</size>
         <alignment>0x2</alignment>
         <input_file_ref idref="fl-1a"/>
      </object_component>
      <object_component id="oc-142">
         <name>.text.GPIODirModeSet</name>
         <load_address>0x1003788</load_address>
         <readonly>true</readonly>
         <executable>true</executable>
         <run_address>0x1003788</run_address>
         <size>0x44</size>
         <alignment>0x2</alignment>
         <input_file_ref idref="fl-24"/>
      </object_component>
      <object_component id="oc-1ac">
         <name>.text.GPIO_disableInt</name>
         <load_address>0x10037cc</load_address>
         <readonly>true</readonly>
         <executable>true</executable>
         <run_address>0x10037cc</run_address>
         <size>0x44</size>
         <alignment>0x4</alignment>
         <input_file_ref idref="fl-14"/>
      </object_component>
      <object_component id="oc-149">
         <name>.text.GPIO_enableInt</name>
         <load_address>0x1003810</load_address>
         <readonly>true</readonly>
         <executable>true</executable>
         <run_address>0x1003810</run_address>
         <size>0x44</size>
         <alignment>0x4</alignment>
         <input_file_ref idref="fl-14"/>
      </object_component>
      <object_component id="oc-1ec">
         <name>.text.Power_releaseConstraint</name>
         <load_address>0x1003854</load_address>
         <readonly>true</readonly>
         <executable>true</executable>
         <run_address>0x1003854</run_address>
         <size>0x44</size>
         <alignment>0x4</alignment>
         <input_file_ref idref="fl-15"/>
      </object_component>
      <object_component id="oc-7e">
         <name>.text.addToList</name>
         <load_address>0x1003898</load_address>
         <readonly>true</readonly>
         <executable>true</executable>
         <run_address>0x1003898</run_address>
         <size>0x44</size>
         <alignment>0x4</alignment>
         <input_file_ref idref="fl-1e"/>
      </object_component>
      <object_component id="oc-11e">
         <name>.text.PinModeSet</name>
         <load_address>0x10038dc</load_address>
         <readonly>true</readonly>
         <executable>true</executable>
         <run_address>0x10038dc</run_address>
         <size>0x42</size>
         <alignment>0x2</alignment>
         <input_file_ref idref="fl-27"/>
      </object_component>
      <object_component id="oc-201">
         <name>.text.getCountsRTC</name>
         <load_address>0x100391e</load_address>
         <readonly>true</readonly>
         <executable>true</executable>
         <run_address>0x100391e</run_address>
         <size>0x42</size>
         <alignment>0x2</alignment>
         <input_file_ref idref="fl-20"/>
      </object_component>
      <object_component id="oc-132">
         <name>.text.SemaphoreP_post</name>
         <load_address>0x1003960</load_address>
         <readonly>true</readonly>
         <executable>true</executable>
         <run_address>0x1003960</run_address>
         <size>0x40</size>
         <alignment>0x4</alignment>
         <input_file_ref idref="fl-1d"/>
      </object_component>
      <object_component id="oc-235">
         <name>.text.uDMAChannelControlSet</name>
         <load_address>0x10039a0</load_address>
         <readonly>true</readonly>
         <executable>true</executable>
         <run_address>0x10039a0</run_address>
         <size>0x40</size>
         <alignment>0x2</alignment>
         <input_file_ref idref="fl-2c"/>
      </object_component>
      <object_component id="oc-273">
         <name>.text.PinDirModeSet</name>
         <load_address>0x10039e0</load_address>
         <readonly>true</readonly>
         <executable>true</executable>
         <run_address>0x10039e0</run_address>
         <size>0x3e</size>
         <alignment>0x2</alignment>
         <input_file_ref idref="fl-27"/>
      </object_component>
      <object_component id="oc-58">
         <name>.text.busFaultHandler</name>
         <load_address>0x1003a1e</load_address>
         <readonly>true</readonly>
         <executable>true</executable>
         <run_address>0x1003a1e</run_address>
         <size>0x2</size>
         <alignment>0x2</alignment>
         <input_file_ref idref="fl-21"/>
      </object_component>
      <object_component id="oc-218">
         <name>.text.ClockP_stop</name>
         <load_address>0x1003a20</load_address>
         <readonly>true</readonly>
         <executable>true</executable>
         <run_address>0x1003a20</run_address>
         <size>0x3c</size>
         <alignment>0x4</alignment>
         <input_file_ref idref="fl-1e"/>
      </object_component>
      <object_component id="oc-15b">
         <name>.text.UDMACC32XX_init</name>
         <load_address>0x1003a5c</load_address>
         <readonly>true</readonly>
         <executable>true</executable>
         <run_address>0x1003a5c</run_address>
         <size>0x3c</size>
         <alignment>0x4</alignment>
         <input_file_ref idref="fl-1b"/>
      </object_component>
      <object_component id="oc-198">
         <name>.text.ClockP_destruct</name>
         <load_address>0x1003a98</load_address>
         <readonly>true</readonly>
         <executable>true</executable>
         <run_address>0x1003a98</run_address>
         <size>0x38</size>
         <alignment>0x4</alignment>
         <input_file_ref idref="fl-1e"/>
      </object_component>
      <object_component id="oc-239">
         <name>.text.Power_setConstraint</name>
         <load_address>0x1003ad0</load_address>
         <readonly>true</readonly>
         <executable>true</executable>
         <run_address>0x1003ad0</run_address>
         <size>0x38</size>
         <alignment>0x4</alignment>
         <input_file_ref idref="fl-15"/>
      </object_component>
      <object_component id="oc-232">
         <name>.text.RingBuf_putAdvance</name>
         <load_address>0x1003b08</load_address>
         <readonly>true</readonly>
         <executable>true</executable>
         <run_address>0x1003b08</run_address>
         <size>0x38</size>
         <alignment>0x2</alignment>
         <input_file_ref idref="fl-1a"/>
      </object_component>
      <object_component id="oc-212">
         <name>.text.SwiP_restore</name>
         <load_address>0x1003b40</load_address>
         <readonly>true</readonly>
         <executable>true</executable>
         <run_address>0x1003b40</run_address>
         <size>0x38</size>
         <alignment>0x4</alignment>
         <input_file_ref idref="fl-22"/>
      </object_component>
      <object_component id="oc-1f2">
         <name>.text.UART2_rxEnable</name>
         <load_address>0x1003b78</load_address>
         <readonly>true</readonly>
         <executable>true</executable>
         <run_address>0x1003b78</run_address>
         <size>0x38</size>
         <alignment>0x2</alignment>
         <input_file_ref idref="fl-17"/>
      </object_component>
      <object_component id="oc-1de">
         <name>.text.UDMACC32XX_close</name>
         <load_address>0x1003bb0</load_address>
         <readonly>true</readonly>
         <executable>true</executable>
         <run_address>0x1003bb0</run_address>
         <size>0x38</size>
         <alignment>0x4</alignment>
         <input_file_ref idref="fl-1b"/>
      </object_component>
      <object_component id="oc-c0">
         <name>.text:__TI_auto_init_nobinit_nopinit</name>
         <load_address>0x1003be8</load_address>
         <readonly>true</readonly>
         <executable>true</executable>
         <run_address>0x1003be8</run_address>
         <size>0x38</size>
         <alignment>0x4</alignment>
         <input_file_ref idref="fl-3e"/>
      </object_component>
      <object_component id="oc-251">
         <name>.text.PinLock</name>
         <load_address>0x1003c20</load_address>
         <readonly>true</readonly>
         <executable>true</executable>
         <run_address>0x1003c20</run_address>
         <size>0x36</size>
         <alignment>0x2</alignment>
         <input_file_ref idref="fl-27"/>
      </object_component>
      <object_component id="oc-268">
         <name>.text.UARTCharPutNonBlocking</name>
         <load_address>0x1003c56</load_address>
         <readonly>true</readonly>
         <executable>true</executable>
         <run_address>0x1003c56</run_address>
         <size>0x36</size>
         <alignment>0x2</alignment>
         <input_file_ref idref="fl-2b"/>
      </object_component>
      <object_component id="oc-195">
         <name>.text.ClockP_start</name>
         <load_address>0x1003c8c</load_address>
         <readonly>true</readonly>
         <executable>true</executable>
         <run_address>0x1003c8c</run_address>
         <size>0x34</size>
         <alignment>0x4</alignment>
         <input_file_ref idref="fl-1e"/>
      </object_component>
      <object_component id="oc-272">
         <name>.text.PinDirModeGet</name>
         <load_address>0x1003cc0</load_address>
         <readonly>true</readonly>
         <executable>true</executable>
         <run_address>0x1003cc0</run_address>
         <size>0x34</size>
         <alignment>0x2</alignment>
         <input_file_ref idref="fl-27"/>
      </object_component>
      <object_component id="oc-119">
         <name>.text.PinModeGet</name>
         <load_address>0x1003cf4</load_address>
         <readonly>true</readonly>
         <executable>true</executable>
         <run_address>0x1003cf4</run_address>
         <size>0x34</size>
         <alignment>0x2</alignment>
         <input_file_ref idref="fl-27"/>
      </object_component>
      <object_component id="oc-24f">
         <name>.text.PowerCC32XX_parkPin</name>
         <load_address>0x1003d28</load_address>
         <readonly>true</readonly>
         <executable>true</executable>
         <run_address>0x1003d28</run_address>
         <size>0x34</size>
         <alignment>0x2</alignment>
         <input_file_ref idref="fl-15"/>
      </object_component>
      <object_component id="oc-1da">
         <name>.text.UART2_rxDisable</name>
         <load_address>0x1003d5c</load_address>
         <readonly>true</readonly>
         <executable>true</executable>
         <run_address>0x1003d5c</run_address>
         <size>0x34</size>
         <alignment>0x2</alignment>
         <input_file_ref idref="fl-17"/>
      </object_component>
      <object_component id="oc-50">
         <name>.text.initVectors</name>
         <load_address>0x1003d90</load_address>
         <readonly>true</readonly>
         <executable>true</executable>
         <run_address>0x1003d90</run_address>
         <size>0x34</size>
         <alignment>0x4</alignment>
         <input_file_ref idref="fl-21"/>
      </object_component>
      <object_component id="oc-23f">
         <name>.text.UART2Support_enableInts</name>
         <load_address>0x1003dc4</load_address>
         <readonly>true</readonly>
         <executable>true</executable>
         <run_address>0x1003dc4</run_address>
         <size>0x32</size>
         <alignment>0x2</alignment>
         <input_file_ref idref="fl-18"/>
      </object_component>
      <object_component id="oc-199">
         <name>.text.clkFxn</name>
         <load_address>0x1003df6</load_address>
         <readonly>true</readonly>
         <executable>true</executable>
         <run_address>0x1003df6</run_address>
         <size>0x2</size>
         <alignment>0x2</alignment>
         <input_file_ref idref="fl-1d"/>
      </object_component>
      <object_component id="oc-1fe">
         <name>.text.ClockP_getTicksUntilInterrupt</name>
         <load_address>0x1003df8</load_address>
         <readonly>true</readonly>
         <executable>true</executable>
         <run_address>0x1003df8</run_address>
         <size>0x30</size>
         <alignment>0x4</alignment>
         <input_file_ref idref="fl-1e"/>
      </object_component>
      <object_component id="oc-20b">
         <name>.text.PRCMLPDSIntervalSet</name>
         <load_address>0x1003e28</load_address>
         <readonly>true</readonly>
         <executable>true</executable>
         <run_address>0x1003e28</run_address>
         <size>0x30</size>
         <alignment>0x2</alignment>
         <input_file_ref idref="fl-28"/>
      </object_component>
      <object_component id="oc-245">
         <name>.text.PRCMSlowClkCtrFastGet</name>
         <load_address>0x1003e58</load_address>
         <readonly>true</readonly>
         <executable>true</executable>
         <run_address>0x1003e58</run_address>
         <size>0x30</size>
         <alignment>0x2</alignment>
         <input_file_ref idref="fl-28"/>
      </object_component>
      <object_component id="oc-24d">
         <name>.text.notify</name>
         <load_address>0x1003e88</load_address>
         <readonly>true</readonly>
         <executable>true</executable>
         <run_address>0x1003e88</run_address>
         <size>0x30</size>
         <alignment>0x4</alignment>
         <input_file_ref idref="fl-15"/>
      </object_component>
      <object_component id="oc-1af">
         <name>.text.GPIOIntStatus</name>
         <load_address>0x1003eb8</load_address>
         <readonly>true</readonly>
         <executable>true</executable>
         <run_address>0x1003eb8</run_address>
         <size>0x2e</size>
         <alignment>0x2</alignment>
         <input_file_ref idref="fl-24"/>
      </object_component>
      <object_component id="oc-1f4">
         <name>.text.RingBuf_getConsume</name>
         <load_address>0x1003ee6</load_address>
         <readonly>true</readonly>
         <executable>true</executable>
         <run_address>0x1003ee6</run_address>
         <size>0x2e</size>
         <alignment>0x2</alignment>
         <input_file_ref idref="fl-1a"/>
      </object_component>
      <object_component id="oc-234">
         <name>.text.RingBuf_putPointer</name>
         <load_address>0x1003f14</load_address>
         <readonly>true</readonly>
         <executable>true</executable>
         <run_address>0x1003f14</run_address>
         <size>0x2e</size>
         <alignment>0x2</alignment>
         <input_file_ref idref="fl-1a"/>
      </object_component>
      <object_component id="oc-1db">
         <name>.text.UARTDisable</name>
         <load_address>0x1003f42</load_address>
         <readonly>true</readonly>
         <executable>true</executable>
         <run_address>0x1003f42</run_address>
         <size>0x2e</size>
         <alignment>0x2</alignment>
         <input_file_ref idref="fl-2b"/>
      </object_component>
      <object_component id="oc-1e6">
         <name>.text.UART2CC32XX_getRxData</name>
         <load_address>0x1003f70</load_address>
         <readonly>true</readonly>
         <executable>true</executable>
         <run_address>0x1003f70</run_address>
         <size>0x2c</size>
         <alignment>0x2</alignment>
         <input_file_ref idref="fl-18"/>
      </object_component>
      <object_component id="oc-141">
         <name>.text.HwiP_create</name>
         <load_address>0x1003f9c</load_address>
         <readonly>true</readonly>
         <executable>true</executable>
         <run_address>0x1003f9c</run_address>
         <size>0x2a</size>
         <alignment>0x2</alignment>
         <input_file_ref idref="fl-1f"/>
      </object_component>
      <object_component id="oc-182">
         <name>.text.PRCMLPDSWakeUpGPIOSelect</name>
         <load_address>0x1003fc6</load_address>
         <readonly>true</readonly>
         <executable>true</executable>
         <run_address>0x1003fc6</run_address>
         <size>0x2a</size>
         <alignment>0x2</alignment>
         <input_file_ref idref="fl-28"/>
      </object_component>
      <object_component id="oc-118">
         <name>.text.PRCMPeripheralClkDisable</name>
         <load_address>0x1003ff0</load_address>
         <readonly>true</readonly>
         <executable>true</executable>
         <run_address>0x1003ff0</run_address>
         <size>0x2a</size>
         <alignment>0x2</alignment>
         <input_file_ref idref="fl-28"/>
      </object_component>
      <object_component id="oc-1e5">
         <name>.text.UARTIntStatus</name>
         <load_address>0x100401a</load_address>
         <readonly>true</readonly>
         <executable>true</executable>
         <run_address>0x100401a</run_address>
         <size>0x2a</size>
         <alignment>0x2</alignment>
         <input_file_ref idref="fl-2b"/>
      </object_component>
      <object_component id="oc-22b">
         <name>.text.List_remove</name>
         <load_address>0x1004044</load_address>
         <readonly>true</readonly>
         <executable>true</executable>
         <run_address>0x1004044</run_address>
         <size>0x28</size>
         <alignment>0x2</alignment>
         <input_file_ref idref="fl-19"/>
      </object_component>
      <object_component id="oc-24e">
         <name>.text.PRCMSRAMRetentionEnable</name>
         <load_address>0x100406c</load_address>
         <readonly>true</readonly>
         <executable>true</executable>
         <run_address>0x100406c</run_address>
         <size>0x28</size>
         <alignment>0x2</alignment>
         <input_file_ref idref="fl-28"/>
      </object_component>
      <object_component id="oc-159">
         <name>.text.PowerCC32XX_getParkState</name>
         <load_address>0x1004094</load_address>
         <readonly>true</readonly>
         <executable>true</executable>
         <run_address>0x1004094</run_address>
         <size>0x28</size>
         <alignment>0x4</alignment>
         <input_file_ref idref="fl-15"/>
      </object_component>
      <object_component id="oc-217">
         <name>.text.free_list_insert</name>
         <load_address>0x10040bc</load_address>
         <readonly>true</readonly>
         <executable>true</executable>
         <run_address>0x10040bc</run_address>
         <size>0x28</size>
         <alignment>0x4</alignment>
         <input_file_ref idref="fl-3b"/>
      </object_component>
      <object_component id="oc-22a">
         <name>.text.IntUnregister</name>
         <load_address>0x10040e4</load_address>
         <readonly>true</readonly>
         <executable>true</executable>
         <run_address>0x10040e4</run_address>
         <size>0x24</size>
         <alignment>0x2</alignment>
         <input_file_ref idref="fl-26"/>
      </object_component>
      <object_component id="oc-19a">
         <name>.text.List_put</name>
         <load_address>0x1004108</load_address>
         <readonly>true</readonly>
         <executable>true</executable>
         <run_address>0x1004108</run_address>
         <size>0x24</size>
         <alignment>0x2</alignment>
         <input_file_ref idref="fl-19"/>
      </object_component>
      <object_component id="oc-180">
         <name>.text.PRCMLPDSWakeupSourceEnable</name>
         <load_address>0x100412c</load_address>
         <readonly>true</readonly>
         <executable>true</executable>
         <run_address>0x100412c</run_address>
         <size>0x24</size>
         <alignment>0x2</alignment>
         <input_file_ref idref="fl-28"/>
      </object_component>
      <object_component id="oc-1e1">
         <name>.text.PowerCC32XX_restoreParkState</name>
         <load_address>0x1004150</load_address>
         <readonly>true</readonly>
         <executable>true</executable>
         <run_address>0x1004150</run_address>
         <size>0x24</size>
         <alignment>0x4</alignment>
         <input_file_ref idref="fl-15"/>
      </object_component>
      <object_component id="oc-258">
         <name>.text.PowerCC32XX_restoreParkedPin</name>
         <load_address>0x1004174</load_address>
         <readonly>true</readonly>
         <executable>true</executable>
         <run_address>0x1004174</run_address>
         <size>0x24</size>
         <alignment>0x2</alignment>
         <input_file_ref idref="fl-15"/>
      </object_component>
      <object_component id="oc-131">
         <name>.text.Power_registerNotify</name>
         <load_address>0x1004198</load_address>
         <readonly>true</readonly>
         <executable>true</executable>
         <run_address>0x1004198</run_address>
         <size>0x24</size>
         <alignment>0x4</alignment>
         <input_file_ref idref="fl-15"/>
      </object_component>
      <object_component id="oc-227">
         <name>.text.UART2Support_disableRx</name>
         <load_address>0x10041bc</load_address>
         <readonly>true</readonly>
         <executable>true</executable>
         <run_address>0x10041bc</run_address>
         <size>0x24</size>
         <alignment>0x2</alignment>
         <input_file_ref idref="fl-18"/>
      </object_component>
      <object_component id="oc-77">
         <name>.text:_c_int00_noargs</name>
         <load_address>0x10041e0</load_address>
         <readonly>true</readonly>
         <executable>true</executable>
         <run_address>0x10041e0</run_address>
         <size>0x24</size>
         <alignment>0x4</alignment>
         <input_file_ref idref="fl-3c"/>
      </object_component>
      <object_component id="oc-147">
         <name>.text.GPIOPinWrite</name>
         <load_address>0x1004204</load_address>
         <readonly>true</readonly>
         <executable>true</executable>
         <run_address>0x1004204</run_address>
         <size>0x22</size>
         <alignment>0x2</alignment>
         <input_file_ref idref="fl-24"/>
      </object_component>
      <object_component id="oc-257">
         <name>.text.PinUnlock</name>
         <load_address>0x1004226</load_address>
         <readonly>true</readonly>
         <executable>true</executable>
         <run_address>0x1004226</run_address>
         <size>0x22</size>
         <alignment>0x2</alignment>
         <input_file_ref idref="fl-27"/>
      </object_component>
      <object_component id="oc-1f3">
         <name>.text.RingBuf_getPointer</name>
         <load_address>0x1004248</load_address>
         <readonly>true</readonly>
         <executable>true</executable>
         <run_address>0x1004248</run_address>
         <size>0x22</size>
         <alignment>0x2</alignment>
         <input_file_ref idref="fl-1a"/>
      </object_component>
      <object_component id="oc-23c">
         <name>.text.UART2Support_sendData</name>
         <load_address>0x100426a</load_address>
         <readonly>true</readonly>
         <executable>true</executable>
         <run_address>0x100426a</run_address>
         <size>0x22</size>
         <alignment>0x2</alignment>
         <input_file_ref idref="fl-18"/>
      </object_component>
      <object_component id="oc-ff">
         <name>.text.UART2_read</name>
         <load_address>0x100428c</load_address>
         <readonly>true</readonly>
         <executable>true</executable>
         <run_address>0x100428c</run_address>
         <size>0x22</size>
         <alignment>0x2</alignment>
         <input_file_ref idref="fl-17"/>
      </object_component>
      <object_component id="oc-1d1">
         <name>.text.IntRegister</name>
         <load_address>0x10042ae</load_address>
         <readonly>true</readonly>
         <executable>true</executable>
         <run_address>0x10042ae</run_address>
         <size>0x20</size>
         <alignment>0x2</alignment>
         <input_file_ref idref="fl-26"/>
      </object_component>
      <object_component id="oc-57">
         <name>.text.defaultHandler</name>
         <load_address>0x10042ce</load_address>
         <readonly>true</readonly>
         <executable>true</executable>
         <run_address>0x10042ce</run_address>
         <size>0x2</size>
         <alignment>0x2</alignment>
         <input_file_ref idref="fl-21"/>
      </object_component>
      <object_component id="oc-151">
         <name>.text.PowerCC32XX_reset</name>
         <load_address>0x10042d0</load_address>
         <readonly>true</readonly>
         <executable>true</executable>
         <run_address>0x10042d0</run_address>
         <size>0x20</size>
         <alignment>0x4</alignment>
         <input_file_ref idref="fl-15"/>
      </object_component>
      <object_component id="oc-1df">
         <name>.text.Power_unregisterNotify</name>
         <load_address>0x10042f0</load_address>
         <readonly>true</readonly>
         <executable>true</executable>
         <run_address>0x10042f0</run_address>
         <size>0x20</size>
         <alignment>0x4</alignment>
         <input_file_ref idref="fl-15"/>
      </object_component>
      <object_component id="oc-165">
         <name>.text.SemaphoreP_constructBinary</name>
         <load_address>0x1004310</load_address>
         <readonly>true</readonly>
         <executable>true</executable>
         <run_address>0x1004310</run_address>
         <size>0x20</size>
         <alignment>0x4</alignment>
         <input_file_ref idref="fl-1d"/>
      </object_component>
      <object_component id="oc-127">
         <name>.text.SemaphoreP_createBinary</name>
         <load_address>0x1004330</load_address>
         <readonly>true</readonly>
         <executable>true</executable>
         <run_address>0x1004330</run_address>
         <size>0x20</size>
         <alignment>0x4</alignment>
         <input_file_ref idref="fl-1d"/>
      </object_component>
      <object_component id="oc-1b3">
         <name>.text.PinTypeUART</name>
         <load_address>0x1004350</load_address>
         <readonly>true</readonly>
         <executable>true</executable>
         <run_address>0x1004350</run_address>
         <size>0x1e</size>
         <alignment>0x2</alignment>
         <input_file_ref idref="fl-27"/>
      </object_component>
      <object_component id="oc-16e">
         <name>.text.UART2_writeTimeout</name>
         <load_address>0x100436e</load_address>
         <readonly>true</readonly>
         <executable>true</executable>
         <run_address>0x100436e</run_address>
         <size>0x1e</size>
         <alignment>0x2</alignment>
         <input_file_ref idref="fl-17"/>
      </object_component>
      <object_component id="oc-1c7">
         <name>.text.UARTEnable</name>
         <load_address>0x100438c</load_address>
         <readonly>true</readonly>
         <executable>true</executable>
         <run_address>0x100438c</run_address>
         <size>0x1e</size>
         <alignment>0x2</alignment>
         <input_file_ref idref="fl-2b"/>
      </object_component>
      <object_component id="oc-22f">
         <name>.text.uDMAChannelDisable</name>
         <load_address>0x10043aa</load_address>
         <readonly>true</readonly>
         <executable>true</executable>
         <run_address>0x10043aa</run_address>
         <size>0x1e</size>
         <alignment>0x2</alignment>
         <input_file_ref idref="fl-2c"/>
      </object_component>
      <object_component id="oc-237">
         <name>.text.uDMAChannelEnable</name>
         <load_address>0x10043c8</load_address>
         <readonly>true</readonly>
         <executable>true</executable>
         <run_address>0x10043c8</run_address>
         <size>0x1e</size>
         <alignment>0x2</alignment>
         <input_file_ref idref="fl-2c"/>
      </object_component>
      <object_component id="oc-1e8">
         <name>.text.uDMAChannelIsEnabled</name>
         <load_address>0x10043e6</load_address>
         <readonly>true</readonly>
         <executable>true</executable>
         <run_address>0x10043e6</run_address>
         <size>0x1e</size>
         <alignment>0x2</alignment>
         <input_file_ref idref="fl-2c"/>
      </object_component>
      <object_component id="oc-1d6">
         <name>.text.HwiP_dispatch</name>
         <load_address>0x1004404</load_address>
         <readonly>true</readonly>
         <executable>true</executable>
         <run_address>0x1004404</run_address>
         <size>0x1c</size>
         <alignment>0x4</alignment>
         <input_file_ref idref="fl-1f"/>
      </object_component>
      <object_component id="oc-1f7">
         <name>.text.SwiP_disable</name>
         <load_address>0x1004420</load_address>
         <readonly>true</readonly>
         <executable>true</executable>
         <run_address>0x1004420</run_address>
         <size>0x1c</size>
         <alignment>0x4</alignment>
         <input_file_ref idref="fl-22"/>
      </object_component>
      <object_component id="oc-216">
         <name>.text.free_list_remove</name>
         <load_address>0x100443c</load_address>
         <readonly>true</readonly>
         <executable>true</executable>
         <run_address>0x100443c</run_address>
         <size>0x1c</size>
         <alignment>0x4</alignment>
         <input_file_ref idref="fl-3b"/>
      </object_component>
      <object_component id="oc-22">
         <name>.text.resetISR</name>
         <load_address>0x1004458</load_address>
         <readonly>true</readonly>
         <executable>true</executable>
         <run_address>0x1004458</run_address>
         <size>0x1c</size>
         <alignment>0x2</alignment>
         <input_file_ref idref="fl-21"/>
      </object_component>
      <object_component id="oc-21c">
         <name>.text.GPIOIntDisable</name>
         <load_address>0x1004474</load_address>
         <readonly>true</readonly>
         <executable>true</executable>
         <run_address>0x1004474</run_address>
         <size>0x1a</size>
         <alignment>0x2</alignment>
         <input_file_ref idref="fl-24"/>
      </object_component>
      <object_component id="oc-115">
         <name>.text.PRCMHIBRegRead</name>
         <load_address>0x100448e</load_address>
         <readonly>true</readonly>
         <executable>true</executable>
         <run_address>0x100448e</run_address>
         <size>0x1a</size>
         <alignment>0x2</alignment>
         <input_file_ref idref="fl-28"/>
      </object_component>
      <object_component id="oc-114">
         <name>.text.PRCMHIBRegWrite</name>
         <load_address>0x10044a8</load_address>
         <readonly>true</readonly>
         <executable>true</executable>
         <run_address>0x10044a8</run_address>
         <size>0x1a</size>
         <alignment>0x2</alignment>
         <input_file_ref idref="fl-28"/>
      </object_component>
      <object_component id="oc-181">
         <name>.text.PRCMLPDSWakeupSourceDisable</name>
         <load_address>0x10044c2</load_address>
         <readonly>true</readonly>
         <executable>true</executable>
         <run_address>0x10044c2</run_address>
         <size>0x1a</size>
         <alignment>0x2</alignment>
         <input_file_ref idref="fl-28"/>
      </object_component>
      <object_component id="oc-1e2">
         <name>.text.PinToPadGet</name>
         <load_address>0x10044dc</load_address>
         <readonly>true</readonly>
         <executable>true</executable>
         <run_address>0x10044dc</run_address>
         <size>0x1a</size>
         <alignment>0x2</alignment>
         <input_file_ref idref="fl-27"/>
      </object_component>
      <object_component id="oc-1ca">
         <name>.text.UARTFlowControlSet</name>
         <load_address>0x10044f6</load_address>
         <readonly>true</readonly>
         <executable>true</executable>
         <run_address>0x10044f6</run_address>
         <size>0x1a</size>
         <alignment>0x2</alignment>
         <input_file_ref idref="fl-2b"/>
      </object_component>
      <object_component id="oc-1ae">
         <name>.text.GPIOIntEnable</name>
         <load_address>0x1004510</load_address>
         <readonly>true</readonly>
         <executable>true</executable>
         <run_address>0x1004510</run_address>
         <size>0x18</size>
         <alignment>0x2</alignment>
         <input_file_ref idref="fl-24"/>
      </object_component>
      <object_component id="oc-18e">
         <name>.text.SemaphoreP_create</name>
         <load_address>0x1004528</load_address>
         <readonly>true</readonly>
         <executable>true</executable>
         <run_address>0x1004528</run_address>
         <size>0x18</size>
         <alignment>0x2</alignment>
         <input_file_ref idref="fl-1d"/>
      </object_component>
      <object_component id="oc-a7">
         <name>.text.Board_init</name>
         <load_address>0x1004540</load_address>
         <readonly>true</readonly>
         <executable>true</executable>
         <run_address>0x1004540</run_address>
         <size>0x16</size>
         <alignment>0x2</alignment>
         <input_file_ref idref="fl-3"/>
      </object_component>
      <object_component id="oc-20e">
         <name>.text.SysTickPeriodSet</name>
         <load_address>0x1004556</load_address>
         <readonly>true</readonly>
         <executable>true</executable>
         <run_address>0x1004556</run_address>
         <size>0x16</size>
         <alignment>0x2</alignment>
         <input_file_ref idref="fl-2a"/>
      </object_component>
      <object_component id="oc-1ea">
         <name>.text.UARTCharsAvail</name>
         <load_address>0x100456c</load_address>
         <readonly>true</readonly>
         <executable>true</executable>
         <run_address>0x100456c</run_address>
         <size>0x16</size>
         <alignment>0x2</alignment>
         <input_file_ref idref="fl-2b"/>
      </object_component>
      <object_component id="oc-1d9">
         <name>.text.UARTDMADisable</name>
         <load_address>0x1004582</load_address>
         <readonly>true</readonly>
         <executable>true</executable>
         <run_address>0x1004582</run_address>
         <size>0x16</size>
         <alignment>0x2</alignment>
         <input_file_ref idref="fl-2b"/>
      </object_component>
      <object_component id="oc-1c9">
         <name>.text.UARTFIFOLevelSet</name>
         <load_address>0x1004598</load_address>
         <readonly>true</readonly>
         <executable>true</executable>
         <run_address>0x1004598</run_address>
         <size>0x16</size>
         <alignment>0x2</alignment>
         <input_file_ref idref="fl-2b"/>
      </object_component>
      <object_component id="oc-1d8">
         <name>.text.UARTIntDisable</name>
         <load_address>0x10045ae</load_address>
         <readonly>true</readonly>
         <executable>true</executable>
         <run_address>0x10045ae</run_address>
         <size>0x16</size>
         <alignment>0x2</alignment>
         <input_file_ref idref="fl-2b"/>
      </object_component>
      <object_component id="oc-6d">
         <name>.text.CPUcpsid</name>
         <load_address>0x10045c4</load_address>
         <readonly>true</readonly>
         <executable>true</executable>
         <run_address>0x10045c4</run_address>
         <size>0x14</size>
         <alignment>0x2</alignment>
         <input_file_ref idref="fl-23"/>
      </object_component>
      <object_component id="oc-1a6">
         <name>.text.CPUcpsie</name>
         <load_address>0x10045d8</load_address>
         <readonly>true</readonly>
         <executable>true</executable>
         <run_address>0x10045d8</run_address>
         <size>0x14</size>
         <alignment>0x2</alignment>
         <input_file_ref idref="fl-23"/>
      </object_component>
      <object_component id="oc-1dc">
         <name>.text.HwiP_destruct</name>
         <load_address>0x10045ec</load_address>
         <readonly>true</readonly>
         <executable>true</executable>
         <run_address>0x10045ec</run_address>
         <size>0x14</size>
         <alignment>0x2</alignment>
         <input_file_ref idref="fl-1f"/>
      </object_component>
      <object_component id="oc-74">
         <name>.text.IntVTableBaseSet</name>
         <load_address>0x1004600</load_address>
         <readonly>true</readonly>
         <executable>true</executable>
         <run_address>0x1004600</run_address>
         <size>0x14</size>
         <alignment>0x2</alignment>
         <input_file_ref idref="fl-26"/>
      </object_component>
      <object_component id="oc-1a1">
         <name>.text.Power_disablePolicy</name>
         <load_address>0x1004614</load_address>
         <readonly>true</readonly>
         <executable>true</executable>
         <run_address>0x1004614</run_address>
         <size>0x14</size>
         <alignment>0x4</alignment>
         <input_file_ref idref="fl-15"/>
      </object_component>
      <object_component id="oc-1ff">
         <name>.text.Power_getTransitionLatency</name>
         <load_address>0x1004628</load_address>
         <readonly>true</readonly>
         <executable>true</executable>
         <run_address>0x1004628</run_address>
         <size>0x14</size>
         <alignment>0x4</alignment>
         <input_file_ref idref="fl-15"/>
      </object_component>
      <object_component id="oc-215">
         <name>.text.Power_idleFunc</name>
         <load_address>0x100463c</load_address>
         <readonly>true</readonly>
         <executable>true</executable>
         <run_address>0x100463c</run_address>
         <size>0x14</size>
         <alignment>0x4</alignment>
         <input_file_ref idref="fl-15"/>
      </object_component>
      <object_component id="oc-238">
         <name>.text.UARTDMAEnable</name>
[...]
      </symbol>
      <symbol id="sm-2da">
         <name>CPUprimask</name>
         <value>0x10048e9</value>
         <object_component_ref idref="oc-267"/>
      </symbol>
      <symbol id="sm-2db">
         <name>CPUwfi</name>
         <value>0x1004859</value>
         <object_component_ref idref="oc-25d"/>
      </symbol>
      <symbol id="sm-314">
         <name>GPIODirModeSet</name>
         <value>0x1003789</value>
         <object_component_ref idref="oc-142"/>
      </symbol>
      <symbol id="sm-315">
         <name>GPIOIntClear</name>
         <value>0x10046c7</value>
         <object_component_ref idref="oc-1ad"/>
      </symbol>
      <symbol id="sm-316">
         <name>GPIOIntDisable</name>
         <value>0x1004475</value>
         <object_component_ref idref="oc-21c"/>
      </symbol>
      <symbol id="sm-317">
         <name>GPIOIntEnable</name>
         <value>0x1004511</value>
         <object_component_ref idref="oc-1ae"/>
      </symbol>
      <symbol id="sm-318">
         <name>GPIOIntStatus</name>
         <value>0x1003eb9</value>
         <object_component_ref idref="oc-1af"/>
      </symbol>
      <symbol id="sm-319">
         <name>GPIOIntTypeSet</name>
         <value>0x1002515</value>
         <object_component_ref idref="oc-1ab"/>
      </symbol>
      <symbol id="sm-31a">
         <name>GPIOPinWrite</name>
         <value>0x1004205</value>
         <object_component_ref idref="oc-147"/>
      </symbol>
      <symbol id="sm-36a">
         <name>IntDisable</name>
         <value>0x1002091</value>
         <object_component_ref idref="oc-229"/>
      </symbol>
      <symbol id="sm-36b">
         <name>IntEnable</name>
         <value>0x1002159</value>
         <object_component_ref idref="oc-1d3"/>
      </symbol>
      <symbol id="sm-36c">
         <name>IntMasterDisable</name>
         <value>0x10048fd</value>
         <object_component_ref idref="oc-4b"/>
      </symbol>
      <symbol id="sm-36d">
         <name>IntMasterEnable</name>
         <value>0x1004907</value>
         <object_component_ref idref="oc-13a"/>
      </symbol>
      <symbol id="sm-36e">
         <name>IntPendClear</name>
         <value>0x1002f3b</value>
         <object_component_ref idref="oc-1d0"/>
      </symbol>
      <symbol id="sm-36f">
         <name>IntPendSet</name>
         <value>0x10025c1</value>
         <object_component_ref idref="oc-27b"/>
      </symbol>
      <symbol id="sm-370">
         <name>IntPrioritySet</name>
         <value>0x10031d1</value>
         <object_component_ref idref="oc-1d2"/>
      </symbol>
      <symbol id="sm-371">
         <name>IntRegister</name>
         <value>0x10042af</value>
         <object_component_ref idref="oc-1d1"/>
      </symbol>
      <symbol id="sm-372">
         <name>IntUnregister</name>
         <value>0x10040e5</value>
         <object_component_ref idref="oc-22a"/>
      </symbol>
      <symbol id="sm-373">
         <name>IntVTableBaseSet</name>
         <value>0x1004601</value>
         <object_component_ref idref="oc-74"/>
      </symbol>
      <symbol id="sm-3bb">
         <name>PinConfigGet</name>
         <value>0x100366d</value>
         <object_component_ref idref="oc-271"/>
      </symbol>
      <symbol id="sm-3bc">
         <name>PinConfigSet</name>
         <value>0x1002665</value>
         <object_component_ref idref="oc-13e"/>
      </symbol>
      <symbol id="sm-3bd">
         <name>PinDirModeGet</name>
         <value>0x1003cc1</value>
         <object_component_ref idref="oc-272"/>
      </symbol>
      <symbol id="sm-3be">
         <name>PinDirModeSet</name>
         <value>0x10039e1</value>
         <object_component_ref idref="oc-273"/>
      </symbol>
      <symbol id="sm-3bf">
         <name>PinLock</name>
         <value>0x1003c21</value>
         <object_component_ref idref="oc-251"/>
      </symbol>
      <symbol id="sm-3c0">
         <name>PinLockLevelSet</name>
         <value>0x1002cb5</value>
         <object_component_ref idref="oc-250"/>
      </symbol>
      <symbol id="sm-3c1">
         <name>PinModeGet</name>
         <value>0x1003cf5</value>
         <object_component_ref idref="oc-119"/>
      </symbol>
      <symbol id="sm-3c2">
         <name>PinModeSet</name>
         <value>0x10038dd</value>
         <object_component_ref idref="oc-11e"/>
      </symbol>
      <symbol id="sm-3c3">
         <name>PinToPadGet</name>
         <value>0x10044dd</value>
         <object_component_ref idref="oc-1e2"/>
      </symbol>
      <symbol id="sm-3c4">
         <name>PinTypeUART</name>
         <value>0x1004351</value>
         <object_component_ref idref="oc-1b3"/>
      </symbol>
      <symbol id="sm-3c5">
         <name>PinUnlock</name>
         <value>0x1004227</value>
         <object_component_ref idref="oc-257"/>
      </symbol>
      <symbol id="sm-477">
         <name>PRCMCC3200MCUInit</name>
         <value>0x1000841</value>
         <object_component_ref idref="oc-d3"/>
      </symbol>
      <symbol id="sm-478">
         <name>PRCMHIBRegRead</name>
         <value>0x100448f</value>
         <object_component_ref idref="oc-115"/>
      </symbol>
      <symbol id="sm-479">
         <name>PRCMHIBRegWrite</name>
         <value>0x10044a9</value>
         <object_component_ref idref="oc-114"/>
      </symbol>
      <symbol id="sm-47a">
         <name>PRCMHibernateWakeUpGPIOSelect</name>
         <value>0x1002b5d</value>
         <object_component_ref idref="oc-183"/>
      </symbol>
      <symbol id="sm-47b">
         <name>PRCMHibernateWakeupSourceDisable</name>
         <value>0x10030c1</value>
         <object_component_ref idref="oc-185"/>
      </symbol>
      <symbol id="sm-47c">
         <name>PRCMHibernateWakeupSourceEnable</name>
         <value>0x1003379</value>
         <object_component_ref idref="oc-184"/>
      </symbol>
      <symbol id="sm-47d">
         <name>PRCMIntEnable</name>
         <value>0x10035dd</value>
         <object_component_ref idref="oc-256"/>
      </symbol>
      <symbol id="sm-47e">
         <name>PRCMLPDSEnter</name>
         <value>0x1003229</value>
         <object_component_ref idref="oc-25c"/>
      </symbol>
      <symbol id="sm-47f">
         <name>PRCMLPDSEnterKeepDebugIf</name>
         <value>0x10036fd</value>
         <object_component_ref idref="oc-25b"/>
      </symbol>
      <symbol id="sm-480">
         <name>PRCMLPDSIntervalSet</name>
         <value>0x1003e29</value>
         <object_component_ref idref="oc-20b"/>
      </symbol>
      <symbol id="sm-481">
         <name>PRCMLPDSRestoreInfoSet</name>
         <value>0x10034b5</value>
         <object_component_ref idref="oc-274"/>
      </symbol>
      <symbol id="sm-482">
         <name>PRCMLPDSWakeUpGPIOSelect</name>
         <value>0x1003fc7</value>
         <object_component_ref idref="oc-182"/>
      </symbol>
      <symbol id="sm-483">
         <name>PRCMLPDSWakeupCauseGet</name>
         <value>0x1004889</value>
         <object_component_ref idref="oc-259"/>
      </symbol>
      <symbol id="sm-484">
         <name>PRCMLPDSWakeupSourceDisable</name>
         <value>0x10044c3</value>
         <object_component_ref idref="oc-181"/>
      </symbol>
      <symbol id="sm-485">
         <name>PRCMLPDSWakeupSourceEnable</name>
         <value>0x100412d</value>
         <object_component_ref idref="oc-180"/>
      </symbol>
      <symbol id="sm-486">
         <name>PRCMPeripheralClkDisable</name>
         <value>0x1003ff1</value>
         <object_component_ref idref="oc-118"/>
      </symbol>
      <symbol id="sm-487">
         <name>PRCMPeripheralClkEnable</name>
         <value>0x100311d</value>
         <object_component_ref idref="oc-116"/>
      </symbol>
      <symbol id="sm-488">
         <name>PRCMPeripheralReset</name>
         <value>0x1002ed1</value>
         <object_component_ref idref="oc-117"/>
      </symbol>
      <symbol id="sm-489">
         <name>PRCMPeripheralStatusGet</name>
         <value>0x1003625</value>
         <object_component_ref idref="oc-1a7"/>
      </symbol>
      <symbol id="sm-48a">
         <name>PRCMSRAMRetentionEnable</name>
         <value>0x100406d</value>
         <object_component_ref idref="oc-24e"/>
      </symbol>
      <symbol id="sm-48b">
         <name>PRCMSleepEnter</name>
         <value>0x100493f</value>
         <object_component_ref idref="oc-211"/>
      </symbol>
      <symbol id="sm-48c">
         <name>PRCMSlowClkCtrFastGet</name>
         <value>0x1003e59</value>
         <object_component_ref idref="oc-245"/>
      </symbol>
      <symbol id="sm-48d">
         <name>PRCMSysResetCauseGet</name>
         <value>0x1002959</value>
         <object_component_ref idref="oc-10f"/>
      </symbol>
      <symbol id="sm-4ab">
         <name>SysTickEnable</name>
         <value>0x10046eb</value>
         <object_component_ref idref="oc-20f"/>
      </symbol>
      <symbol id="sm-4ac">
         <name>SysTickIntDisable</name>
         <value>0x10046fd</value>
         <object_component_ref idref="oc-206"/>
      </symbol>
      <symbol id="sm-4ad">
         <name>SysTickIntEnable</name>
         <value>0x100470f</value>
         <object_component_ref idref="oc-210"/>
      </symbol>
      <symbol id="sm-4ae">
         <name>SysTickPeriodSet</name>
         <value>0x1004557</value>
         <object_component_ref idref="oc-20e"/>
      </symbol>
      <symbol id="sm-518">
         <name>UARTBusy</name>
         <value>0x10047b5</value>
         <object_component_ref idref="oc-269"/>
      </symbol>
      <symbol id="sm-519">
         <name>UARTCharPutNonBlocking</name>
         <value>0x1003c57</value>
         <object_component_ref idref="oc-268"/>
      </symbol>
      <symbol id="sm-51a">
         <name>UARTCharsAvail</name>
         <value>0x100456d</value>
         <object_component_ref idref="oc-1ea"/>
      </symbol>
      <symbol id="sm-51b">
         <name>UARTConfigSetExpClk</name>
         <value>0x1002bd1</value>
         <object_component_ref idref="oc-1c1"/>
      </symbol>
      <symbol id="sm-51c">
         <name>UARTDMADisable</name>
         <value>0x1004583</value>
         <object_component_ref idref="oc-1d9"/>
      </symbol>
      <symbol id="sm-51d">
         <name>UARTDMAEnable</name>
         <value>0x1004651</value>
         <object_component_ref idref="oc-238"/>
      </symbol>
      <symbol id="sm-51e">
         <name>UARTDisable</name>
         <value>0x1003f43</value>
         <object_component_ref idref="oc-1db"/>
      </symbol>
      <symbol id="sm-51f">
         <name>UARTEnable</name>
         <value>0x100438d</value>
         <object_component_ref idref="oc-1c7"/>
      </symbol>
      <symbol id="sm-520">
         <name>UARTFIFOLevelSet</name>
         <value>0x1004599</value>
         <object_component_ref idref="oc-1c9"/>
      </symbol>
      <symbol id="sm-521">
         <name>UARTFlowControlSet</name>
         <value>0x10044f7</value>
         <object_component_ref idref="oc-1ca"/>
      </symbol>
      <symbol id="sm-522">
         <name>UARTIntClear</name>
         <value>0x10047c5</value>
         <object_component_ref idref="oc-1c6"/>
      </symbol>
      <symbol id="sm-523">
         <name>UARTIntDisable</name>
         <value>0x10045af</value>
         <object_component_ref idref="oc-1d8"/>
      </symbol>
      <symbol id="sm-524">
         <name>UARTIntEnable</name>
         <value>0x1004665</value>
         <object_component_ref idref="oc-1c8"/>
      </symbol>
      <symbol id="sm-525">
         <name>UARTIntStatus</name>
         <value>0x100401b</value>
         <object_component_ref idref="oc-1e5"/>
      </symbol>
      <symbol id="sm-526">
         <name>UARTRxErrorGet</name>
         <value>0x10047d5</value>
         <object_component_ref idref="oc-1e7"/>
      </symbol>
      <symbol id="sm-57f">
         <name>uDMAChannelAssign</name>
         <value>0x1003419</value>
         <object_component_ref idref="oc-1cb"/>
      </symbol>
      <symbol id="sm-580">
         <name>uDMAChannelAttributeDisable</name>
         <value>0x1002837</value>
         <object_component_ref idref="oc-1cc"/>
      </symbol>
      <symbol id="sm-581">
         <name>uDMAChannelControlSet</name>
         <value>0x10039a1</value>
         <object_component_ref idref="oc-235"/>
      </symbol>
      <symbol id="sm-582">
         <name>uDMAChannelDisable</name>
         <value>0x10043ab</value>
         <object_component_ref idref="oc-22f"/>
      </symbol>
      <symbol id="sm-583">
         <name>uDMAChannelEnable</name>
         <value>0x10043c9</value>
         <object_component_ref idref="oc-237"/>
      </symbol>
      <symbol id="sm-584">
         <name>uDMAChannelIsEnabled</name>
         <value>0x10043e7</value>
         <object_component_ref idref="oc-1e8"/>
      </symbol>
      <symbol id="sm-585">
         <name>uDMAChannelSizeGet</name>
         <value>0x100354b</value>
         <object_component_ref idref="oc-230"/>
      </symbol>
      <symbol id="sm-586">
         <name>uDMAChannelTransferSet</name>
         <value>0x1001cdb</value>
         <object_component_ref idref="oc-236"/>
      </symbol>
      <symbol id="sm-587">
         <name>uDMAControlBaseSet</name>
         <value>0x100468d</value>
         <object_component_ref idref="oc-1bd"/>
      </symbol>
      <symbol id="sm-588">
         <name>uDMAEnable</name>
         <value>0x1004821</value>
         <object_component_ref idref="oc-1b8"/>
      </symbol>
      <symbol id="sm-589">
         <name>uDMAErrorStatusClear</name>
         <value>0x100482f</value>
         <object_component_ref idref="oc-27d"/>
      </symbol>
      <symbol id="sm-58a">
         <name>uDMAErrorStatusGet</name>
         <value>0x10048dd</value>
         <object_component_ref idref="oc-27c"/>
      </symbol>
      <symbol id="sm-58b">
         <name>uDMAIntClear</name>
         <value>0x10046a1</value>
         <object_component_ref idref="oc-231"/>
      </symbol>
      <symbol id="sm-596">
         <name>UtilsDelay</name>
         <value>0x1004947</value>
         <object_component_ref idref="oc-110"/>
      </symbol>
      <symbol id="sm-5c3">
         <name>FlashDisable</name>
         <value>0x1003065</value>
         <object_component_ref idref="oc-276"/>
      </symbol>
      <symbol id="sm-5e3">
         <name>malloc</name>
         <value>0x1004959</value>
         <object_component_ref idref="oc-1a8"/>
      </symbol>
      <symbol id="sm-5e4">
         <name>aligned_alloc</name>
         <value>0x1001aa1</value>
         <object_component_ref idref="oc-21b"/>
      </symbol>
      <symbol id="sm-5e5">
         <name>free</name>
         <value>0x1001ded</value>
         <object_component_ref idref="oc-192"/>
      </symbol>
      <symbol id="sm-5e6">
         <name>_sys_memory</name>
         <value>0x20000310</value>
         <object_component_ref idref="oc-32"/>
      </symbol>
      <symbol id="sm-5e7">
         <name>memalign</name>
         <value>0x1001aa1</value>
         <object_component_ref idref="oc-21b"/>
      </symbol>
      <symbol id="sm-5f2">
         <name>_c_int00_noargs</name>
         <value>0x10041e1</value>
         <object_component_ref idref="oc-77"/>
      </symbol>
      <symbol id="sm-5f3">
         <name>__stack</name>
         <value>0x2003f000</value>
         <object_component_ref idref="oc-17"/>
      </symbol>
      <symbol id="sm-5ff">
         <name>__TI_auto_init_nobinit_nopinit</name>
         <value>0x1003be9</value>
         <object_component_ref idref="oc-c0"/>
      </symbol>
      <symbol id="sm-607">
         <name>_system_pre_init</name>
         <value>0x1004999</value>
         <object_component_ref idref="oc-8c"/>
      </symbol>
      <symbol id="sm-612">
         <name>__TI_zero_init</name>
         <value>0x10047f5</value>
         <object_component_ref idref="oc-4a"/>
      </symbol>
      <symbol id="sm-61b">
         <name>__TI_decompress_none</name>
         <value>0x100484b</value>
         <object_component_ref idref="oc-1d"/>
      </symbol>
      <symbol id="sm-625">
         <name>__TI_decompress_lzss</name>
         <value>0x1002c45</value>
         <object_component_ref idref="oc-19"/>
      </symbol>
      <symbol id="sm-62f">
         <name>abort</name>
         <value>0x100499d</value>
         <object_component_ref idref="oc-b9"/>
      </symbol>
      <symbol id="sm-630">
         <name>C$$EXIT</name>
         <value>0x100499c</value>
         <object_component_ref idref="oc-b9"/>
      </symbol>
      <symbol id="sm-639">
         <name>_nop</name>
         <value>0x1003467</value>
         <object_component_ref idref="oc-171"/>
      </symbol>
      <symbol id="sm-63a">
         <name>_lock</name>
         <value>0x2000929c</value>
         <object_component_ref idref="oc-105"/>
      </symbol>
      <symbol id="sm-63b">
         <name>_unlock</name>
         <value>0x200092a0</value>
         <object_component_ref idref="oc-108"/>
      </symbol>
      <symbol id="sm-642">
         <name>__aeabi_memcpy</name>
         <value>0x1004995</value>
         <object_component_ref idref="oc-3d"/>
      </symbol>
      <symbol id="sm-643">
         <name>__aeabi_memcpy4</name>
         <value>0x1004995</value>
         <object_component_ref idref="oc-3d"/>
      </symbol>
      <symbol id="sm-644">
         <name>__aeabi_memcpy8</name>
         <value>0x1004995</value>
         <object_component_ref idref="oc-3d"/>
      </symbol>
      <symbol id="sm-64b">
         <name>__aeabi_memclr</name>
         <value>0x1004951</value>
         <object_component_ref idref="oc-68"/>
      </symbol>
      <symbol id="sm-64c">
         <name>__aeabi_memclr4</name>
         <value>0x1004951</value>
         <object_component_ref idref="oc-68"/>
      </symbol>
      <symbol id="sm-64d">
         <name>__aeabi_memclr8</name>
         <value>0x1004951</value>
         <object_component_ref idref="oc-68"/>
      </symbol>
      <symbol id="sm-653">
         <name>__aeabi_uldivmod</name>
         <value>0x1004679</value>
         <object_component_ref idref="oc-202"/>
      </symbol>
      <symbol id="sm-659">
         <name>__udivmoddi4</name>
         <value>0x1002465</value>
         <object_component_ref idref="oc-246"/>
      </symbol>
      <symbol id="sm-663">
         <name>__aeabi_ldiv0</name>
         <value>0x100327f</value>
         <object_component_ref idref="oc-26a"/>
      </symbol>
      <symbol id="sm-66b">
         <name>TI_memcpy_small</name>
         <value>0x1004733</value>
         <object_component_ref idref="oc-82"/>
      </symbol>
      <symbol id="sm-673">
         <name>TI_memset_small</name>
         <value>0x100483d</value>
         <object_component_ref idref="oc-9f"/>
      </symbol>
      <symbol id="sm-674">
         <name>__TI_static_base__</name>
         <value>0x1004db8</value>
      </symbol>
      <symbol id="sm-677">
         <name>ITM_flush</name>
         <value>0x0</value>
      </symbol>
      <symbol id="sm-678">
         <name>ITM_restore</name>
         <value>0x0</value>
      </symbol>
      <symbol id="sm-679">
         <name>__mpu_init</name>
         <value>0x0</value>
      </symbol>
      <symbol id="sm-67a">
         <name>_system_post_cinit</name>
         <value>0x0</value>
      </symbol>
   </symbol_table>
   <title>Link successful</title>
</link_info>
