******************************************************************************
            TI ARM Clang Linker PC v3.2.0                      
******************************************************************************
>> Linked Tue Feb 20 11:52:57 2024

OUTPUT FILE NAME:   <gpiointerrupt_CC3220SF_LAUNCHXL_nortos_ticlang.out>
ENTRY POINT SYMBOL: "resetISR"  address: 01006c1d


MEMORY CONFIGURATION

         name            origin    length      used     unused   attr    fill
----------------------  --------  ---------  --------  --------  ----  --------
  FLASH_HDR             01000000   000007ff  00000000  000007ff  R  X
  FLASH                 01000800   000ff800  0000732d  000f84d3  R  X
  SRAM                  20000000   00040000  0000a3be  00035c42  RW X
  LOG_DATA              90000000   00040000  00000000  00040000  R   
  LOG_PTR               94000008   00040000  00000000  00040000  R   


SEGMENT ALLOCATION MAP

run origin  load origin   length   init length attrs members
----------  ----------- ---------- ----------- ----- -------
01000800    01000800    00007330   00007330    r-x
  01000800    01000800    00000040   00000040    r-- .resetVecs
  01000840    01000840    00006b30   00006b30    r-x .text
  01007370    01007370    000006c5   000006c5    r-- .rodata
  01007a38    01007a38    000000f8   000000f8    r-- .cinit
20000310    20000310    00008000   00000000    rw-
  20000310    20000310    00008000   00000000    rw- .sysmem
20008400    20008400    000010b5   00000000    rw-
  20008400    20008400    00000a25   00000000    rw- .bss
  20008e28    20008e28    0000068d   00000000    rw- .data
2003f000    2003f000    00001000   00000000    rw-
  2003f000    2003f000    00001000   00000000    rw- .stack


SECTION ALLOCATION MAP

 output                                  attributes/
section   page    origin      length       input sections
--------  ----  ----------  ----------   ----------------
.text      0    01000840    00006b30     
                  01000840    000009d8     libc.a : _printfi.c.obj (.text:__TI_printfi)
                  01001218    000004b8     driverlib.a : prcm.obj (.text.PRCMCC3200MCUInit)
                  010016d0    000003e4     drivers_cc32xx.a : PowerCC32XX.c.obj (.text.Power_sleep)
                  01001ab4    00000228     libc.a : _printfi.c.obj (.text._pconv_a)
                  01001cdc    00000222     drivers_cc32xx.a : UART2CC32XX.c.obj (.text.UART2CC32XX_hwiIntFxn)
                  01001efe    00000002     ti_drivers_config.o (.text.Board_initHook)
                  01001f00    000001e8     libc.a : _printfi.c.obj (.text._pconv_g)
                  010020e8    000001cc     drivers_cc32xx.a : UART2CC32XX.c.obj (.text.UART2_open)
                  010022b4    000001b6     libclang_rt.builtins.a : adddf3.S.obj (.text.adddf3_subdf3)
                  0100246a    00000002     drivers_cc32xx.a : I2C.c.obj (.text.I2C_init)
                  0100246c    00000190     gpiointerrupt.o (.text.initI2C)
                  010025fc    00000174     drivers_cc32xx.a : UART2.c.obj (.text.UART2_writeTimeoutBlocking)
                  01002770    00000150     nortos_cc32xx.a : PowerCC32XX_nortos.c.obj (.text.PowerCC32XX_sleepPolicy)
                  010028c0    00000148     drivers_cc32xx.a : TimerCC32XX.c.obj (.text.Timer_open)
                  01002a08    00000140                      : GPIOCC32XX.c.obj (.text.GPIO_setConfig)
                  01002b48    0000013c     libc.a : _printfi.c.obj (.text.fcvt)
                  01002c84    0000013c     gpiointerrupt.o (.text.mainThread)
                  01002dc0    00000138     drivers_cc32xx.a : I2CCC32XX.c.obj (.text.I2CCC32XX_hwiFxn)
                  01002ef8    00000136     libclang_rt.builtins.a : divdf3.S.obj (.text.__divdf3)
                  0100302e    00000126     drivers_cc32xx.a : I2C.c.obj (.text.I2C_transferTimeout)
                  01003154    00000120     libc.a : memory.c.obj (.text.aligned_alloc)
                  01003274    0000011a     drivers_cc32xx.a : UART2.c.obj (.text.UART2_writeTimeoutNonblocking)
                  0100338e    00000002     nortos_cc32xx.a : PowerCC32XX_nortos.c.obj (.text.PowerCC32XX_initPolicy)
                  01003390    00000118     libc.a : _printfi.c.obj (.text._pconv_e)
                  010034a8    00000112     driverlib.a : udma.obj (.text.uDMAChannelTransferSet)
                  010035ba    00000002     nortos_cc32xx.a : SemaphoreP_nortos.c.obj (.text.SemaphoreP_destruct)
                  010035bc    000000fc     libclang_rt.builtins.a : muldf3.S.obj (.text.__muldf3)
                  010036b8    000000f0     libc.a : memory.c.obj (.text.free)
                  010037a8    000000e8     drivers_cc32xx.a : I2CCC32XX.c.obj (.text.I2C_open)
                  01003890    000000e8                      : UART2CC32XX.c.obj (.text.UART2_close)
                  01003978    000000cc                      : UART2CC32XX.c.obj (.text.UART2Support_dmaStartRx)
                  01003a44    000000c8     driverlib.a : interrupt.obj (.text.IntDisable)
                  01003b0c    000000c8                 : interrupt.obj (.text.IntEnable)
                  01003bd4    000000c4     drivers_cc32xx.a : UART2CC32XX.c.obj (.text.UART2CC32XX_initHw)
                  01003c98    000000c4     libc.a : s_scalbn.c.obj (.text.scalbn)
                  01003d5c    000000b8     drivers_cc32xx.a : UART2CC32XX.c.obj (.text.UART2Support_dmaStartTx)
                  01003e14    000000b0     libclang_rt.builtins.a : udivmoddi4.S.obj (.text)
                  01003ec4    000000ac     driverlib.a : gpio.obj (.text.GPIOIntTypeSet)
                  01003f70    000000a4                 : interrupt.obj (.text.IntPendSet)
                  01004014    000000a2                 : pin.obj (.text.PinConfigSet)
                  010040b6    0000009c     drivers_cc32xx.a : I2CCC32XX.c.obj (.text.I2CCC32XX_completeTransfer)
                  01004152    00000098     driverlib.a : i2c.obj (.text.I2CMasterInitExpClk)
                  010041ea    00000002     drivers_cc32xx.a : Timer.c.obj (.text.Timer_init)
                  010041ec    00000098     nortos_cc32xx.a : SemaphoreP_nortos.c.obj (.text.SemaphoreP_pend)
                  01004284    0000000c     driverlib.a : cpu.obj (.text.CPUwfi)
                  01004290    00000096     drivers_cc32xx.a : PowerCC32XX_ticlang.asm.obj (.text)
                  01004326    00000092     driverlib.a : udma.obj (.text.uDMAChannelAttributeDisable)
                  010043b8    00000090     drivers_cc32xx.a : GPIOCC32XX.c.obj (.text.GPIO_init)
                  01004448    00000090     gpiointerrupt.o (.text.readTemp)
                  010044d8    0000008e     driverlib.a : prcm.obj (.text.PRCMSysResetCauseGet)
                  01004566    00000002     drivers_cc32xx.a : UART2CC32XX.c.obj (.text.UART2CC32XX_eventCallback)
                  01004568    00000088                      : PowerCC32XX.c.obj (.text.PowerCC32XX_configureWakeup)
                  010045f0    0000007a                      : I2CCC32XX.c.obj (.text.I2CCC32XX_primeReadBurst)
                  0100466a    00000002     libclang_rt.builtins.a : aeabi_div0.c.obj (.text.__aeabi_ldiv0)
                  0100466c    00000078     drivers_cc32xx.a : PowerCC32XX.c.obj (.text.Power_init)
                  010046e4    00000074     nortos_cc32xx.a : HwiPCC32XX_nortos.c.obj (.text.HwiP_construct)
                  01004758    00000074     driverlib.a : prcm.obj (.text.PRCMHibernateWakeUpGPIOSelect)
                  010047cc    00000074                 : uart.obj (.text.UARTConfigSetExpClk)
                  01004840    00000070     libc.a : copy_decompress_lzss.c.obj (.text:decompress:lzss)
                  010048b0    0000006e     libclang_rt.builtins.a : comparedf2.c.obj (.text.__gedf2)
                  0100491e    00000002     libc.a : _lock.c.obj (.text._nop)
                  01004920    0000006e     libclang_rt.builtins.a : comparedf2.c.obj (.text.__ledf2)
                  0100498e    00000002     nortos_cc32xx.a : startup_cc32xx_ticlang.c.obj (.text.busFaultHandler)
                  01004990    0000006e     libclang_rt.builtins.a : truncdfsf2.S.obj (.text.__truncdfsf2)
                  010049fe    0000006c     driverlib.a : pin.obj (.text.PinLockLevelSet)
                  01004a6a    00000002     nortos_cc32xx.a : SemaphoreP_nortos.c.obj (.text.clkFxn)
                  01004a6c    0000006c     drivers_cc32xx.a : PowerCC32XX.c.obj (.text.Power_setDependency)
                  01004ad8    0000006c                      : UDMACC32XX.c.obj (.text.UDMACC32XX_open)
                  01004b44    0000006c     libc.a : _printfi.c.obj (.text._mcpy)
                  01004bb0    0000006c     drivers_cc32xx.a : GPIOCC32XX.c.obj (.text.powerNotifyFxn)
                  01004c1c    0000006c     libc.a : memory.c.obj (.text.split)
                  01004c88    0000006a     driverlib.a : prcm.obj (.text.PRCMPeripheralReset)
                  01004cf2    00000002     nortos_cc32xx.a : startup_cc32xx_ticlang.c.obj (.text.defaultHandler)
                  01004cf4    00000068     drivers_cc32xx.a : I2CCC32XX.c.obj (.text.I2CCC32XX_initHw)
                  01004d5c    00000068     driverlib.a : interrupt.obj (.text.IntPendClear)
                  01004dc4    00000066     drivers_cc32xx.a : I2CCC32XX.c.obj (.text.I2CCC32XX_primeWriteBurst)
                  01004e2a    00000002     nortos_cc32xx.a : startup_cc32xx_ticlang.c.obj (.text.faultISR)
                  01004e2c    00000064     gpiointerrupt.o (.text.TickFct_Heater)
                  01004e90    00000062     libclang_rt.builtins.a : aeabi_dcmp.S.obj (.text.__aeabi_dcmp)
                  01004ef2    00000002     nortos_cc32xx.a : startup_cc32xx_ticlang.c.obj (.text.nmiISR)
                  01004ef4    00000060     drivers_cc32xx.a : GPIOCC32XX.c.obj (.text.GPIO_write)
                  01004f54    00000060                      : UART2CC32XX.c.obj (.text.UART2Support_dmaStopTx)
                  01004fb4    0000005c     driverlib.a : flash.obj (.text.FlashDisable)
                  01005010    0000005c     drivers_cc32xx.a : I2CCC32XX.c.obj (.text.I2CSupport_primeTransfer)
                  0100506c    0000005c     driverlib.a : prcm.obj (.text.PRCMHibernateWakeupSourceDisable)
                  010050c8    0000005c     drivers_cc32xx.a : TimerCC32XX.c.obj (.text.TimerCC32XX_allocateTimerResource)
                  01005124    0000005c     libc.a : _printfi.c.obj (.text._pconv_f)
                  01005180    0000005a     driverlib.a : prcm.obj (.text.PRCMPeripheralClkEnable)
                  010051da    00000002     --HOLE-- [fill = 0]
                  010051dc    00000058     nortos_cc32xx.a : ClockPSysTick_nortos.c.obj (.text.ClockP_startup)
                  01005234    00000058     driverlib.a : interrupt.obj (.text.IntPrioritySet)
                  0100528c    00000056                 : prcm.obj (.text.PRCMLPDSEnter)
                  010052e2    00000056     libc.a : _ltoa.c.obj (.text.__TI_ltoa)
                  01005338    00000054     drivers_cc32xx.a : PowerCC32XX.c.obj (.text.PowerCC32XX_setParkState)
                  0100538c    00000054                      : PowerCC32XX.c.obj (.text.Power_releaseDependency)
                  010053e0    00000054     libc.a : s_frexp.c.obj (.text.frexp)
                  01005434    00000050     drivers_cc32xx.a : GPIOCC32XX.c.obj (.text.GPIO_hwiIntFxn)
                  01005484    00000050     driverlib.a : prcm.obj (.text.PRCMHibernateWakeupSourceEnable)
                  010054d4    00000050     nortos_cc32xx.a : SemaphoreP_nortos.c.obj (.text.SemaphoreP_construct)
                  01005524    0000004e     libc.a : _printfi.c.obj (.text._ecpy)
                  01005572    0000004e     driverlib.a : udma.obj (.text.uDMAChannelAssign)
                  010055c0    0000004c     drivers_cc32xx.a : GPIOCC32XX.c.obj (.text.GPIO_setInterruptConfig)
                  0100560c    0000004c     driverlib.a : prcm.obj (.text.PRCMLPDSRestoreInfoSet)
                  01005658    0000004c     drivers_cc32xx.a : TimerCC32XX.c.obj (.text.initHw)
                  010056a4    0000004a                      : UART2CC32XX.c.obj (.text.UART2Support_dmaStopRx)
                  010056ee    0000004a                      : TimerCC32XX.c.obj (.text.getPrescaler)
                  01005738    0000004a     driverlib.a : udma.obj (.text.uDMAChannelSizeGet)
                  01005782    00000002     --HOLE-- [fill = 0]
                  01005784    00000048     nortos_cc32xx.a : ClockPSysTick_nortos.c.obj (.text.ClockP_sysTickHandler)
                  010057cc    00000048     driverlib.a : prcm.obj (.text.PRCMIntEnable)
                  01005814    00000048                 : prcm.obj (.text.PRCMPeripheralStatusGet)
                  0100585c    00000048                 : pin.obj (.text.PinConfigGet)
                  010058a4    00000048     libclang_rt.builtins.a : fixdfsi.S.obj (.text.__fixdfsi)
                  010058ec    00000046     drivers_cc32xx.a : I2CCC32XX.c.obj (.text.I2CCC32XX_fillTransmitFifo)
                  01005932    00000046     driverlib.a : prcm.obj (.text.PRCMLPDSEnterKeepDebugIf)
                  01005978    00000046     drivers_cc32xx.a : RingBuf.c.obj (.text.RingBuf_put)
                  010059be    00000044     driverlib.a : gpio.obj (.text.GPIODirModeSet)
                  01005a02    00000002     --HOLE-- [fill = 0]
                  01005a04    00000044     drivers_cc32xx.a : GPIOCC32XX.c.obj (.text.GPIO_disableInt)
                  01005a48    00000044                      : GPIOCC32XX.c.obj (.text.GPIO_enableInt)
                  01005a8c    00000044                      : PowerCC32XX.c.obj (.text.Power_releaseConstraint)
                  01005ad0    00000044                      : Timer.c.obj (.text.Timer_start)
                  01005b14    00000044     nortos_cc32xx.a : ClockPSysTick_nortos.c.obj (.text.addToList)
                  01005b58    00000044     gpiointerrupt.o (.text.initTimer)
                  01005b9c    00000044     libc.a : snprintf.c.obj (.text.snprintf)
                  01005be0    00000042     driverlib.a : pin.obj (.text.PinModeSet)
                  01005c22    00000042                 : timer.obj (.text.TimerControlStall)
                  01005c64    00000042     drivers_cc32xx.a : TimerCC32XX.c.obj (.text.Timer_close)
                  01005ca6    00000042     nortos_cc32xx.a : PowerCC32XX_nortos.c.obj (.text.getCountsRTC)
                  01005ce8    00000040                     : SemaphoreP_nortos.c.obj (.text.SemaphoreP_post)
                  01005d28    00000040     drivers_cc32xx.a : Timer.c.obj (.text.Timer_stop)
                  01005d68    00000040     libc.a : atoi.c.obj (.text.atoi)
                  01005da8    00000040     driverlib.a : udma.obj (.text.uDMAChannelControlSet)
                  01005de8    0000003e                 : pin.obj (.text.PinDirModeSet)
                  01005e26    00000002     --HOLE-- [fill = 0]
                  01005e28    0000003c     nortos_cc32xx.a : ClockPSysTick_nortos.c.obj (.text.ClockP_stop)
                  01005e64    0000003c     drivers_cc32xx.a : UDMACC32XX.c.obj (.text.UDMACC32XX_init)
                  01005ea0    0000003a                      : TimerCC32XX.c.obj (.text.TimerSupport_timerEnable)
                  01005eda    00000002     --HOLE-- [fill = 0]
                  01005edc    00000038     nortos_cc32xx.a : ClockPSysTick_nortos.c.obj (.text.ClockP_destruct)
                  01005f14    00000038     drivers_cc32xx.a : PowerCC32XX.c.obj (.text.Power_setConstraint)
                  01005f4c    00000038                      : RingBuf.c.obj (.text.RingBuf_putAdvance)
                  01005f84    00000038     nortos_cc32xx.a : SwiP_nortos.c.obj (.text.SwiP_restore)
                  01005fbc    00000038     drivers_cc32xx.a : UDMACC32XX.c.obj (.text.UDMACC32XX_close)
                  01005ff4    00000038     libclang_rt.builtins.a : extendsfdf2.S.obj (.text.__extendsfdf2)
                  0100602c    00000038     libc.a : autoinit.c.obj (.text:__TI_auto_init_nobinit_nopinit)
                  01006064    00000036     driverlib.a : pin.obj (.text.PinLock)
                  0100609a    00000036     drivers_cc32xx.a : TimerCC32XX.c.obj (.text.TimerCC32XX_hwiIntFunction)
                  010060d0    00000036     driverlib.a : uart.obj (.text.UARTCharPutNonBlocking)
                  01006106    00000002     --HOLE-- [fill = 0]
                  01006108    00000034     nortos_cc32xx.a : ClockPSysTick_nortos.c.obj (.text.ClockP_start)
                  0100613c    00000034     driverlib.a : i2c.obj (.text.I2CFIFODataPutNonBlocking)
                  01006170    00000034                 : pin.obj (.text.PinDirModeGet)
                  010061a4    00000034                 : pin.obj (.text.PinModeGet)
                  010061d8    00000034     drivers_cc32xx.a : PowerCC32XX.c.obj (.text.PowerCC32XX_parkPin)
                  0100620c    00000034                      : TimerCC32XX.c.obj (.text.TimerCC32XX_freeTimerResource)
                  01006240    00000034                      : UART2.c.obj (.text.UART2_rxDisable)
                  01006274    00000034     libc.a : _printfi.c.obj (.text._fcpy)
                  010062a8    00000034     gpiointerrupt.o (.text.initUART)
                  010062dc    00000034     nortos_cc32xx.a : startup_cc32xx_ticlang.c.obj (.text.initVectors)
                  01006310    00000030                     : ClockPSysTick_nortos.c.obj (.text.ClockP_getTicksUntilInterrupt)
                  01006340    00000030     driverlib.a : i2c.obj (.text.I2CFIFODataGetNonBlocking)
                  01006370    00000030                 : prcm.obj (.text.PRCMLPDSIntervalSet)
                  010063a0    00000030                 : prcm.obj (.text.PRCMSlowClkCtrFastGet)
                  010063d0    00000030                 : timer.obj (.text.TimerLoadSet)
                  01006400    00000030                 : timer.obj (.text.TimerPrescaleSet)
                  01006430    00000030     libc.a : snprintf.c.obj (.text._outs)
                  01006460    00000030     drivers_cc32xx.a : PowerCC32XX.c.obj (.text.notify)
                  01006490    00000030     gpiointerrupt.o (.text.timerCallback)
                  010064c0    0000002e     driverlib.a : gpio.obj (.text.GPIOIntStatus)
                  010064ee    0000002e     drivers_cc32xx.a : RingBuf.c.obj (.text.RingBuf_getConsume)
                  0100651c    0000002e                      : RingBuf.c.obj (.text.RingBuf_putPointer)
                  0100654a    0000002e     driverlib.a : uart.obj (.text.UARTDisable)
                  01006578    0000002e     libclang_rt.builtins.a : floatsidf.S.obj (.text.__floatsidf)
                  010065a6    0000002c     driverlib.a : i2c.obj (.text.I2CMasterIntStatusEx)
                  010065d2    0000002c     drivers_cc32xx.a : UART2CC32XX.c.obj (.text.UART2CC32XX_getRxData)
                  010065fe    0000002a     nortos_cc32xx.a : HwiPCC32XX_nortos.c.obj (.text.HwiP_create)
                  01006628    0000002a     driverlib.a : prcm.obj (.text.PRCMLPDSWakeUpGPIOSelect)
                  01006652    0000002a                 : prcm.obj (.text.PRCMPeripheralClkDisable)
                  0100667c    0000002a                 : uart.obj (.text.UARTIntStatus)
                  010066a6    00000028                 : i2c.obj (.text.I2CMasterBusBusy)
                  010066ce    00000028                 : i2c.obj (.text.I2CMasterSlaveAddrSet)
                  010066f6    00000028                 : i2c.obj (.text.I2CTxFIFOConfigSet)
                  0100671e    00000028     drivers_cc32xx.a : I2C.c.obj (.text.I2C_cancel)
                  01006746    00000028                      : List.c.obj (.text.List_remove)
                  0100676e    00000028     driverlib.a : prcm.obj (.text.PRCMSRAMRetentionEnable)
                  01006796    00000002     --HOLE-- [fill = 0]
                  01006798    00000028     drivers_cc32xx.a : PowerCC32XX.c.obj (.text.PowerCC32XX_getParkState)
                  010067c0    00000028                      : TimerCC32XX.c.obj (.text.TimerSupport_timerDisable)
                  010067e8    00000028     libc.a : memory.c.obj (.text.free_list_insert)
                  01006810    00000024     driverlib.a : i2c.obj (.text.I2CRxFIFOConfigSet)
                  01006834    00000024                 : interrupt.obj (.text.IntUnregister)
                  01006858    00000024     drivers_cc32xx.a : List.c.obj (.text.List_put)
                  0100687c    00000024     driverlib.a : prcm.obj (.text.PRCMLPDSWakeupSourceEnable)
                  010068a0    00000024     drivers_cc32xx.a : PowerCC32XX.c.obj (.text.PowerCC32XX_restoreParkState)
                  010068c4    00000024                      : PowerCC32XX.c.obj (.text.PowerCC32XX_restoreParkedPin)
                  010068e8    00000024                      : PowerCC32XX.c.obj (.text.Power_registerNotify)
                  0100690c    00000024                      : UART2CC32XX.c.obj (.text.UART2Support_disableRx)
                  01006930    00000024     libc.a : boot_cortex_m.c.obj (.text:_c_int00_noargs)
                  01006954    00000022     driverlib.a : gpio.obj (.text.GPIOPinWrite)
                  01006976    00000022                 : pin.obj (.text.PinUnlock)
                  01006998    00000022     drivers_cc32xx.a : RingBuf.c.obj (.text.RingBuf_getPointer)
                  010069ba    00000022                      : UART2CC32XX.c.obj (.text.UART2Support_sendData)
                  010069dc    00000020     driverlib.a : interrupt.obj (.text.IntRegister)
                  010069fc    00000020                 : pin.obj (.text.PinTypeI2C)
                  01006a1c    00000020     drivers_cc32xx.a : PowerCC32XX.c.obj (.text.PowerCC32XX_reset)
                  01006a3c    00000020                      : PowerCC32XX.c.obj (.text.Power_unregisterNotify)
                  01006a5c    00000020     nortos_cc32xx.a : SemaphoreP_nortos.c.obj (.text.SemaphoreP_constructBinary)
                  01006a7c    00000020                     : SemaphoreP_nortos.c.obj (.text.SemaphoreP_createBinary)
                  01006a9c    00000020     driverlib.a : timer.obj (.text.TimerDisable)
                  01006abc    0000001e                 : pin.obj (.text.PinTypeUART)
                  01006ada    0000001e     drivers_cc32xx.a : UART2.c.obj (.text.UART2_writeTimeout)
                  01006af8    0000001e     driverlib.a : uart.obj (.text.UARTEnable)
                  01006b16    0000001e     libc.a : memccpy.c.obj (.text.memccpy)
                  01006b34    0000001e     driverlib.a : udma.obj (.text.uDMAChannelDisable)
                  01006b52    0000001e                 : udma.obj (.text.uDMAChannelEnable)
                  01006b70    0000001e                 : udma.obj (.text.uDMAChannelIsEnabled)
                  01006b8e    00000002     --HOLE-- [fill = 0]
                  01006b90    0000001c     drivers_cc32xx.a : GPIO.c.obj (.text.GPIO_setCallback)
                  01006bac    0000001c     nortos_cc32xx.a : HwiPCC32XX_nortos.c.obj (.text.HwiP_dispatch)
                  01006bc8    0000001c                     : SwiP_nortos.c.obj (.text.SwiP_disable)
                  01006be4    0000001c     libc.a : memory.c.obj (.text.free_list_remove)
                  01006c00    0000001c     drivers_cc32xx.a : TimerCC32XX.c.obj (.text.getPowerMgrId)
                  01006c1c    0000001c     nortos_cc32xx.a : startup_cc32xx_ticlang.c.obj (.text.resetISR)
                  01006c38    0000001a     driverlib.a : gpio.obj (.text.GPIOIntDisable)
                  01006c52    0000001a                 : prcm.obj (.text.PRCMHIBRegRead)
                  01006c6c    0000001a                 : prcm.obj (.text.PRCMHIBRegWrite)
                  01006c86    0000001a                 : prcm.obj (.text.PRCMLPDSWakeupSourceDisable)
                  01006ca0    0000001a                 : pin.obj (.text.PinToPadGet)
                  01006cba    0000001a                 : timer.obj (.text.TimerEnable)
                  01006cd4    0000001a                 : uart.obj (.text.UARTFlowControlSet)
                  01006cee    00000018                 : gpio.obj (.text.GPIOIntEnable)
                  01006d06    00000018     nortos_cc32xx.a : SemaphoreP_nortos.c.obj (.text.SemaphoreP_create)
                  01006d1e    00000018     libc.a : snprintf.c.obj (.text._outc)
                  01006d36    00000016     ti_drivers_config.o (.text.Board_init)
                  01006d4c    00000016     driverlib.a : i2c.obj (.text.I2CMasterBurstLengthSet)
                  01006d62    00000016                 : i2c.obj (.text.I2CMasterIntDisableEx)
                  01006d78    00000016                 : i2c.obj (.text.I2CRxFIFOFlush)
                  01006d8e    00000016                 : i2c.obj (.text.I2CTxFIFOFlush)
                  01006da4    00000016                 : systick.obj (.text.SysTickPeriodSet)
                  01006dba    00000016                 : timer.obj (.text.TimerIntDisable)
                  01006dd0    00000016                 : uart.obj (.text.UARTCharsAvail)
                  01006de6    00000016                 : uart.obj (.text.UARTDMADisable)
                  01006dfc    00000016                 : uart.obj (.text.UARTFIFOLevelSet)
                  01006e12    00000016                 : uart.obj (.text.UARTIntDisable)
                  01006e28    00000014                 : cpu.obj (.text.CPUcpsid)
                  01006e3c    00000014                 : cpu.obj (.text.CPUcpsie)
                  01006e50    00000014     nortos_cc32xx.a : HwiPCC32XX_nortos.c.obj (.text.HwiP_destruct)
                  01006e64    00000014     driverlib.a : i2c.obj (.text.I2CMasterIntEnableEx)
                  01006e78    00000014                 : interrupt.obj (.text.IntVTableBaseSet)
                  01006e8c    00000014     drivers_cc32xx.a : PowerCC32XX.c.obj (.text.Power_disablePolicy)
                  01006ea0    00000014                      : PowerCC32XX.c.obj (.text.Power_getTransitionLatency)
                  01006eb4    00000014                      : PowerCC32XX.c.obj (.text.Power_idleFunc)
                  01006ec8    00000014     driverlib.a : timer.obj (.text.TimerIntEnable)
                  01006edc    00000014                 : uart.obj (.text.UARTDMAEnable)
                  01006ef0    00000014                 : uart.obj (.text.UARTIntEnable)
                  01006f04    00000014     libclang_rt.builtins.a : aeabi_uldivmod.S.obj (.text.__aeabi_uldivmod)
                  01006f18    00000014     driverlib.a : udma.obj (.text.uDMAControlBaseSet)
                  01006f2c    00000014                 : udma.obj (.text.uDMAIntClear)
                  01006f40    00000012     nortos_cc32xx.a : ClockPSysTick_nortos.c.obj (.text.ClockP_add)
                  01006f52    00000012     driverlib.a : gpio.obj (.text.GPIOIntClear)
                  01006f64    00000012     nortos_cc32xx.a : HwiPCC32XX_nortos.c.obj (.text.HwiP_Params_init)
                  01006f76    00000012                     : HwiPCC32XX_nortos.c.obj (.text.HwiP_delete)
                  01006f88    00000012     driverlib.a : i2c.obj (.text.I2CMasterDisable)
                  01006f9a    00000012                 : i2c.obj (.text.I2CMasterEnable)
                  01006fac    00000012     drivers_cc32xx.a : I2C.c.obj (.text.I2C_transfer)
                  01006fbe    00000012     driverlib.a : systick.obj (.text.SysTickEnable)
                  01006fd0    00000012                 : systick.obj (.text.SysTickIntDisable)
                  01006fe2    00000012                 : systick.obj (.text.SysTickIntEnable)
                  01006ff4    00000012     drivers_cc32xx.a : UDMACC32XX.c.obj (.text.postNotifyFxn)
                  01007006    00000012     libc.a : _printfi.c.obj (.text.strchr)
                  01007018    00000012            : memcpy_t2.S.obj (.text:TI_memcpy_small)
                  0100702a    00000002     --HOLE-- [fill = 0]
                  0100702c    00000010     nortos_cc32xx.a : ClockPSysTick_nortos.c.obj (.text.ClockP_getCpuFreq)
                  0100703c    00000010                     : ClockPSysTick_nortos.c.obj (.text.ClockP_getSystemTicks)
                  0100704c    00000010                     : ClockPSysTick_nortos.c.obj (.text.ClockP_setTicks)
                  0100705c    00000010                     : HwiPCC32XX_nortos.c.obj (.text.HwiP_inISR)
                  0100706c    00000010     driverlib.a : i2c.obj (.text.I2CMasterControl)
                  0100707c    00000010                 : i2c.obj (.text.I2CMasterIntClearEx)
                  0100708c    00000010                 : i2c.obj (.text.I2CMasterTimeoutSet)
                  0100709c    00000010     drivers_cc32xx.a : PowerCC32XX.c.obj (.text.Power_enablePolicy)
                  010070ac    00000010                      : RingBuf.c.obj (.text.RingBuf_construct)
                  010070bc    00000010     driverlib.a : timer.obj (.text.TimerIntClear)
                  010070cc    00000010     drivers_cc32xx.a : Timer.c.obj (.text.Timer_Params_init)
                  010070dc    00000010                      : UART2CC32XX.c.obj (.text.UART2Support_txDone)
                  010070ec    00000010     driverlib.a : uart.obj (.text.UARTBusy)
                  010070fc    00000010                 : uart.obj (.text.UARTIntClear)
                  0100710c    00000010                 : uart.obj (.text.UARTRxErrorGet)
                  0100711c    00000010     gpiointerrupt.o (.text.gpioButtonFxn0)
                  0100712c    00000010     gpiointerrupt.o (.text.gpioButtonFxn1)
                  0100713c    00000010     main_nortos.o (.text.main)
                  0100714c    00000010     libc.a : wcslen.c.obj (.text.wcslen)
                  0100715c    00000010            : copy_zero_init.c.obj (.text:decompress:ZI)
                  0100716c    0000000e     nortos_cc32xx.a : HwiPCC32XX_nortos.c.obj (.text.HwiP_interruptsEnabled)
                  0100717a    0000000e     driverlib.a : i2c.obj (.text.I2CFIFOStatus)
                  01007188    0000000e     drivers_cc32xx.a : UART2.c.obj (.text.UART2_write)
                  01007196    0000000e     libc.a : _printfi.c.obj (.text.strlen)
                  010071a4    0000000e     driverlib.a : udma.obj (.text.uDMAEnable)
                  010071b2    0000000e                 : udma.obj (.text.uDMAErrorStatusClear)
                  010071c0    0000000e     libc.a : memset_t2.S.obj (.text:TI_memset_small)
                  010071ce    0000000e            : copy_decompress_none.c.obj (.text:decompress:none)
                  010071dc    0000000c     drivers_cc32xx.a : I2CCC32XX.c.obj (.text.I2CCC32XX_postNotify)
                  010071e8    0000000c                      : I2C.c.obj (.text.I2C_Params_init)
                  010071f4    0000000c                      : I2CCC32XX.c.obj (.text.OUTLINED_FUNCTION_0)
                  01007200    0000000c                      : UART2CC32XX.c.obj (.text.OUTLINED_FUNCTION_0)
                  0100720c    0000000c     gpiointerrupt.o (.text.OUTLINED_FUNCTION_0)
                  01007218    0000000c     libc.a : _printfi.c.obj (.text.OUTLINED_FUNCTION_0)
                  01007224    0000000c     driverlib.a : prcm.obj (.text.PRCMLPDSWakeupCauseGet)
                  01007230    0000000c     drivers_cc32xx.a : PowerCC32XX.c.obj (.text.Power_getConstraintMask)
                  0100723c    0000000c                      : UART2CC32XX.c.obj (.text.UART2CC32XX_postNotifyFxn)
                  01007248    0000000c                      : UART2CC32XX.c.obj (.text.UART2Support_disableTx)
                  01007254    0000000c                      : UART2CC32XX.c.obj (.text.UART2Support_enableTx)
                  01007260    0000000c                      : UART2.c.obj (.text.UART2_Params_init)
                  0100726c    0000000c                      : TimerCC32XX.c.obj (.text.postNotifyFxn)
                  01007278    0000000c     driverlib.a : udma.obj (.text.uDMAErrorStatusGet)
                  01007284    0000000a                 : cpu.obj (.text.CPUprimask)
                  0100728e    0000000a     nortos_cc32xx.a : ClockPSysTick_nortos.c.obj (.text.ClockP_isActive)
                  01007298    0000000a     driverlib.a : interrupt.obj (.text.IntMasterDisable)
                  010072a2    0000000a                 : interrupt.obj (.text.IntMasterEnable)
                  010072ac    0000000a     drivers_cc32xx.a : UART2CC32XX.c.obj (.text.OUTLINED_FUNCTION_1)
                  010072b6    0000000a     libc.a : _printfi.c.obj (.text.OUTLINED_FUNCTION_1)
                  010072c0    0000000a     drivers_cc32xx.a : UART2CC32XX.c.obj (.text.OUTLINED_FUNCTION_2)
                  010072ca    00000002     --HOLE-- [fill = 0]
                  010072cc    0000000a     libclang_rt.builtins.a : aeabi_memset.S.obj (.text.__aeabi_memset)
                  010072d6    0000000a     ti_drivers_config.o (.text.dmaErrorFxn)
                  010072e0    00000008     nortos_cc32xx.a : HwiPCC32XX_nortos.c.obj (.text.HwiP_disable)
                  010072e8    00000008                     : HwiPCC32XX_nortos.c.obj (.text.HwiP_restore)
                  010072f0    00000008     drivers_cc32xx.a : I2CCC32XX.c.obj (.text.I2CCC32XX_blockingCallback)
                  010072f8    00000008                      : I2CCC32XX.c.obj (.text.I2CSupport_controllerFinish)
                  01007300    00000008     driverlib.a : prcm.obj (.text.PRCMSleepEnter)
                  01007308    00000008                 : utils.obj (.text.UtilsDelay)
                  01007310    00000008     libc.a : aeabi_portable.c.obj (.text.__aeabi_errno_addr)
                  01007318    00000008     libclang_rt.builtins.a : aeabi_memset.S.obj (.text.__aeabi_memclr)
                  01007320    00000008     libc.a : memory.c.obj (.text.malloc)
                  01007328    00000006     drivers_cc32xx.a : I2CCC32XX.c.obj (.text.I2CSupport_powerRelConstraint)
                  0100732e    00000006                      : I2CCC32XX.c.obj (.text.I2CSupport_powerSetConstraint)
                  01007334    00000006                      : UART2CC32XX.c.obj (.text.UART2Support_powerRelConstraint)
                  0100733a    00000004     nortos_cc32xx.a : ClockPSysTick_nortos.c.obj (.text.ClockP_doTick)
                  0100733e    00000004                     : HwiPCC32XX_nortos.c.obj (.text.HwiP_clearInterrupt)
                  01007342    00000004                     : HwiPCC32XX_nortos.c.obj (.text.HwiP_disableInterrupt)
                  01007346    00000004                     : HwiPCC32XX_nortos.c.obj (.text.HwiP_enable)
                  0100734a    00000004                     : HwiPCC32XX_nortos.c.obj (.text.HwiP_enableInterrupt)
                  0100734e    00000004                     : HwiPCC32XX_nortos.c.obj (.text.HwiP_post)
                  01007352    00000004     driverlib.a : interrupt.obj (.text.IntDefaultHandler)
                  01007356    00000004     nortos_cc32xx.a : NoRTOS.c.obj (.text.NoRTOS_start)
                  0100735a    00000004     drivers_cc32xx.a : RingBuf.c.obj (.text.RingBuf_getCount)
                  0100735e    00000004     nortos_cc32xx.a : SemaphoreP_nortos.c.obj (.text.SemaphoreP_delete)
                  01007362    00000002     --HOLE-- [fill = 0]
                  01007364    00000004     libclang_rt.builtins.a : aeabi_memcpy.S.obj (.text.__aeabi_memcpy)
                  01007368    00000004     libc.a : pre_init.c.obj (.text._system_pre_init)
                  0100736c    00000004            : exit.c.obj (.text:abort)

.rodata    0    01007370    000006c5     
                  01007370    00000101     libc.a : aeabi_ctype.S.obj (.rodata:__aeabi_ctype_table_)
                  01007471    00000002     drivers_cc32xx.a : UART2CC32XX.c.obj (.rodata.stopBits)
                  01007473    00000001     ti_drivers_config.o (.rodata.GPIO_pinUpperBound)
                  01007474    00000100     driverlib.a : pin.obj (.rodata.g_ulPinToPadMap)
                  01007574    000000d4                 : interrupt.obj (.rodata.g_pulRegs)
                  01007648    000000a8                 : prcm.obj (.rodata.PRCM_PeriphRegsList)
                  010076f0    00000048     gpiointerrupt.o (.rodata.str1.117259490511853709771)
                  01007738    00000044     ti_drivers_config.o (.rodata.PowerCC32XX_config)
                  0100777c    00000038     ti_drivers_config.o (.rodata.uart2CC32XXHWAttrs0)
                  010077b4    00000032     gpiointerrupt.o (.rodata.str1.59672170090002130734)
                  010077e6    00000001     ti_drivers_config.o (.rodata.I2C_count)
                  010077e7    00000001     ti_drivers_config.o (.rodata.Timer_count)
                  010077e8    00000028     drivers_cc32xx.a : GPIOCC32XX.c.obj (.rodata.portConfigs)
                  01007810    00000028     gpiointerrupt.o (.rodata.str1.2552335557485402981)
                  01007838    00000024     drivers_cc32xx.a : UART2.c.obj (.rodata.UART2_defaultParams)
                  0100785c    00000021                      : GPIOCC32XX.c.obj (.rodata.pinTable)
                  0100787d    00000021     gpiointerrupt.o (.rodata.str1.172639838942318644741)
                  0100789e    00000001     ti_drivers_config.o (.rodata.UART2_count)
                  0100789f    00000001     --HOLE-- [fill = 0]
                  010078a0    0000001b     gpiointerrupt.o (.rodata.str1.119337933097536889414)
                  010078bb    00000001     --HOLE-- [fill = 0]
                  010078bc    00000018     driverlib.a : interrupt.obj (.rodata.g_pulDisRegs)
                  010078d4    00000018                 : interrupt.obj (.rodata.g_pulEnRegs)
                  010078ec    00000018                 : interrupt.obj (.rodata.g_pulPendRegs)
                  01007904    00000018                 : interrupt.obj (.rodata.g_pulUnpendRegs)
                  0100791c    00000018     gpiointerrupt.o (.rodata.sensors)
                  01007934    00000016     gpiointerrupt.o (.rodata.str1.88141095010518599421)
                  0100794a    00000002     --HOLE-- [fill = 0]
                  0100794c    00000014     ti_drivers_config.o (.rodata.i2cCC32XXHWAttrs)
                  01007960    00000011     libc.a : _printfi.c.obj (.rodata.str1.11645776875810915891)
                  01007971    00000011            : _printfi.c.obj (.rodata.str1.44690500295887128011)
                  01007982    00000002     --HOLE-- [fill = 0]
                  01007984    00000010     ti_drivers_config.o (.rodata.GPIO_config)
                  01007994    00000010     drivers_cc32xx.a : I2CCC32XX.c.obj (.rodata.cst16)
                  010079a4    00000010     ti_drivers_config.o (.rodata.timerCC32XXHWAttrs)
                  010079b4    0000000d     gpiointerrupt.o (.rodata.str1.8099049698717124711)
                  010079c1    00000003     --HOLE-- [fill = 0]
                  010079c4    0000000c     drivers_cc32xx.a : Timer.c.obj (.rodata.defaultParams)
                  010079d0    0000000c                      : TimerCC32XX.c.obj (.rodata.defaultParams)
                  010079dc    0000000c     ti_drivers_config.o (.rodata.udmaCC3220SHWAttrs)
                  010079e8    00000009     gpiointerrupt.o (.rodata.str1.149745159178111864794)
                  010079f1    00000003     --HOLE-- [fill = 0]
                  010079f4    00000009     gpiointerrupt.o (.rodata.str1.27667157146944505614)
                  010079fd    00000003     --HOLE-- [fill = 0]
                  01007a00    00000008     ti_drivers_config.o (.rodata.I2C_config)
                  01007a08    00000008     ti_drivers_config.o (.rodata.Timer_config)
                  01007a10    00000008     ti_drivers_config.o (.rodata.UART2_config)
                  01007a18    00000008     ti_drivers_config.o (.rodata.UDMACC32XX_config)
                  01007a20    00000005     drivers_cc32xx.a : UART2CC32XX.c.obj (.rodata.parityType)
                  01007a25    00000004                      : UART2CC32XX.c.obj (.rodata.cst4)
                  01007a29    00000004     gpiointerrupt.o (.rodata.str1.48557138690711581961)
                  01007a2d    00000004     gpiointerrupt.o (.rodata.str1.75752999448730089091)
                  01007a31    00000004     gpiointerrupt.o (.rodata.str1.99899187528894583921)

.cinit     0    01007a38    000000f8     
                  01007a38    000000d1     (.cinit..data.load) [load image, compression = lzss]
                  01007b09    00000003     --HOLE-- [fill = 0]
                  01007b0c    0000000c     (__TI_handler_table)
                  01007b18    00000008     (.cinit..bss.load) [load image, compression = zero_init]
                  01007b20    00000010     (__TI_cinit_table)

.init_array 
*          0    01000800    00000000     UNINITIALIZED

.resetVecs 
*          0    01000800    00000040     
                  01000800    00000040     nortos_cc32xx.a : startup_cc32xx_ticlang.c.obj (.resetVecs)

.ramVecs   0    20000000    0000030c     NOLOAD SECTION
                  20000000    0000030c     nortos_cc32xx.a : startup_cc32xx_ticlang.c.obj (.ramVecs)

.sysmem    0    20000310    00008000     UNINITIALIZED
                  20000310    00000010     libc.a : memory.c.obj (.sysmem)
                  20000320    00007ff0     --HOLE--

.bss       0    20008400    00000a25     UNINITIALIZED
                  20008400    00000400     ti_drivers_config.o (.bss.dmaControlTable)
                  20008800    00000178     (.common:uart2CC32XXObjects0)
                  20008978    0000012c     (.common:PowerCC32XX_contextSave)
                  20008aa4    000000fc     (.common:i2cCC32XXObjects)
                  20008ba0    00000084     (.common:gpioCallbackFunctions)
                  20008c24    00000084     (.common:gpioUserArgs)
                  20008ca8    00000084     (.common:timerCC32XXObjects)
                  20008d2c    00000040     (.common:output)
                  20008d6c    00000020     ti_drivers_config.o (.bss.uart2RxRingBuffer0)
                  20008d8c    00000020     ti_drivers_config.o (.bss.uart2TxRingBuffer0)
                  20008dac    00000020     (.common:i2cTransaction)
                  20008dcc    00000014     drivers_cc32xx.a : UDMACC32XX.c.obj (.bss.postNotifyObj)
                  20008de0    00000010     (.common:ClockP_ctrl)
                  20008df0    00000008     (.common:udmaCC3220SObject)
                  20008df8    00000004     nortos_cc32xx.a : ClockPSysTick_nortos.c.obj (.bss.sysTickPeriod)
                  20008dfc    00000004     libc.a : memory.c.obj (.bss.sys_free)
                  20008e00    00000004     drivers_cc32xx.a : TimerCC32XX.c.obj (.bss.timerState.0)
                  20008e04    00000004     (.common:bytesToSend)
                  20008e08    00000004     (.common:i2c)
                  20008e0c    00000004     (.common:seconds)
                  20008e10    00000004     (.common:setpoint)
                  20008e14    00000004     (.common:temperature)
                  20008e18    00000004     (.common:timer0)
                  20008e1c    00000004     (.common:uart)
                  20008e20    00000002     (.common:rxBuffer)
                  20008e22    00000001     (.common:Heater_State)
                  20008e23    00000001     (.common:heat)
                  20008e24    00000001     (.common:txBuffer)

.data      0    20008e28    0000068d     UNINITIALIZED
                  20008e28    0000030c     nortos_cc32xx.a : HwiPCC32XX_nortos.c.obj (.data.HwiP_dispatchTable)
                  20009134    0000016c     drivers_cc32xx.a : PowerCC32XX.c.obj (.data.PowerCC32XX_module)
                  200092a0    000000f8     ti_drivers_config.o (.data.parkInfo)
                  20009398    00000084     ti_drivers_config.o (.data.gpioPinConfigs)
                  2000941c    0000004c     nortos_cc32xx.a : SwiP_nortos.c.obj (.data..L_MergedGlobals)
                  20009468    00000018     drivers_cc32xx.a : GPIOCC32XX.c.obj (.data..L_MergedGlobals)
                  20009480    00000010     nortos_cc32xx.a : SemaphoreP_nortos.c.obj (.data..L_MergedGlobals)
                  20009490    00000008     drivers_cc32xx.a : UDMACC32XX.c.obj (.data..L_MergedGlobals)
                  20009498    00000008     nortos_cc32xx.a : ClockPSysTick_nortos.c.obj (.data..L_MergedGlobals)
                  200094a0    00000004                     : HwiPCC32XX_nortos.c.obj (.data.HwiP_swiPIntNum)
                  200094a4    00000004     libc.a : aeabi_portable.c.obj (.data.__aeabi_errno)
                  200094a8    00000004            : _lock.c.obj (.data._lock)
                  200094ac    00000004            : _lock.c.obj (.data._unlock)
                  200094b0    00000001     gpiointerrupt.o (.data.TimerFlag)
                  200094b1    00000001     drivers_cc32xx.a : GPIOCC32XX.c.obj (.data.initCalled)
                  200094b2    00000001                      : GPIOCC32XX.c.obj (.data.portHwiCreatedBitMask)
                  200094b3    00000001     --HOLE--
                  200094b4    00000001     libc.a : memory.c.obj (.data.memory_is_initialized)

.stack     0    2003f000    00001000     UNINITIALIZED
                  2003f000    00000004     libc.a : boot_cortex_m.c.obj (.stack)
                  2003f004    00000ffc     --HOLE--

.log_data 
*          0    90000000    00000000     COPY SECTION

.log_ptr   0    94000008    00000000     COPY SECTION

__llvm_prf_cnts 
*          0    20000000    00000000     UNINITIALIZED

__llvm_prf_bits 
*          0    20000000    00000000     UNINITIALIZED

.binit     0    01000000    00000000     

MODULE SUMMARY

       Module                         code    ro data   rw data
       ------                         ----    -------   -------
    .\
       gpiointerrupt.o                1172    311       130    
       main_nortos.o                  16      0         0      
    +--+------------------------------+-------+---------+---------+
       Total:                         1188    311       130    
                                                               
    .\syscfg\
       ti_drivers_config.o            34      224       2500   
    +--+------------------------------+-------+---------+---------+
       Total:                         34      224       2500   
                                                               
    C:/ti/simplelink_cc32xx_sdk_7_10_00_13/kernel/nortos/lib/ticlang/m4/nortos_cc32xx.a
       HwiPCC32XX_nortos.c.obj        308     0         784    
       startup_cc32xx_ticlang.c.obj   88      64        780    
       ClockPSysTick_nortos.c.obj     524     0         28     
       SemaphoreP_nortos.c.obj        392     0         16     
       PowerCC32XX_nortos.c.obj       404     0         0      
       SwiP_nortos.c.obj              84      0         76     
       NoRTOS.c.obj                   4       0         0      
    +--+------------------------------+-------+---------+---------+
       Total:                         1804    64        1684   
                                                               
    C:/ti/simplelink_cc32xx_sdk_7_10_00_13/source/ti/devices/cc32xx/driverlib/ticlang/Release/driverlib.a
       prcm.obj                       2564    168       0      
       interrupt.obj                  868     308       0      
       pin.obj                        750     256       0      
       udma.obj                       806     0         0      
       i2c.obj                        658     0         0      
       uart.obj                       490     0         0      
       gpio.obj                       388     0         0      
       timer.obj                      278     0         0      
       flash.obj                      92      0         0      
       systick.obj                    76      0         0      
       cpu.obj                        62      0         0      
       utils.obj                      8       0         0      
    +--+------------------------------+-------+---------+---------+
       Total:                         7040    732       0      
                                                               
    C:/ti/simplelink_cc32xx_sdk_7_10_00_13/source/ti/drivers/lib/ticlang/m4/drivers_cc32xx.a
       PowerCC32XX.c.obj              2052    0         664    
       UART2CC32XX.c.obj              2198    11        0      
       I2CCC32XX.c.obj                1242    16        0      
       GPIOCC32XX.c.obj               960     73        26     
       TimerCC32XX.c.obj              880     12        4      
       UART2.c.obj                    762     36        0      
       I2C.c.obj                      366     0         0      
       RingBuf.c.obj                  272     0         0      
       UDMACC32XX.c.obj               242     0         28     
       Timer.c.obj                    150     12        0      
       PowerCC32XX_ticlang.asm.obj    150     0         0      
       List.c.obj                     76      0         0      
       GPIO.c.obj                     28      0         0      
    +--+------------------------------+-------+---------+---------+
       Total:                         9378    160       722    
                                                               
    C:\ti\ccs1250\ccs\tools\compiler\ti-cgt-armllvm_3.2.0.LTS\lib\armv7em-ti-none-eabi/c/libc.a
       _printfi.c.obj                 4540    34        0      
       memory.c.obj                   712     0         5      
       aeabi_ctype.S.obj              0       257       0      
       s_scalbn.c.obj                 196     0         0      
       snprintf.c.obj                 140     0         0      
       copy_decompress_lzss.c.obj     112     0         0      
       _ltoa.c.obj                    86      0         0      
       s_frexp.c.obj                  84      0         0      
       atoi.c.obj                     64      0         0      
       autoinit.c.obj                 56      0         0      
       boot_cortex_m.c.obj            36      0         0      
       memccpy.c.obj                  30      0         0      
       memcpy_t2.S.obj                18      0         0      
       copy_zero_init.c.obj           16      0         0      
       wcslen.c.obj                   16      0         0      
       copy_decompress_none.c.obj     14      0         0      
       memset_t2.S.obj                14      0         0      
       aeabi_portable.c.obj           8       0         4      
       _lock.c.obj                    2       0         8      
       exit.c.obj                     4       0         0      
       pre_init.c.obj                 4       0         0      
    +--+------------------------------+-------+---------+---------+
       Total:                         6152    291       17     
                                                               
    C:\ti\ccs1250\ccs\tools\compiler\ti-cgt-armllvm_3.2.0.LTS\lib\clang/15.0.7/lib/armv7em-ti-none-eabi/libclang_rt.builtins.a
       adddf3.S.obj                   438     0         0      
       divdf3.S.obj                   310     0         0      
       muldf3.S.obj                   252     0         0      
       comparedf2.c.obj               220     0         0      
       udivmoddi4.S.obj               176     0         0      
       truncdfsf2.S.obj               110     0         0      
       aeabi_dcmp.S.obj               98      0         0      
       fixdfsi.S.obj                  72      0         0      
       extendsfdf2.S.obj              56      0         0      
       floatsidf.S.obj                46      0         0      
       aeabi_uldivmod.S.obj           20      0         0      
       aeabi_memset.S.obj             18      0         0      
       aeabi_memcpy.S.obj             4       0         0      
       aeabi_div0.c.obj               2       0         0      
    +--+------------------------------+-------+---------+---------+
       Total:                         1822    0         0      
                                                               
       Heap:                          0       0         32768  
       Stack:                         0       0         4096   
       Linker Generated:              0       245       0      
    +--+------------------------------+-------+---------+---------+
       Grand Total:                   27418   2027      41917  


LINKER GENERATED COPY TABLES

__TI_cinit_table @ 01007b20 records: 2, size/record: 8, table size: 16
	.data: load addr=01007a38, load size=000000d1 bytes, run addr=20008e28, run size=0000068d bytes, compression=lzss
	.bss: load addr=01007b18, load size=00000008 bytes, run addr=20008400, run size=00000a25 bytes, compression=zero_init


LINKER GENERATED HANDLER TABLE

__TI_handler_table @ 01007b0c records: 3, size/record: 4, table size: 12
	index: 0, handler: __TI_decompress_lzss
	index: 1, handler: __TI_decompress_none
	index: 2, handler: __TI_zero_init


GLOBAL SYMBOLS: SORTED ALPHABETICALLY BY Name 

address   name                             
-------   ----                             
01006d37  Board_init                       
01001eff  Board_initHook                   
0100736c  C$$EXIT                          
01006e29  CPUcpsid                         
01006e3d  CPUcpsie                         
01007285  CPUprimask                       
01004285  CPUwfi                           
01006f41  ClockP_add                       
20008de0  ClockP_ctrl                      
01005edd  ClockP_destruct                  
0100733b  ClockP_doTick                    
0100702d  ClockP_getCpuFreq                
0100703d  ClockP_getSystemTicks            
01006311  ClockP_getTicksUntilInterrupt    
0100728f  ClockP_isActive                  
0100704d  ClockP_setTicks                  
01006109  ClockP_start                     
010051dd  ClockP_startup                   
01005e29  ClockP_stop                      
01005785  ClockP_sysTickHandler            
2000949c  ClockP_tickPeriod                
01004fb5  FlashDisable                     
010059bf  GPIODirModeSet                   
01006f53  GPIOIntClear                     
01006c39  GPIOIntDisable                   
01006cef  GPIOIntEnable                    
010064c1  GPIOIntStatus                    
01003ec5  GPIOIntTypeSet                   
01006955  GPIOPinWrite                     
01007984  GPIO_config                      
01005a05  GPIO_disableInt                  
01005a49  GPIO_enableInt                   
01005435  GPIO_hwiIntFxn                   
010043b9  GPIO_init                        
01007473  GPIO_pinUpperBound               
01006b91  GPIO_setCallback                 
01002a09  GPIO_setConfig                   
010055c1  GPIO_setInterruptConfig          
01004ef5  GPIO_write                       
20008e22  Heater_State                     
01006f65  HwiP_Params_init                 
0100733f  HwiP_clearInterrupt              
010046e5  HwiP_construct                   
010065ff  HwiP_create                      
01006f77  HwiP_delete                      
01006e51  HwiP_destruct                    
010072e1  HwiP_disable                     
01007343  HwiP_disableInterrupt            
01006bad  HwiP_dispatch                    
01007347  HwiP_enable                      
0100734b  HwiP_enableInterrupt             
0100705d  HwiP_inISR                       
0100716d  HwiP_interruptsEnabled           
0100734f  HwiP_post                        
010072e9  HwiP_restore                     
200094a0  HwiP_swiPIntNum                  
01006341  I2CFIFODataGetNonBlocking        
0100613d  I2CFIFODataPutNonBlocking        
0100717b  I2CFIFOStatus                    
01006d4d  I2CMasterBurstLengthSet          
010066a7  I2CMasterBusBusy                 
0100706d  I2CMasterControl                 
01006f89  I2CMasterDisable                 
01006f9b  I2CMasterEnable                  
01004153  I2CMasterInitExpClk              
0100707d  I2CMasterIntClearEx              
01006d63  I2CMasterIntDisableEx            
01006e65  I2CMasterIntEnableEx             
010065a7  I2CMasterIntStatusEx             
010066cf  I2CMasterSlaveAddrSet            
0100708d  I2CMasterTimeoutSet              
01006811  I2CRxFIFOConfigSet               
01006d79  I2CRxFIFOFlush                   
010072f9  I2CSupport_controllerFinish      
01007329  I2CSupport_powerRelConstraint    
0100732f  I2CSupport_powerSetConstraint    
01005011  I2CSupport_primeTransfer         
010066f7  I2CTxFIFOConfigSet               
01006d8f  I2CTxFIFOFlush                   
010071e9  I2C_Params_init                  
0100671f  I2C_cancel                       
01007a00  I2C_config                       
010077e6  I2C_count                        
0100246b  I2C_init                         
010037a9  I2C_open                         
01006fad  I2C_transfer                     
0100302f  I2C_transferTimeout              
UNDEFED   ITM_flush                        
UNDEFED   ITM_restore                      
01003a45  IntDisable                       
01003b0d  IntEnable                        
01007299  IntMasterDisable                 
010072a3  IntMasterEnable                  
01004d5d  IntPendClear                     
01003f71  IntPendSet                       
01005235  IntPrioritySet                   
010069dd  IntRegister                      
01006835  IntUnregister                    
01006e79  IntVTableBaseSet                 
01006859  List_put                         
01006747  List_remove                      
01007357  NoRTOS_start                     
01001219  PRCMCC3200MCUInit                
01006c53  PRCMHIBRegRead                   
01006c6d  PRCMHIBRegWrite                  
01004759  PRCMHibernateWakeUpGPIOSelect    
0100506d  PRCMHibernateWakeupSourceDisable 
01005485  PRCMHibernateWakeupSourceEnable  
010057cd  PRCMIntEnable                    
0100528d  PRCMLPDSEnter                    
01005933  PRCMLPDSEnterKeepDebugIf         
01006371  PRCMLPDSIntervalSet              
0100560d  PRCMLPDSRestoreInfoSet           
01006629  PRCMLPDSWakeUpGPIOSelect         
01007225  PRCMLPDSWakeupCauseGet           
01006c87  PRCMLPDSWakeupSourceDisable      
0100687d  PRCMLPDSWakeupSourceEnable       
01006653  PRCMPeripheralClkDisable         
01005181  PRCMPeripheralClkEnable          
01004c89  PRCMPeripheralReset              
01005815  PRCMPeripheralStatusGet          
0100676f  PRCMSRAMRetentionEnable          
01007301  PRCMSleepEnter                   
010063a1  PRCMSlowClkCtrFastGet            
010044d9  PRCMSysResetCauseGet             
0100585d  PinConfigGet                     
01004015  PinConfigSet                     
01006171  PinDirModeGet                    
01005de9  PinDirModeSet                    
01006065  PinLock                          
010049ff  PinLockLevelSet                  
010061a5  PinModeGet                       
01005be1  PinModeSet                       
01006ca1  PinToPadGet                      
010069fd  PinTypeI2C                       
01006abd  PinTypeUART                      
01006977  PinUnlock                        
01007738  PowerCC32XX_config               
01004569  PowerCC32XX_configureWakeup      
20008978  PowerCC32XX_contextSave          
01004291  PowerCC32XX_enterLPDS            
01006799  PowerCC32XX_getParkState         
0100338f  PowerCC32XX_initPolicy           
20009134  PowerCC32XX_module               
010061d9  PowerCC32XX_parkPin              
01006a1d  PowerCC32XX_reset                
010068a1  PowerCC32XX_restoreParkState     
010068c5  PowerCC32XX_restoreParkedPin     
010042d5  PowerCC32XX_resumeLPDS           
01005339  PowerCC32XX_setParkState         
01002771  PowerCC32XX_sleepPolicy          
01006e8d  Power_disablePolicy              
0100709d  Power_enablePolicy               
01007231  Power_getConstraintMask          
01006ea1  Power_getTransitionLatency       
01006eb5  Power_idleFunc                   
0100466d  Power_init                       
010068e9  Power_registerNotify             
01005a8d  Power_releaseConstraint          
0100538d  Power_releaseDependency          
01005f15  Power_setConstraint              
01004a6d  Power_setDependency              
010016d1  Power_sleep                      
01006a3d  Power_unregisterNotify           
010070ad  RingBuf_construct                
010064ef  RingBuf_getConsume               
0100735b  RingBuf_getCount                 
01006999  RingBuf_getPointer               
01005979  RingBuf_put                      
01005f4d  RingBuf_putAdvance               
0100651d  RingBuf_putPointer               
010054d5  SemaphoreP_construct             
01006a5d  SemaphoreP_constructBinary       
01006d07  SemaphoreP_create                
01006a7d  SemaphoreP_createBinary          
20009488  SemaphoreP_defaultParams         
0100735f  SemaphoreP_delete                
010035bb  SemaphoreP_destruct              
010041ed  SemaphoreP_pend                  
01005ce9  SemaphoreP_post                  
01006bc9  SwiP_disable                     
01005f85  SwiP_restore                     
01006fbf  SysTickEnable                    
01006fd1  SysTickIntDisable                
01006fe3  SysTickIntEnable                 
01006da5  SysTickPeriodSet                 
01007019  TI_memcpy_small                  
010071c1  TI_memset_small                  
01004e2d  TickFct_Heater                   
010050c9  TimerCC32XX_allocateTimerResource
0100620d  TimerCC32XX_freeTimerResource    
01005c23  TimerControlStall                
01006a9d  TimerDisable                     
01006cbb  TimerEnable                      
200094b0  TimerFlag                        
010070bd  TimerIntClear                    
01006dbb  TimerIntDisable                  
01006ec9  TimerIntEnable                   
010063d1  TimerLoadSet                     
01006401  TimerPrescaleSet                 
010067c1  TimerSupport_timerDisable        
01005ea1  TimerSupport_timerEnable         
010070cd  Timer_Params_init                
01005c65  Timer_close                      
01007a08  Timer_config                     
010077e7  Timer_count                      
010041eb  Timer_init                       
010028c1  Timer_open                       
01005ad1  Timer_start                      
01005d29  Timer_stop                       
0100690d  UART2Support_disableRx           
01007249  UART2Support_disableTx           
01003979  UART2Support_dmaStartRx          
01003d5d  UART2Support_dmaStartTx          
010056a5  UART2Support_dmaStopRx           
01004f55  UART2Support_dmaStopTx           
01007255  UART2Support_enableTx            
01007335  UART2Support_powerRelConstraint  
010069bb  UART2Support_sendData            
010070dd  UART2Support_txDone              
01007261  UART2_Params_init                
01003891  UART2_close                      
01007a10  UART2_config                     
0100789e  UART2_count                      
01007838  UART2_defaultParams              
010020e9  UART2_open                       
01006241  UART2_rxDisable                  
01007189  UART2_write                      
01006adb  UART2_writeTimeout               
010025fd  UART2_writeTimeoutBlocking       
01003275  UART2_writeTimeoutNonblocking    
010070ed  UARTBusy                         
010060d1  UARTCharPutNonBlocking           
01006dd1  UARTCharsAvail                   
010047cd  UARTConfigSetExpClk              
01006de7  UARTDMADisable                   
01006edd  UARTDMAEnable                    
0100654b  UARTDisable                      
01006af9  UARTEnable                       
01006dfd  UARTFIFOLevelSet                 
01006cd5  UARTFlowControlSet               
010070fd  UARTIntClear                     
01006e13  UARTIntDisable                   
01006ef1  UARTIntEnable                    
0100667d  UARTIntStatus                    
0100710d  UARTRxErrorGet                   
01005fbd  UDMACC32XX_close                 
01007a18  UDMACC32XX_config                
01005e65  UDMACC32XX_init                  
01004ad9  UDMACC32XX_open                  
01007309  UtilsDelay                       
20040000  __STACK_END                      
00001000  __STACK_SIZE                     
00008000  __SYSMEM_SIZE                    
00000000  __TI_ATRegion0_region_sz         
00000000  __TI_ATRegion0_src_addr          
00000000  __TI_ATRegion0_trg_addr          
00000000  __TI_ATRegion1_region_sz         
00000000  __TI_ATRegion1_src_addr          
00000000  __TI_ATRegion1_trg_addr          
00000000  __TI_ATRegion2_region_sz         
00000000  __TI_ATRegion2_src_addr          
00000000  __TI_ATRegion2_trg_addr          
01007b20  __TI_CINIT_Base                  
01007b30  __TI_CINIT_Limit                 
01007b30  __TI_CINIT_Warm                  
01007b0c  __TI_Handler_Table_Base          
01007b18  __TI_Handler_Table_Limit         
0100602d  __TI_auto_init_nobinit_nopinit   
01004841  __TI_decompress_lzss             
010071cf  __TI_decompress_none             
010052e3  __TI_ltoa                        
ffffffff  __TI_pprof_out_hndl              
01000841  __TI_printfi                     
ffffffff  __TI_prof_data_size              
ffffffff  __TI_prof_data_start             
01007a38  __TI_static_base__               
0100715d  __TI_zero_init                   
010022bf  __adddf3                         
01007370  __aeabi_ctype_table_             
01007370  __aeabi_ctype_table_C            
01004991  __aeabi_d2f                      
010058a5  __aeabi_d2iz                     
010022bf  __aeabi_dadd                     
01004e91  __aeabi_dcmpeq                   
01004ecd  __aeabi_dcmpge                   
01004ee1  __aeabi_dcmpgt                   
01004eb9  __aeabi_dcmple                   
01004ea5  __aeabi_dcmplt                   
01002ef9  __aeabi_ddiv                     
010035bd  __aeabi_dmul                     
010022b5  __aeabi_dsub                     
200094a4  __aeabi_errno                    
01007311  __aeabi_errno_addr               
01005ff5  __aeabi_f2d                      
01006579  __aeabi_i2d                      
0100466b  __aeabi_ldiv0                    
01007319  __aeabi_memclr                   
01007319  __aeabi_memclr4                  
01007319  __aeabi_memclr8                  
01007365  __aeabi_memcpy                   
01007365  __aeabi_memcpy4                  
01007365  __aeabi_memcpy8                  
010072cd  __aeabi_memset                   
010072cd  __aeabi_memset4                  
010072cd  __aeabi_memset8                  
01006f05  __aeabi_uldivmod                 
ffffffff  __binit__                        
01004921  __cmpdf2                         
01002ef9  __divdf3                         
01004921  __eqdf2                          
01005ff5  __extendsfdf2                    
010058a5  __fixdfsi                        
01006579  __floatsidf                      
010048b1  __gedf2                          
010048b1  __gtdf2                          
01004921  __ledf2                          
01004921  __ltdf2                          
UNDEFED   __mpu_init                       
010035bd  __muldf3                         
01004921  __nedf2                          
2003f000  __stack                          
20000000  __start___llvm_prf_bits          
20000000  __start___llvm_prf_cnts          
20000000  __stop___llvm_prf_bits           
20000000  __stop___llvm_prf_cnts           
010022b5  __subdf3                         
01004991  __truncdfsf2                     
01003e15  __udivmoddi4                     
01006931  _c_int00_noargs                  
200094a8  _lock                            
0100491f  _nop                             
20000310  _sys_memory                      
UNDEFED   _system_post_cinit               
01007369  _system_pre_init                 
200094ac  _unlock                          
0100736d  abort                            
01003155  aligned_alloc                    
01005d69  atoi                             
ffffffff  binit                            
20008e04  bytesToSend                      
01004a6b  clkFxn                           
010036b9  free                             
010053e1  frexp                            
010053e1  frexpl                           
0100711d  gpioButtonFxn0                   
0100712d  gpioButtonFxn1                   
20008ba0  gpioCallbackFunctions            
20009398  gpioPinConfigs                   
20008c24  gpioUserArgs                     
20008e23  heat                             
20008e08  i2c                              
0100794c  i2cCC32XXHWAttrs                 
20008aa4  i2cCC32XXObjects                 
20008dac  i2cTransaction                   
0100246d  initI2C                          
01005b59  initTimer                        
010062a9  initUART                         
010062dd  initVectors                      
01003c99  ldexp                            
01003c99  ldexpl                           
0100713d  main                             
01002c85  mainThread                       
01007321  malloc                           
01003155  memalign                         
01006b17  memccpy                          
20008d2c  output                           
200092a0  parkInfo                         
01004449  readTemp                         
01006c1d  resetISR                         
20008e20  rxBuffer                         
01003c99  scalbn                           
01003c99  scalbnl                          
20008e0c  seconds                          
20008e10  setpoint                         
01005b9d  snprintf                         
20008e14  temperature                      
20008e18  timer0                           
010079a4  timerCC32XXHWAttrs               
20008ca8  timerCC32XXObjects               
01006491  timerCallback                    
20008e24  txBuffer                         
01005573  uDMAChannelAssign                
01004327  uDMAChannelAttributeDisable      
01005da9  uDMAChannelControlSet            
01006b35  uDMAChannelDisable               
01006b53  uDMAChannelEnable                
01006b71  uDMAChannelIsEnabled             
01005739  uDMAChannelSizeGet               
010034a9  uDMAChannelTransferSet           
01006f19  uDMAControlBaseSet               
010071a5  uDMAEnable                       
010071b3  uDMAErrorStatusClear             
01007279  uDMAErrorStatusGet               
01006f2d  uDMAIntClear                     
20008e1c  uart                             
20008800  uart2CC32XXObjects0              
010079dc  udmaCC3220SHWAttrs               
20008df0  udmaCC3220SObject                
0100714d  wcslen                           


GLOBAL SYMBOLS: SORTED BY Symbol Address 

address   name                             
-------   ----                             
00000000  __TI_ATRegion0_region_sz         
00000000  __TI_ATRegion0_src_addr          
00000000  __TI_ATRegion0_trg_addr          
00000000  __TI_ATRegion1_region_sz         
00000000  __TI_ATRegion1_src_addr          
00000000  __TI_ATRegion1_trg_addr          
00000000  __TI_ATRegion2_region_sz         
00000000  __TI_ATRegion2_src_addr          
00000000  __TI_ATRegion2_trg_addr          
00001000  __STACK_SIZE                     
00008000  __SYSMEM_SIZE                    
01000841  __TI_printfi                     
01001219  PRCMCC3200MCUInit                
010016d1  Power_sleep                      
01001eff  Board_initHook                   
010020e9  UART2_open                       
010022b5  __aeabi_dsub                     
010022b5  __subdf3                         
010022bf  __adddf3                         
010022bf  __aeabi_dadd                     
0100246b  I2C_init                         
0100246d  initI2C                          
010025fd  UART2_writeTimeoutBlocking       
01002771  PowerCC32XX_sleepPolicy          
010028c1  Timer_open                       
01002a09  GPIO_setConfig                   
01002c85  mainThread                       
01002ef9  __aeabi_ddiv                     
01002ef9  __divdf3                         
0100302f  I2C_transferTimeout              
01003155  aligned_alloc                    
01003155  memalign                         
01003275  UART2_writeTimeoutNonblocking    
0100338f  PowerCC32XX_initPolicy           
010034a9  uDMAChannelTransferSet           
010035bb  SemaphoreP_destruct              
010035bd  __aeabi_dmul                     
010035bd  __muldf3                         
010036b9  free                             
010037a9  I2C_open                         
01003891  UART2_close                      
01003979  UART2Support_dmaStartRx          
01003a45  IntDisable                       
01003b0d  IntEnable                        
01003c99  ldexp                            
01003c99  ldexpl                           
01003c99  scalbn                           
01003c99  scalbnl                          
01003d5d  UART2Support_dmaStartTx          
01003e15  __udivmoddi4                     
01003ec5  GPIOIntTypeSet                   
01003f71  IntPendSet                       
01004015  PinConfigSet                     
01004153  I2CMasterInitExpClk              
010041eb  Timer_init                       
010041ed  SemaphoreP_pend                  
01004285  CPUwfi                           
01004291  PowerCC32XX_enterLPDS            
010042d5  PowerCC32XX_resumeLPDS           
01004327  uDMAChannelAttributeDisable      
010043b9  GPIO_init                        
01004449  readTemp                         
010044d9  PRCMSysResetCauseGet             
01004569  PowerCC32XX_configureWakeup      
0100466b  __aeabi_ldiv0                    
0100466d  Power_init                       
010046e5  HwiP_construct                   
01004759  PRCMHibernateWakeUpGPIOSelect    
010047cd  UARTConfigSetExpClk              
01004841  __TI_decompress_lzss             
010048b1  __gedf2                          
010048b1  __gtdf2                          
0100491f  _nop                             
01004921  __cmpdf2                         
01004921  __eqdf2                          
01004921  __ledf2                          
01004921  __ltdf2                          
01004921  __nedf2                          
01004991  __aeabi_d2f                      
01004991  __truncdfsf2                     
010049ff  PinLockLevelSet                  
01004a6b  clkFxn                           
01004a6d  Power_setDependency              
01004ad9  UDMACC32XX_open                  
01004c89  PRCMPeripheralReset              
01004d5d  IntPendClear                     
01004e2d  TickFct_Heater                   
01004e91  __aeabi_dcmpeq                   
01004ea5  __aeabi_dcmplt                   
01004eb9  __aeabi_dcmple                   
01004ecd  __aeabi_dcmpge                   
01004ee1  __aeabi_dcmpgt                   
01004ef5  GPIO_write                       
01004f55  UART2Support_dmaStopTx           
01004fb5  FlashDisable                     
01005011  I2CSupport_primeTransfer         
0100506d  PRCMHibernateWakeupSourceDisable 
010050c9  TimerCC32XX_allocateTimerResource
01005181  PRCMPeripheralClkEnable          
010051dd  ClockP_startup                   
01005235  IntPrioritySet                   
0100528d  PRCMLPDSEnter                    
010052e3  __TI_ltoa                        
01005339  PowerCC32XX_setParkState         
0100538d  Power_releaseDependency          
010053e1  frexp                            
010053e1  frexpl                           
01005435  GPIO_hwiIntFxn                   
01005485  PRCMHibernateWakeupSourceEnable  
010054d5  SemaphoreP_construct             
01005573  uDMAChannelAssign                
010055c1  GPIO_setInterruptConfig          
0100560d  PRCMLPDSRestoreInfoSet           
010056a5  UART2Support_dmaStopRx           
01005739  uDMAChannelSizeGet               
01005785  ClockP_sysTickHandler            
010057cd  PRCMIntEnable                    
01005815  PRCMPeripheralStatusGet          
0100585d  PinConfigGet                     
010058a5  __aeabi_d2iz                     
010058a5  __fixdfsi                        
01005933  PRCMLPDSEnterKeepDebugIf         
01005979  RingBuf_put                      
010059bf  GPIODirModeSet                   
01005a05  GPIO_disableInt                  
01005a49  GPIO_enableInt                   
01005a8d  Power_releaseConstraint          
01005ad1  Timer_start                      
01005b59  initTimer                        
01005b9d  snprintf                         
01005be1  PinModeSet                       
01005c23  TimerControlStall                
01005c65  Timer_close                      
01005ce9  SemaphoreP_post                  
01005d29  Timer_stop                       
01005d69  atoi                             
01005da9  uDMAChannelControlSet            
01005de9  PinDirModeSet                    
01005e29  ClockP_stop                      
01005e65  UDMACC32XX_init                  
01005ea1  TimerSupport_timerEnable         
01005edd  ClockP_destruct                  
01005f15  Power_setConstraint              
01005f4d  RingBuf_putAdvance               
01005f85  SwiP_restore                     
01005fbd  UDMACC32XX_close                 
01005ff5  __aeabi_f2d                      
01005ff5  __extendsfdf2                    
0100602d  __TI_auto_init_nobinit_nopinit   
01006065  PinLock                          
010060d1  UARTCharPutNonBlocking           
01006109  ClockP_start                     
0100613d  I2CFIFODataPutNonBlocking        
01006171  PinDirModeGet                    
010061a5  PinModeGet                       
010061d9  PowerCC32XX_parkPin              
0100620d  TimerCC32XX_freeTimerResource    
01006241  UART2_rxDisable                  
010062a9  initUART                         
010062dd  initVectors                      
01006311  ClockP_getTicksUntilInterrupt    
01006341  I2CFIFODataGetNonBlocking        
01006371  PRCMLPDSIntervalSet              
010063a1  PRCMSlowClkCtrFastGet            
010063d1  TimerLoadSet                     
01006401  TimerPrescaleSet                 
01006491  timerCallback                    
010064c1  GPIOIntStatus                    
010064ef  RingBuf_getConsume               
0100651d  RingBuf_putPointer               
0100654b  UARTDisable                      
01006579  __aeabi_i2d                      
01006579  __floatsidf                      
010065a7  I2CMasterIntStatusEx             
010065ff  HwiP_create                      
01006629  PRCMLPDSWakeUpGPIOSelect         
01006653  PRCMPeripheralClkDisable         
0100667d  UARTIntStatus                    
010066a7  I2CMasterBusBusy                 
010066cf  I2CMasterSlaveAddrSet            
010066f7  I2CTxFIFOConfigSet               
0100671f  I2C_cancel                       
01006747  List_remove                      
0100676f  PRCMSRAMRetentionEnable          
01006799  PowerCC32XX_getParkState         
010067c1  TimerSupport_timerDisable        
01006811  I2CRxFIFOConfigSet               
01006835  IntUnregister                    
01006859  List_put                         
0100687d  PRCMLPDSWakeupSourceEnable       
010068a1  PowerCC32XX_restoreParkState     
010068c5  PowerCC32XX_restoreParkedPin     
010068e9  Power_registerNotify             
0100690d  UART2Support_disableRx           
01006931  _c_int00_noargs                  
01006955  GPIOPinWrite                     
01006977  PinUnlock                        
01006999  RingBuf_getPointer               
010069bb  UART2Support_sendData            
010069dd  IntRegister                      
010069fd  PinTypeI2C                       
01006a1d  PowerCC32XX_reset                
01006a3d  Power_unregisterNotify           
01006a5d  SemaphoreP_constructBinary       
01006a7d  SemaphoreP_createBinary          
01006a9d  TimerDisable                     
01006abd  PinTypeUART                      
01006adb  UART2_writeTimeout               
01006af9  UARTEnable                       
01006b17  memccpy                          
01006b35  uDMAChannelDisable               
01006b53  uDMAChannelEnable                
01006b71  uDMAChannelIsEnabled             
01006b91  GPIO_setCallback                 
01006bad  HwiP_dispatch                    
01006bc9  SwiP_disable                     
01006c1d  resetISR                         
01006c39  GPIOIntDisable                   
01006c53  PRCMHIBRegRead                   
01006c6d  PRCMHIBRegWrite                  
01006c87  PRCMLPDSWakeupSourceDisable      
01006ca1  PinToPadGet                      
01006cbb  TimerEnable                      
01006cd5  UARTFlowControlSet               
01006cef  GPIOIntEnable                    
01006d07  SemaphoreP_create                
01006d37  Board_init                       
01006d4d  I2CMasterBurstLengthSet          
01006d63  I2CMasterIntDisableEx            
01006d79  I2CRxFIFOFlush                   
01006d8f  I2CTxFIFOFlush                   
01006da5  SysTickPeriodSet                 
01006dbb  TimerIntDisable                  
01006dd1  UARTCharsAvail                   
01006de7  UARTDMADisable                   
01006dfd  UARTFIFOLevelSet                 
01006e13  UARTIntDisable                   
01006e29  CPUcpsid                         
01006e3d  CPUcpsie                         
01006e51  HwiP_destruct                    
01006e65  I2CMasterIntEnableEx             
01006e79  IntVTableBaseSet                 
01006e8d  Power_disablePolicy              
01006ea1  Power_getTransitionLatency       
01006eb5  Power_idleFunc                   
01006ec9  TimerIntEnable                   
01006edd  UARTDMAEnable                    
01006ef1  UARTIntEnable                    
01006f05  __aeabi_uldivmod                 
01006f19  uDMAControlBaseSet               
01006f2d  uDMAIntClear                     
01006f41  ClockP_add                       
01006f53  GPIOIntClear                     
01006f65  HwiP_Params_init                 
01006f77  HwiP_delete                      
01006f89  I2CMasterDisable                 
01006f9b  I2CMasterEnable                  
01006fad  I2C_transfer                     
01006fbf  SysTickEnable                    
01006fd1  SysTickIntDisable                
01006fe3  SysTickIntEnable                 
01007019  TI_memcpy_small                  
0100702d  ClockP_getCpuFreq                
0100703d  ClockP_getSystemTicks            
0100704d  ClockP_setTicks                  
0100705d  HwiP_inISR                       
0100706d  I2CMasterControl                 
0100707d  I2CMasterIntClearEx              
0100708d  I2CMasterTimeoutSet              
0100709d  Power_enablePolicy               
010070ad  RingBuf_construct                
010070bd  TimerIntClear                    
010070cd  Timer_Params_init                
010070dd  UART2Support_txDone              
010070ed  UARTBusy                         
010070fd  UARTIntClear                     
0100710d  UARTRxErrorGet                   
0100711d  gpioButtonFxn0                   
0100712d  gpioButtonFxn1                   
0100713d  main                             
0100714d  wcslen                           
0100715d  __TI_zero_init                   
0100716d  HwiP_interruptsEnabled           
0100717b  I2CFIFOStatus                    
01007189  UART2_write                      
010071a5  uDMAEnable                       
010071b3  uDMAErrorStatusClear             
010071c1  TI_memset_small                  
010071cf  __TI_decompress_none             
010071e9  I2C_Params_init                  
01007225  PRCMLPDSWakeupCauseGet           
01007231  Power_getConstraintMask          
01007249  UART2Support_disableTx           
01007255  UART2Support_enableTx            
01007261  UART2_Params_init                
01007279  uDMAErrorStatusGet               
01007285  CPUprimask                       
0100728f  ClockP_isActive                  
01007299  IntMasterDisable                 
010072a3  IntMasterEnable                  
010072cd  __aeabi_memset                   
010072cd  __aeabi_memset4                  
010072cd  __aeabi_memset8                  
010072e1  HwiP_disable                     
010072e9  HwiP_restore                     
010072f9  I2CSupport_controllerFinish      
01007301  PRCMSleepEnter                   
01007309  UtilsDelay                       
01007311  __aeabi_errno_addr               
01007319  __aeabi_memclr                   
01007319  __aeabi_memclr4                  
01007319  __aeabi_memclr8                  
01007321  malloc                           
01007329  I2CSupport_powerRelConstraint    
0100732f  I2CSupport_powerSetConstraint    
01007335  UART2Support_powerRelConstraint  
0100733b  ClockP_doTick                    
0100733f  HwiP_clearInterrupt              
01007343  HwiP_disableInterrupt            
01007347  HwiP_enable                      
0100734b  HwiP_enableInterrupt             
0100734f  HwiP_post                        
01007357  NoRTOS_start                     
0100735b  RingBuf_getCount                 
0100735f  SemaphoreP_delete                
01007365  __aeabi_memcpy                   
01007365  __aeabi_memcpy4                  
01007365  __aeabi_memcpy8                  
01007369  _system_pre_init                 
0100736c  C$$EXIT                          
0100736d  abort                            
01007370  __aeabi_ctype_table_             
01007370  __aeabi_ctype_table_C            
01007473  GPIO_pinUpperBound               
01007738  PowerCC32XX_config               
010077e6  I2C_count                        
010077e7  Timer_count                      
01007838  UART2_defaultParams              
0100789e  UART2_count                      
0100794c  i2cCC32XXHWAttrs                 
01007984  GPIO_config                      
010079a4  timerCC32XXHWAttrs               
010079dc  udmaCC3220SHWAttrs               
01007a00  I2C_config                       
01007a08  Timer_config                     
01007a10  UART2_config                     
01007a18  UDMACC32XX_config                
01007a38  __TI_static_base__               
01007b0c  __TI_Handler_Table_Base          
01007b18  __TI_Handler_Table_Limit         
01007b20  __TI_CINIT_Base                  
01007b30  __TI_CINIT_Limit                 
01007b30  __TI_CINIT_Warm                  
20000000  __start___llvm_prf_bits          
20000000  __start___llvm_prf_cnts          
20000000  __stop___llvm_prf_bits           
20000000  __stop___llvm_prf_cnts           
20000310  _sys_memory                      
20008800  uart2CC32XXObjects0              
20008978  PowerCC32XX_contextSave          
20008aa4  i2cCC32XXObjects                 
20008ba0  gpioCallbackFunctions            
20008c24  gpioUserArgs                     
20008ca8  timerCC32XXObjects               
20008d2c  output                           
20008dac  i2cTransaction                   
20008de0  ClockP_ctrl                      
20008df0  udmaCC3220SObject                
20008e04  bytesToSend                      
20008e08  i2c                              
20008e0c  seconds                          
20008e10  setpoint                         
20008e14  temperature                      
20008e18  timer0                           
20008e1c  uart                             
20008e20  rxBuffer                         
20008e22  Heater_State                     
20008e23  heat                             
20008e24  txBuffer                         
20009134  PowerCC32XX_module               
200092a0  parkInfo                         
20009398  gpioPinConfigs                   
20009488  SemaphoreP_defaultParams         
2000949c  ClockP_tickPeriod                
200094a0  HwiP_swiPIntNum                  
200094a4  __aeabi_errno                    
200094a8  _lock                            
200094ac  _unlock                          
200094b0  TimerFlag                        
2003f000  __stack                          
20040000  __STACK_END                      
ffffffff  __TI_pprof_out_hndl              
ffffffff  __TI_prof_data_size              
ffffffff  __TI_prof_data_start             
ffffffff  __binit__                        
ffffffff  binit                            
UNDEFED   ITM_flush                        
UNDEFED   ITM_restore                      
UNDEFED   __mpu_init                       
UNDEFED   _system_post_cinit               

[400 symbols]
