<?xml version="1.0" encoding="ISO-8859-1" ?>
<link_info>
   <banner>TI ARM Clang Linker PC v3.2.0.LTS</banner>
   <copyright>Copyright (c) 1996-2018 Texas Instruments Incorporated</copyright>
   <link_time>0x65d50319</link_time>
   <link_errors>0x0</link_errors>
   <output_file>C:\Users\domdr\OneDrive\Code Composer Studio\gpiointerrupt_CC3220SF_LAUNCHXL_nortos_ticlang\Debug\gpiointerrupt_CC3220SF_LAUNCHXL_nortos_ticlang.out</output_file>
   <entry_point>
      <name>resetISR</name>
      <address>0x1006c1d</address>
   </entry_point>
   <input_file_list>
      <input_file id="fl-1">
         <path>C:\Users\domdr\OneDrive\Code Composer Studio\gpiointerrupt_CC3220SF_LAUNCHXL_nortos_ticlang\Debug\.\</path>
         <kind>object</kind>
         <file>gpiointerrupt.o</file>
         <name>gpiointerrupt.o</name>
      </input_file>
      <input_file id="fl-2">
         <path>C:\Users\domdr\OneDrive\Code Composer Studio\gpiointerrupt_CC3220SF_LAUNCHXL_nortos_ticlang\Debug\.\syscfg\</path>
         <kind>object</kind>
         <file>ti_drivers_config.o</file>
         <name>ti_drivers_config.o</name>
      </input_file>
      <input_file id="fl-3">
         <path>C:\Users\domdr\OneDrive\Code Composer Studio\gpiointerrupt_CC3220SF_LAUNCHXL_nortos_ticlang\Debug\.\</path>
         <kind>object</kind>
         <file>main_nortos.o</file>
         <name>main_nortos.o</name>
      </input_file>
      <input_file id="fl-13">
         <path>C:\Users\domdr\OneDrive\Code Composer Studio\gpiointerrupt_CC3220SF_LAUNCHXL_nortos_ticlang\Debug\</path>
         <kind>object</kind>
         <file>&lt;internal&gt;</file>
         <name>&lt;internal&gt;</name>
      </input_file>
      <input_file id="fl-14">
         <path>C:\ti\simplelink_cc32xx_sdk_7_10_00_13\source\ti\drivers\lib\ticlang\m4\</path>
         <kind>archive</kind>
         <file>drivers_cc32xx.a</file>
         <name>GPIO.c.obj</name>
      </input_file>
      <input_file id="fl-15">
         <path>C:\ti\simplelink_cc32xx_sdk_7_10_00_13\source\ti\drivers\lib\ticlang\m4\</path>
         <kind>archive</kind>
         <file>drivers_cc32xx.a</file>
         <name>GPIOCC32XX.c.obj</name>
      </input_file>
      <input_file id="fl-16">
         <path>C:\ti\simplelink_cc32xx_sdk_7_10_00_13\source\ti\drivers\lib\ticlang\m4\</path>
         <kind>archive</kind>
         <file>drivers_cc32xx.a</file>
         <name>I2C.c.obj</name>
      </input_file>
      <input_file id="fl-17">
         <path>C:\ti\simplelink_cc32xx_sdk_7_10_00_13\source\ti\drivers\lib\ticlang\m4\</path>
         <kind>archive</kind>
         <file>drivers_cc32xx.a</file>
         <name>I2CCC32XX.c.obj</name>
      </input_file>
      <input_file id="fl-18">
         <path>C:\ti\simplelink_cc32xx_sdk_7_10_00_13\source\ti\drivers\lib\ticlang\m4\</path>
         <kind>archive</kind>
         <file>drivers_cc32xx.a</file>
         <name>PowerCC32XX.c.obj</name>
      </input_file>
      <input_file id="fl-19">
         <path>C:\ti\simplelink_cc32xx_sdk_7_10_00_13\source\ti\drivers\lib\ticlang\m4\</path>
         <kind>archive</kind>
         <file>drivers_cc32xx.a</file>
         <name>PowerCC32XX_ticlang.asm.obj</name>
      </input_file>
      <input_file id="fl-1a">
         <path>C:\ti\simplelink_cc32xx_sdk_7_10_00_13\source\ti\drivers\lib\ticlang\m4\</path>
         <kind>archive</kind>
         <file>drivers_cc32xx.a</file>
         <name>Timer.c.obj</name>
      </input_file>
      <input_file id="fl-1b">
         <path>C:\ti\simplelink_cc32xx_sdk_7_10_00_13\source\ti\drivers\lib\ticlang\m4\</path>
         <kind>archive</kind>
         <file>drivers_cc32xx.a</file>
         <name>TimerCC32XX.c.obj</name>
      </input_file>
      <input_file id="fl-1c">
         <path>C:\ti\simplelink_cc32xx_sdk_7_10_00_13\source\ti\drivers\lib\ticlang\m4\</path>
         <kind>archive</kind>
         <file>drivers_cc32xx.a</file>
         <name>UART2.c.obj</name>
      </input_file>
      <input_file id="fl-1d">
         <path>C:\ti\simplelink_cc32xx_sdk_7_10_00_13\source\ti\drivers\lib\ticlang\m4\</path>
         <kind>archive</kind>
         <file>drivers_cc32xx.a</file>
         <name>UART2CC32XX.c.obj</name>
      </input_file>
      <input_file id="fl-1e">
         <path>C:\ti\simplelink_cc32xx_sdk_7_10_00_13\source\ti\drivers\lib\ticlang\m4\</path>
         <kind>archive</kind>
         <file>drivers_cc32xx.a</file>
         <name>List.c.obj</name>
      </input_file>
      <input_file id="fl-1f">
         <path>C:\ti\simplelink_cc32xx_sdk_7_10_00_13\source\ti\drivers\lib\ticlang\m4\</path>
         <kind>archive</kind>
         <file>drivers_cc32xx.a</file>
         <name>RingBuf.c.obj</name>
      </input_file>
      <input_file id="fl-20">
         <path>C:\ti\simplelink_cc32xx_sdk_7_10_00_13\source\ti\drivers\lib\ticlang\m4\</path>
         <kind>archive</kind>
         <file>drivers_cc32xx.a</file>
         <name>UDMACC32XX.c.obj</name>
      </input_file>
      <input_file id="fl-21">
         <path>C:\ti\simplelink_cc32xx_sdk_7_10_00_13\kernel\nortos\lib\ticlang\m4\</path>
         <kind>archive</kind>
         <file>nortos_cc32xx.a</file>
         <name>NoRTOS.c.obj</name>
      </input_file>
      <input_file id="fl-22">
         <path>C:\ti\simplelink_cc32xx_sdk_7_10_00_13\kernel\nortos\lib\ticlang\m4\</path>
         <kind>archive</kind>
         <file>nortos_cc32xx.a</file>
         <name>SemaphoreP_nortos.c.obj</name>
      </input_file>
      <input_file id="fl-23">
         <path>C:\ti\simplelink_cc32xx_sdk_7_10_00_13\kernel\nortos\lib\ticlang\m4\</path>
         <kind>archive</kind>
         <file>nortos_cc32xx.a</file>
         <name>ClockPSysTick_nortos.c.obj</name>
      </input_file>
      <input_file id="fl-24">
         <path>C:\ti\simplelink_cc32xx_sdk_7_10_00_13\kernel\nortos\lib\ticlang\m4\</path>
         <kind>archive</kind>
         <file>nortos_cc32xx.a</file>
         <name>HwiPCC32XX_nortos.c.obj</name>
      </input_file>
      <input_file id="fl-25">
         <path>C:\ti\simplelink_cc32xx_sdk_7_10_00_13\kernel\nortos\lib\ticlang\m4\</path>
         <kind>archive</kind>
         <file>nortos_cc32xx.a</file>
         <name>PowerCC32XX_nortos.c.obj</name>
      </input_file>
      <input_file id="fl-26">
         <path>C:\ti\simplelink_cc32xx_sdk_7_10_00_13\kernel\nortos\lib\ticlang\m4\</path>
         <kind>archive</kind>
         <file>nortos_cc32xx.a</file>
         <name>startup_cc32xx_ticlang.c.obj</name>
      </input_file>
      <input_file id="fl-27">
         <path>C:\ti\simplelink_cc32xx_sdk_7_10_00_13\kernel\nortos\lib\ticlang\m4\</path>
         <kind>archive</kind>
         <file>nortos_cc32xx.a</file>
         <name>SwiP_nortos.c.obj</name>
      </input_file>
      <input_file id="fl-28">
         <path>C:\ti\simplelink_cc32xx_sdk_7_10_00_13\source\ti\devices\cc32xx\driverlib\ticlang\Release\</path>
         <kind>archive</kind>
         <file>driverlib.a</file>
         <name>cpu.obj</name>
      </input_file>
      <input_file id="fl-29">
         <path>C:\ti\simplelink_cc32xx_sdk_7_10_00_13\source\ti\devices\cc32xx\driverlib\ticlang\Release\</path>
         <kind>archive</kind>
         <file>driverlib.a</file>
         <name>gpio.obj</name>
      </input_file>
      <input_file id="fl-2a">
         <path>C:\ti\simplelink_cc32xx_sdk_7_10_00_13\source\ti\devices\cc32xx\driverlib\ticlang\Release\</path>
         <kind>archive</kind>
         <file>driverlib.a</file>
         <name>hwspinlock.obj</name>
      </input_file>
      <input_file id="fl-2b">
         <path>C:\ti\simplelink_cc32xx_sdk_7_10_00_13\source\ti\devices\cc32xx\driverlib\ticlang\Release\</path>
         <kind>archive</kind>
         <file>driverlib.a</file>
         <name>i2c.obj</name>
      </input_file>
      <input_file id="fl-2c">
         <path>C:\ti\simplelink_cc32xx_sdk_7_10_00_13\source\ti\devices\cc32xx\driverlib\ticlang\Release\</path>
         <kind>archive</kind>
         <file>driverlib.a</file>
         <name>interrupt.obj</name>
      </input_file>
      <input_file id="fl-2d">
         <path>C:\ti\simplelink_cc32xx_sdk_7_10_00_13\source\ti\devices\cc32xx\driverlib\ticlang\Release\</path>
         <kind>archive</kind>
         <file>driverlib.a</file>
         <name>pin.obj</name>
      </input_file>
      <input_file id="fl-2e">
         <path>C:\ti\simplelink_cc32xx_sdk_7_10_00_13\source\ti\devices\cc32xx\driverlib\ticlang\Release\</path>
         <kind>archive</kind>
         <file>driverlib.a</file>
         <name>prcm.obj</name>
      </input_file>
      <input_file id="fl-2f">
         <path>C:\ti\simplelink_cc32xx_sdk_7_10_00_13\source\ti\devices\cc32xx\driverlib\ticlang\Release\</path>
         <kind>archive</kind>
         <file>driverlib.a</file>
         <name>spi.obj</name>
      </input_file>
      <input_file id="fl-30">
         <path>C:\ti\simplelink_cc32xx_sdk_7_10_00_13\source\ti\devices\cc32xx\driverlib\ticlang\Release\</path>
         <kind>archive</kind>
         <file>driverlib.a</file>
         <name>systick.obj</name>
      </input_file>
      <input_file id="fl-31">
         <path>C:\ti\simplelink_cc32xx_sdk_7_10_00_13\source\ti\devices\cc32xx\driverlib\ticlang\Release\</path>
         <kind>archive</kind>
         <file>driverlib.a</file>
         <name>timer.obj</name>
      </input_file>
      <input_file id="fl-32">
         <path>C:\ti\simplelink_cc32xx_sdk_7_10_00_13\source\ti\devices\cc32xx\driverlib\ticlang\Release\</path>
         <kind>archive</kind>
         <file>driverlib.a</file>
         <name>uart.obj</name>
      </input_file>
      <input_file id="fl-33">
         <path>C:\ti\simplelink_cc32xx_sdk_7_10_00_13\source\ti\devices\cc32xx\driverlib\ticlang\Release\</path>
         <kind>archive</kind>
         <file>driverlib.a</file>
         <name>udma.obj</name>
      </input_file>
      <input_file id="fl-34">
         <path>C:\ti\simplelink_cc32xx_sdk_7_10_00_13\source\ti\devices\cc32xx\driverlib\ticlang\Release\</path>
         <kind>archive</kind>
         <file>driverlib.a</file>
         <name>utils.obj</name>
      </input_file>
      <input_file id="fl-35">
         <path>C:\ti\simplelink_cc32xx_sdk_7_10_00_13\source\ti\devices\cc32xx\driverlib\ticlang\Release\</path>
         <kind>archive</kind>
         <file>driverlib.a</file>
         <name>flash.obj</name>
      </input_file>
      <input_file id="fl-42">
         <path>C:\ti\ccs1250\ccs\tools\compiler\ti-cgt-armllvm_3.2.0.LTS\lib\armv7em-ti-none-eabi\c\</path>
         <kind>archive</kind>
         <file>libc.a</file>
         <name>snprintf.c.obj</name>
      </input_file>
      <input_file id="fl-43">
         <path>C:\ti\ccs1250\ccs\tools\compiler\ti-cgt-armllvm_3.2.0.LTS\lib\armv7em-ti-none-eabi\c\</path>
         <kind>archive</kind>
         <file>libc.a</file>
         <name>memory.c.obj</name>
      </input_file>
      <input_file id="fl-44">
         <path>C:\ti\ccs1250\ccs\tools\compiler\ti-cgt-armllvm_3.2.0.LTS\lib\armv7em-ti-none-eabi\c\</path>
         <kind>archive</kind>
         <file>libc.a</file>
         <name>boot_cortex_m.c.obj</name>
      </input_file>
      <input_file id="fl-45">
         <path>C:\ti\ccs1250\ccs\tools\compiler\ti-cgt-armllvm_3.2.0.LTS\lib\armv7em-ti-none-eabi\c\</path>
         <kind>archive</kind>
         <file>libc.a</file>
         <name>mathacl_init.c.obj</name>
      </input_file>
      <input_file id="fl-46">
         <path>C:\ti\ccs1250\ccs\tools\compiler\ti-cgt-armllvm_3.2.0.LTS\lib\armv7em-ti-none-eabi\c\</path>
         <kind>archive</kind>
         <file>libc.a</file>
         <name>autoinit.c.obj</name>
      </input_file>
      <input_file id="fl-47">
         <path>C:\ti\ccs1250\ccs\tools\compiler\ti-cgt-armllvm_3.2.0.LTS\lib\armv7em-ti-none-eabi\c\</path>
         <kind>archive</kind>
         <file>libc.a</file>
         <name>pre_init.c.obj</name>
      </input_file>
      <input_file id="fl-48">
         <path>C:\ti\ccs1250\ccs\tools\compiler\ti-cgt-armllvm_3.2.0.LTS\lib\armv7em-ti-none-eabi\c\</path>
         <kind>archive</kind>
         <file>libc.a</file>
         <name>cpy_tbl.c.obj</name>
      </input_file>
      <input_file id="fl-49">
         <path>C:\ti\ccs1250\ccs\tools\compiler\ti-cgt-armllvm_3.2.0.LTS\lib\armv7em-ti-none-eabi\c\</path>
         <kind>archive</kind>
         <file>libc.a</file>
         <name>copy_zero_init.c.obj</name>
      </input_file>
      <input_file id="fl-4a">
         <path>C:\ti\ccs1250\ccs\tools\compiler\ti-cgt-armllvm_3.2.0.LTS\lib\armv7em-ti-none-eabi\c\</path>
         <kind>archive</kind>
         <file>libc.a</file>
         <name>copy_decompress_none.c.obj</name>
      </input_file>
      <input_file id="fl-4b">
         <path>C:\ti\ccs1250\ccs\tools\compiler\ti-cgt-armllvm_3.2.0.LTS\lib\armv7em-ti-none-eabi\c\</path>
         <kind>archive</kind>
         <file>libc.a</file>
         <name>copy_decompress_lzss.c.obj</name>
      </input_file>
      <input_file id="fl-4c">
         <path>C:\ti\ccs1250\ccs\tools\compiler\ti-cgt-armllvm_3.2.0.LTS\lib\armv7em-ti-none-eabi\c\</path>
         <kind>archive</kind>
         <file>libc.a</file>
         <name>_printfi.c.obj</name>
      </input_file>
      <input_file id="fl-4d">
         <path>C:\ti\ccs1250\ccs\tools\compiler\ti-cgt-armllvm_3.2.0.LTS\lib\armv7em-ti-none-eabi\c\</path>
         <kind>archive</kind>
         <file>libc.a</file>
         <name>wcslen.c.obj</name>
      </input_file>
      <input_file id="fl-4e">
         <path>C:\ti\ccs1250\ccs\tools\compiler\ti-cgt-armllvm_3.2.0.LTS\lib\armv7em-ti-none-eabi\c\</path>
         <kind>archive</kind>
         <file>libc.a</file>
         <name>aeabi_portable.c.obj</name>
      </input_file>
      <input_file id="fl-4f">
         <path>C:\ti\ccs1250\ccs\tools\compiler\ti-cgt-armllvm_3.2.0.LTS\lib\armv7em-ti-none-eabi\c\</path>
         <kind>archive</kind>
         <file>libc.a</file>
         <name>exit.c.obj</name>
      </input_file>
      <input_file id="fl-50">
         <path>C:\ti\ccs1250\ccs\tools\compiler\ti-cgt-armllvm_3.2.0.LTS\lib\armv7em-ti-none-eabi\c\</path>
         <kind>archive</kind>
         <file>libc.a</file>
         <name>_lock.c.obj</name>
      </input_file>
      <input_file id="fl-51">
         <path>C:\ti\ccs1250\ccs\tools\compiler\ti-cgt-armllvm_3.2.0.LTS\lib\armv7em-ti-none-eabi\c\</path>
         <kind>archive</kind>
         <file>libc.a</file>
         <name>_ltoa.c.obj</name>
      </input_file>
      <input_file id="fl-52">
         <path>C:\ti\ccs1250\ccs\tools\compiler\ti-cgt-armllvm_3.2.0.LTS\lib\armv7em-ti-none-eabi\c\</path>
         <kind>archive</kind>
         <file>libc.a</file>
         <name>args_main.c.obj</name>
      </input_file>
      <input_file id="fl-53">
         <path>C:\ti\ccs1250\ccs\tools\compiler\ti-cgt-armllvm_3.2.0.LTS\lib\armv7em-ti-none-eabi\c\</path>
         <kind>archive</kind>
         <file>libc.a</file>
         <name>assert.c.obj</name>
      </input_file>
      <input_file id="fl-54">
         <path>C:\ti\ccs1250\ccs\tools\compiler\ti-cgt-armllvm_3.2.0.LTS\lib\armv7em-ti-none-eabi\c\</path>
         <kind>archive</kind>
         <file>libc.a</file>
         <name>atoi.c.obj</name>
      </input_file>
      <input_file id="fl-55">
         <path>C:\ti\ccs1250\ccs\tools\compiler\ti-cgt-armllvm_3.2.0.LTS\lib\armv7em-ti-none-eabi\c\</path>
         <kind>archive</kind>
         <file>libc.a</file>
         <name>defs.c.obj</name>
      </input_file>
      <input_file id="fl-56">
         <path>C:\ti\ccs1250\ccs\tools\compiler\ti-cgt-armllvm_3.2.0.LTS\lib\armv7em-ti-none-eabi\c\</path>
         <kind>archive</kind>
         <file>libc.a</file>
         <name>memccpy.c.obj</name>
      </input_file>
      <input_file id="fl-57">
         <path>C:\ti\ccs1250\ccs\tools\compiler\ti-cgt-armllvm_3.2.0.LTS\lib\armv7em-ti-none-eabi\c\</path>
         <kind>archive</kind>
         <file>libc.a</file>
         <name>s_frexp.c.obj</name>
      </input_file>
      <input_file id="fl-58">
         <path>C:\ti\ccs1250\ccs\tools\compiler\ti-cgt-armllvm_3.2.0.LTS\lib\armv7em-ti-none-eabi\c\</path>
         <kind>archive</kind>
         <file>libc.a</file>
         <name>s_scalbn.c.obj</name>
      </input_file>
      <input_file id="fl-59">
         <path>C:\ti\ccs1250\ccs\tools\compiler\ti-cgt-armllvm_3.2.0.LTS\lib\armv7em-ti-none-eabi\c\</path>
         <kind>archive</kind>
         <file>libc.a</file>
         <name>sprintf.c.obj</name>
      </input_file>
      <input_file id="fl-5a">
         <path>C:\ti\ccs1250\ccs\tools\compiler\ti-cgt-armllvm_3.2.0.LTS\lib\armv7em-ti-none-eabi\c\</path>
         <kind>archive</kind>
         <file>libc.a</file>
         <name>fflush.c.obj</name>
      </input_file>
      <input_file id="fl-5b">
         <path>C:\ti\ccs1250\ccs\tools\compiler\ti-cgt-armllvm_3.2.0.LTS\lib\armv7em-ti-none-eabi\c\</path>
         <kind>archive</kind>
         <file>libc.a</file>
         <name>fputs.c.obj</name>
      </input_file>
      <input_file id="fl-5c">
         <path>C:\ti\ccs1250\ccs\tools\compiler\ti-cgt-armllvm_3.2.0.LTS\lib\armv7em-ti-none-eabi\c\</path>
         <kind>archive</kind>
         <file>libc.a</file>
         <name>_io_perm.c.obj</name>
      </input_file>
      <input_file id="fl-5d">
         <path>C:\ti\ccs1250\ccs\tools\compiler\ti-cgt-armllvm_3.2.0.LTS\lib\armv7em-ti-none-eabi\c\</path>
         <kind>archive</kind>
         <file>libc.a</file>
         <name>setvbuf.c.obj</name>
      </input_file>
      <input_file id="fl-5e">
         <path>C:\ti\ccs1250\ccs\tools\compiler\ti-cgt-armllvm_3.2.0.LTS\lib\armv7em-ti-none-eabi\c\</path>
         <kind>archive</kind>
         <file>libc.a</file>
         <name>aeabi_ctype.S.obj</name>
      </input_file>
      <input_file id="fl-5f">
         <path>C:\ti\ccs1250\ccs\tools\compiler\ti-cgt-armllvm_3.2.0.LTS\lib\armv7em-ti-none-eabi\c\</path>
         <kind>archive</kind>
         <file>libc.a</file>
         <name>fopen.c.obj</name>
      </input_file>
      <input_file id="fl-60">
         <path>C:\ti\ccs1250\ccs\tools\compiler\ti-cgt-armllvm_3.2.0.LTS\lib\armv7em-ti-none-eabi\c\</path>
         <kind>archive</kind>
         <file>libc.a</file>
         <name>fseek.c.obj</name>
      </input_file>
      <input_file id="fl-61">
         <path>C:\ti\ccs1250\ccs\tools\compiler\ti-cgt-armllvm_3.2.0.LTS\lib\armv7em-ti-none-eabi\c\</path>
         <kind>archive</kind>
         <file>libc.a</file>
         <name>fclose.c.obj</name>
      </input_file>
      <input_file id="fl-c5">
         <path>C:\ti\ccs1250\ccs\tools\compiler\ti-cgt-armllvm_3.2.0.LTS\lib\armv7em-ti-none-eabi\c\</path>
         <kind>archive</kind>
         <file>libsysbm.a</file>
         <name>write.c.obj</name>
      </input_file>
      <input_file id="fl-c6">
         <path>C:\ti\ccs1250\ccs\tools\compiler\ti-cgt-armllvm_3.2.0.LTS\lib\armv7em-ti-none-eabi\c\</path>
         <kind>archive</kind>
         <file>libsysbm.a</file>
         <name>host_device.c.obj</name>
      </input_file>
      <input_file id="fl-c7">
         <path>C:\ti\ccs1250\ccs\tools\compiler\ti-cgt-armllvm_3.2.0.LTS\lib\armv7em-ti-none-eabi\c\</path>
         <kind>archive</kind>
         <file>libsysbm.a</file>
         <name>remove.c.obj</name>
      </input_file>
      <input_file id="fl-c8">
         <path>C:\ti\ccs1250\ccs\tools\compiler\ti-cgt-armllvm_3.2.0.LTS\lib\armv7em-ti-none-eabi\c\</path>
         <kind>archive</kind>
         <file>libsysbm.a</file>
         <name>open.c.obj</name>
      </input_file>
      <input_file id="fl-c9">
         <path>C:\ti\ccs1250\ccs\tools\compiler\ti-cgt-armllvm_3.2.0.LTS\lib\armv7em-ti-none-eabi\c\</path>
         <kind>archive</kind>
         <file>libsysbm.a</file>
         <name>lseek.c.obj</name>
      </input_file>
      <input_file id="fl-ca">
         <path>C:\ti\ccs1250\ccs\tools\compiler\ti-cgt-armllvm_3.2.0.LTS\lib\armv7em-ti-none-eabi\c\</path>
         <kind>archive</kind>
         <file>libsysbm.a</file>
         <name>close.c.obj</name>
      </input_file>
      <input_file id="fl-cb">
         <path>C:\ti\ccs1250\ccs\tools\compiler\ti-cgt-armllvm_3.2.0.LTS\lib\armv7em-ti-none-eabi\c\</path>
         <kind>archive</kind>
         <file>libsysbm.a</file>
         <name>unlink.c.obj</name>
      </input_file>
      <input_file id="fl-cc">
         <path>C:\ti\ccs1250\ccs\tools\compiler\ti-cgt-armllvm_3.2.0.LTS\lib\armv7em-ti-none-eabi\c\</path>
         <kind>archive</kind>
         <file>libsysbm.a</file>
         <name>hostclose.c.obj</name>
      </input_file>
      <input_file id="fl-cd">
         <path>C:\ti\ccs1250\ccs\tools\compiler\ti-cgt-armllvm_3.2.0.LTS\lib\armv7em-ti-none-eabi\c\</path>
         <kind>archive</kind>
         <file>libsysbm.a</file>
         <name>hostlseek.c.obj</name>
      </input_file>
      <input_file id="fl-ce">
         <path>C:\ti\ccs1250\ccs\tools\compiler\ti-cgt-armllvm_3.2.0.LTS\lib\armv7em-ti-none-eabi\c\</path>
         <kind>archive</kind>
         <file>libsysbm.a</file>
         <name>hostopen.c.obj</name>
      </input_file>
      <input_file id="fl-cf">
         <path>C:\ti\ccs1250\ccs\tools\compiler\ti-cgt-armllvm_3.2.0.LTS\lib\armv7em-ti-none-eabi\c\</path>
         <kind>archive</kind>
         <file>libsysbm.a</file>
         <name>hostread.c.obj</name>
      </input_file>
      <input_file id="fl-d0">
         <path>C:\ti\ccs1250\ccs\tools\compiler\ti-cgt-armllvm_3.2.0.LTS\lib\armv7em-ti-none-eabi\c\</path>
         <kind>archive</kind>
         <file>libsysbm.a</file>
         <name>hostrename.c.obj</name>
      </input_file>
      <input_file id="fl-d1">
         <path>C:\ti\ccs1250\ccs\tools\compiler\ti-cgt-armllvm_3.2.0.LTS\lib\armv7em-ti-none-eabi\c\</path>
         <kind>archive</kind>
         <file>libsysbm.a</file>
         <name>hostunlink.c.obj</name>
      </input_file>
      <input_file id="fl-d2">
         <path>C:\ti\ccs1250\ccs\tools\compiler\ti-cgt-armllvm_3.2.0.LTS\lib\armv7em-ti-none-eabi\c\</path>
         <kind>archive</kind>
         <file>libsysbm.a</file>
         <name>hostwrite.c.obj</name>
      </input_file>
      <input_file id="fl-d3">
         <path>C:\ti\ccs1250\ccs\tools\compiler\ti-cgt-armllvm_3.2.0.LTS\lib\armv7em-ti-none-eabi\c\</path>
         <kind>archive</kind>
         <file>libsysbm.a</file>
         <name>trgmsg.c.obj</name>
      </input_file>
      <input_file id="fl-d4">
         <path>C:\ti\ccs1250\ccs\tools\compiler\ti-cgt-armllvm_3.2.0.LTS\lib\clang\15.0.7\lib\armv7em-ti-none-eabi\</path>
         <kind>archive</kind>
         <file>libclang_rt.builtins.a</file>
         <name>adddf3.S.obj</name>
      </input_file>
      <input_file id="fl-d5">
         <path>C:\ti\ccs1250\ccs\tools\compiler\ti-cgt-armllvm_3.2.0.LTS\lib\clang\15.0.7\lib\armv7em-ti-none-eabi\</path>
         <kind>archive</kind>
         <file>libclang_rt.builtins.a</file>
         <name>muldf3.S.obj</name>
      </input_file>
      <input_file id="fl-d6">
         <path>C:\ti\ccs1250\ccs\tools\compiler\ti-cgt-armllvm_3.2.0.LTS\lib\clang\15.0.7\lib\armv7em-ti-none-eabi\</path>
         <kind>archive</kind>
         <file>libclang_rt.builtins.a</file>
         <name>divdf3.S.obj</name>
      </input_file>
      <input_file id="fl-d7">
         <path>C:\ti\ccs1250\ccs\tools\compiler\ti-cgt-armllvm_3.2.0.LTS\lib\clang\15.0.7\lib\armv7em-ti-none-eabi\</path>
         <kind>archive</kind>
         <file>libclang_rt.builtins.a</file>
         <name>extendsfdf2.S.obj</name>
      </input_file>
      <input_file id="fl-d8">
         <path>C:\ti\ccs1250\ccs\tools\compiler\ti-cgt-armllvm_3.2.0.LTS\lib\clang\15.0.7\lib\armv7em-ti-none-eabi\</path>
         <kind>archive</kind>
         <file>libclang_rt.builtins.a</file>
         <name>fixdfsi.S.obj</name>
      </input_file>
      <input_file id="fl-d9">
         <path>C:\ti\ccs1250\ccs\tools\compiler\ti-cgt-armllvm_3.2.0.LTS\lib\clang\15.0.7\lib\armv7em-ti-none-eabi\</path>
         <kind>archive</kind>
         <file>libclang_rt.builtins.a</file>
         <name>floatsidf.S.obj</name>
      </input_file>
      <input_file id="fl-da">
         <path>C:\ti\ccs1250\ccs\tools\compiler\ti-cgt-armllvm_3.2.0.LTS\lib\clang\15.0.7\lib\armv7em-ti-none-eabi\</path>
         <kind>archive</kind>
         <file>libclang_rt.builtins.a</file>
         <name>truncdfsf2.S.obj</name>
      </input_file>
      <input_file id="fl-db">
         <path>C:\ti\ccs1250\ccs\tools\compiler\ti-cgt-armllvm_3.2.0.LTS\lib\clang\15.0.7\lib\armv7em-ti-none-eabi\</path>
         <kind>archive</kind>
         <file>libclang_rt.builtins.a</file>
         <name>aeabi_dcmp.S.obj</name>
      </input_file>
      <input_file id="fl-dc">
         <path>C:\ti\ccs1250\ccs\tools\compiler\ti-cgt-armllvm_3.2.0.LTS\lib\clang\15.0.7\lib\armv7em-ti-none-eabi\</path>
         <kind>archive</kind>
         <file>libclang_rt.builtins.a</file>
         <name>aeabi_memcpy.S.obj</name>
      </input_file>
      <input_file id="fl-dd">
         <path>C:\ti\ccs1250\ccs\tools\compiler\ti-cgt-armllvm_3.2.0.LTS\lib\clang\15.0.7\lib\armv7em-ti-none-eabi\</path>
         <kind>archive</kind>
         <file>libclang_rt.builtins.a</file>
         <name>aeabi_memset.S.obj</name>
      </input_file>
      <input_file id="fl-de">
         <path>C:\ti\ccs1250\ccs\tools\compiler\ti-cgt-armllvm_3.2.0.LTS\lib\clang\15.0.7\lib\armv7em-ti-none-eabi\</path>
         <kind>archive</kind>
         <file>libclang_rt.builtins.a</file>
         <name>aeabi_uldivmod.S.obj</name>
      </input_file>
      <input_file id="fl-df">
         <path>C:\ti\ccs1250\ccs\tools\compiler\ti-cgt-armllvm_3.2.0.LTS\lib\clang\15.0.7\lib\armv7em-ti-none-eabi\</path>
         <kind>archive</kind>
         <file>libclang_rt.builtins.a</file>
         <name>udivmoddi4.S.obj</name>
      </input_file>
      <input_file id="fl-e0">
         <path>C:\ti\ccs1250\ccs\tools\compiler\ti-cgt-armllvm_3.2.0.LTS\lib\clang\15.0.7\lib\armv7em-ti-none-eabi\</path>
         <kind>archive</kind>
         <file>libclang_rt.builtins.a</file>
         <name>comparedf2.c.obj</name>
      </input_file>
      <input_file id="fl-e1">
         <path>C:\ti\ccs1250\ccs\tools\compiler\ti-cgt-armllvm_3.2.0.LTS\lib\clang\15.0.7\lib\armv7em-ti-none-eabi\</path>
         <kind>archive</kind>
         <file>libclang_rt.builtins.a</file>
         <name>aeabi_div0.c.obj</name>
      </input_file>
      <input_file id="fl-e2">
         <path>C:\ti\ccs1250\ccs\tools\compiler\ti-cgt-armllvm_3.2.0.LTS\lib\armv7em-ti-none-eabi\c\</path>
         <kind>archive</kind>
         <file>libc.a</file>
         <name>getdevice.c.obj</name>
      </input_file>
      <input_file id="fl-e3">
         <path>C:\ti\ccs1250\ccs\tools\compiler\ti-cgt-armllvm_3.2.0.LTS\lib\armv7em-ti-none-eabi\c\</path>
         <kind>archive</kind>
         <file>libc.a</file>
         <name>strcmp_t2.S.obj</name>
      </input_file>
      <input_file id="fl-e4">
         <path>C:\ti\ccs1250\ccs\tools\compiler\ti-cgt-armllvm_3.2.0.LTS\lib\armv7em-ti-none-eabi\c\</path>
         <kind>archive</kind>
         <file>libc.a</file>
         <name>memcpy_t2.S.obj</name>
      </input_file>
      <input_file id="fl-e5">
         <path>C:\ti\ccs1250\ccs\tools\compiler\ti-cgt-armllvm_3.2.0.LTS\lib\armv7em-ti-none-eabi\c\</path>
         <kind>archive</kind>
         <file>libc.a</file>
         <name>memset_t2.S.obj</name>
      </input_file>
   </input_file_list>
   <object_component_list>
      <object_component id="oc-23e">
         <name>.text:__TI_printfi</name>
         <load_address>0x1000840</load_address>
         <readonly>true</readonly>
         <executable>true</executable>
         <run_address>0x1000840</run_address>
         <size>0x9d8</size>
         <alignment>0x4</alignment>
         <input_file_ref idref="fl-4c"/>
      </object_component>
      <object_component id="oc-d3">
         <name>.text.PRCMCC3200MCUInit</name>
         <load_address>0x1001218</load_address>
         <readonly>true</readonly>
         <executable>true</executable>
         <run_address>0x1001218</run_address>
         <size>0x4b8</size>
         <alignment>0x2</alignment>
         <input_file_ref idref="fl-2e"/>
      </object_component>
      <object_component id="oc-25d">
         <name>.text.Power_sleep</name>
         <load_address>0x10016d0</load_address>
         <readonly>true</readonly>
         <executable>true</executable>
         <run_address>0x10016d0</run_address>
         <size>0x3e4</size>
         <alignment>0x4</alignment>
         <input_file_ref idref="fl-18"/>
      </object_component>
      <object_component id="oc-2f3">
         <name>.text._pconv_a</name>
         <load_address>0x1001ab4</load_address>
         <readonly>true</readonly>
         <executable>true</executable>
         <run_address>0x1001ab4</run_address>
         <size>0x228</size>
         <alignment>0x4</alignment>
         <input_file_ref idref="fl-4c"/>
      </object_component>
      <object_component id="oc-204">
         <name>.text.UART2CC32XX_hwiIntFxn</name>
         <load_address>0x1001cdc</load_address>
         <readonly>true</readonly>
         <executable>true</executable>
         <run_address>0x1001cdc</run_address>
         <size>0x222</size>
         <alignment>0x2</alignment>
         <input_file_ref idref="fl-1d"/>
      </object_component>
      <object_component id="oc-e3">
         <name>.text.Board_initHook</name>
         <load_address>0x1001efe</load_address>
         <readonly>true</readonly>
         <executable>true</executable>
         <run_address>0x1001efe</run_address>
         <size>0x2</size>
         <alignment>0x2</alignment>
         <input_file_ref idref="fl-2"/>
      </object_component>
      <object_component id="oc-2f6">
         <name>.text._pconv_g</name>
         <load_address>0x1001f00</load_address>
         <readonly>true</readonly>
         <executable>true</executable>
         <run_address>0x1001f00</run_address>
         <size>0x1e8</size>
         <alignment>0x4</alignment>
         <input_file_ref idref="fl-4c"/>
      </object_component>
      <object_component id="oc-15f">
         <name>.text.UART2_open</name>
         <load_address>0x10020e8</load_address>
         <readonly>true</readonly>
         <executable>true</executable>
         <run_address>0x10020e8</run_address>
         <size>0x1cc</size>
         <alignment>0x4</alignment>
         <input_file_ref idref="fl-1d"/>
      </object_component>
      <object_component id="oc-22c">
         <name>.text.adddf3_subdf3</name>
         <load_address>0x10022b4</load_address>
         <readonly>true</readonly>
         <executable>true</executable>
         <run_address>0x10022b4</run_address>
         <size>0x1b6</size>
         <alignment>0x4</alignment>
         <input_file_ref idref="fl-d4"/>
      </object_component>
      <object_component id="oc-165">
         <name>.text.I2C_init</name>
         <load_address>0x100246a</load_address>
         <readonly>true</readonly>
         <executable>true</executable>
         <run_address>0x100246a</run_address>
         <size>0x2</size>
         <alignment>0x2</alignment>
         <input_file_ref idref="fl-16"/>
      </object_component>
      <object_component id="oc-f6">
         <name>.text.initI2C</name>
         <load_address>0x100246c</load_address>
         <readonly>true</readonly>
         <executable>true</executable>
         <run_address>0x100246c</run_address>
         <size>0x190</size>
         <alignment>0x4</alignment>
         <input_file_ref idref="fl-1"/>
      </object_component>
      <object_component id="oc-240">
         <name>.text.UART2_writeTimeoutBlocking</name>
         <load_address>0x10025fc</load_address>
         <readonly>true</readonly>
         <executable>true</executable>
         <run_address>0x10025fc</run_address>
         <size>0x174</size>
         <alignment>0x2</alignment>
         <input_file_ref idref="fl-1c"/>
      </object_component>
      <object_component id="oc-1cb">
         <name>.text.PowerCC32XX_sleepPolicy</name>
         <load_address>0x1002770</load_address>
         <readonly>true</readonly>
         <executable>true</executable>
         <run_address>0x1002770</run_address>
         <size>0x150</size>
         <alignment>0x4</alignment>
         <input_file_ref idref="fl-25"/>
      </object_component>
      <object_component id="oc-185">
         <name>.text.Timer_open</name>
         <load_address>0x10028c0</load_address>
         <readonly>true</readonly>
         <executable>true</executable>
         <run_address>0x10028c0</run_address>
         <size>0x148</size>
         <alignment>0x4</alignment>
         <input_file_ref idref="fl-1b"/>
      </object_component>
      <object_component id="oc-10b">
         <name>.text.GPIO_setConfig</name>
         <load_address>0x1002a08</load_address>
         <readonly>true</readonly>
         <executable>true</executable>
         <run_address>0x1002a08</run_address>
         <size>0x140</size>
         <alignment>0x4</alignment>
         <input_file_ref idref="fl-15"/>
      </object_component>
      <object_component id="oc-370">
         <name>.text.fcvt</name>
         <load_address>0x1002b48</load_address>
         <readonly>true</readonly>
         <executable>true</executable>
         <run_address>0x1002b48</run_address>
         <size>0x13c</size>
         <alignment>0x4</alignment>
         <input_file_ref idref="fl-4c"/>
      </object_component>
      <object_component id="oc-b1">
         <name>.text.mainThread</name>
         <load_address>0x1002c84</load_address>
         <readonly>true</readonly>
         <executable>true</executable>
         <run_address>0x1002c84</run_address>
         <size>0x13c</size>
         <alignment>0x4</alignment>
         <input_file_ref idref="fl-1"/>
      </object_component>
      <object_component id="oc-214">
         <name>.text.I2CCC32XX_hwiFxn</name>
         <load_address>0x1002dc0</load_address>
         <readonly>true</readonly>
         <executable>true</executable>
         <run_address>0x1002dc0</run_address>
         <size>0x138</size>
         <alignment>0x2</alignment>
         <input_file_ref idref="fl-17"/>
      </object_component>
      <object_component id="oc-36c">
         <name>.text.__divdf3</name>
         <load_address>0x1002ef8</load_address>
         <readonly>true</readonly>
         <executable>true</executable>
         <run_address>0x1002ef8</run_address>
         <size>0x136</size>
         <alignment>0x4</alignment>
         <input_file_ref idref="fl-d6"/>
      </object_component>
      <object_component id="oc-218">
         <name>.text.I2C_transferTimeout</name>
         <load_address>0x100302e</load_address>
         <readonly>true</readonly>
         <executable>true</executable>
         <run_address>0x100302e</run_address>
         <size>0x126</size>
         <alignment>0x2</alignment>
         <input_file_ref idref="fl-16"/>
      </object_component>
      <object_component id="oc-2fe">
         <name>.text.aligned_alloc</name>
         <load_address>0x1003154</load_address>
         <readonly>true</readonly>
         <executable>true</executable>
         <run_address>0x1003154</run_address>
         <size>0x120</size>
         <alignment>0x4</alignment>
         <input_file_ref idref="fl-43"/>
      </object_component>
      <object_component id="oc-23f">
         <name>.text.UART2_writeTimeoutNonblocking</name>
         <load_address>0x1003274</load_address>
         <readonly>true</readonly>
         <executable>true</executable>
         <run_address>0x1003274</run_address>
         <size>0x11a</size>
         <alignment>0x2</alignment>
         <input_file_ref idref="fl-1c"/>
      </object_component>
      <object_component id="oc-1c6">
         <name>.text.PowerCC32XX_initPolicy</name>
         <load_address>0x100338e</load_address>
         <readonly>true</readonly>
         <executable>true</executable>
         <run_address>0x100338e</run_address>
         <size>0x2</size>
         <alignment>0x2</alignment>
         <input_file_ref idref="fl-25"/>
      </object_component>
      <object_component id="oc-2f4">
         <name>.text._pconv_e</name>
         <load_address>0x1003390</load_address>
         <readonly>true</readonly>
         <executable>true</executable>
         <run_address>0x1003390</run_address>
         <size>0x118</size>
         <alignment>0x4</alignment>
         <input_file_ref idref="fl-4c"/>
      </object_component>
      <object_component id="oc-334">
         <name>.text.uDMAChannelTransferSet</name>
         <load_address>0x10034a8</load_address>
         <readonly>true</readonly>
         <executable>true</executable>
         <run_address>0x10034a8</run_address>
         <size>0x112</size>
         <alignment>0x2</alignment>
         <input_file_ref idref="fl-33"/>
      </object_component>
      <object_component id="oc-298">
         <name>.text.SemaphoreP_destruct</name>
         <load_address>0x10035ba</load_address>
         <readonly>true</readonly>
         <executable>true</executable>
         <run_address>0x10035ba</run_address>
         <size>0x2</size>
         <alignment>0x2</alignment>
         <input_file_ref idref="fl-22"/>
      </object_component>
      <object_component id="oc-192">
         <name>.text.__muldf3</name>
         <load_address>0x10035bc</load_address>
         <readonly>true</readonly>
         <executable>true</executable>
         <run_address>0x10035bc</run_address>
         <size>0xfc</size>
         <alignment>0x4</alignment>
         <input_file_ref idref="fl-d5"/>
      </object_component>
      <object_component id="oc-1d2">
         <name>.text.free</name>
         <load_address>0x10036b8</load_address>
         <readonly>true</readonly>
         <executable>true</executable>
         <run_address>0x10036b8</run_address>
         <size>0xf0</size>
         <alignment>0x4</alignment>
         <input_file_ref idref="fl-43"/>
      </object_component>
      <object_component id="oc-16b">
         <name>.text.I2C_open</name>
         <load_address>0x10037a8</load_address>
         <readonly>true</readonly>
         <executable>true</executable>
         <run_address>0x10037a8</run_address>
         <size>0xe8</size>
         <alignment>0x4</alignment>
         <input_file_ref idref="fl-17"/>
      </object_component>
      <object_component id="oc-1ff">
         <name>.text.UART2_close</name>
         <load_address>0x1003890</load_address>
         <readonly>true</readonly>
         <executable>true</executable>
         <run_address>0x1003890</run_address>
         <size>0xe8</size>
         <alignment>0x4</alignment>
         <input_file_ref idref="fl-1d"/>
      </object_component>
      <object_component id="oc-2a6">
         <name>.text.UART2Support_dmaStartRx</name>
         <load_address>0x1003978</load_address>
         <readonly>true</readonly>
         <executable>true</executable>
         <run_address>0x1003978</run_address>
         <size>0xcc</size>
         <alignment>0x4</alignment>
         <input_file_ref idref="fl-1d"/>
      </object_component>
      <object_component id="oc-329">
         <name>.text.IntDisable</name>
         <load_address>0x1003a44</load_address>
         <readonly>true</readonly>
         <executable>true</executable>
         <run_address>0x1003a44</run_address>
         <size>0xc8</size>
         <alignment>0x2</alignment>
         <input_file_ref idref="fl-2c"/>
      </object_component>
      <object_component id="oc-28f">
         <name>.text.IntEnable</name>
         <load_address>0x1003b0c</load_address>
         <readonly>true</readonly>
         <executable>true</executable>
         <run_address>0x1003b0c</run_address>
         <size>0xc8</size>
         <alignment>0x2</alignment>
         <input_file_ref idref="fl-2c"/>
      </object_component>
      <object_component id="oc-1fb">
         <name>.text.UART2CC32XX_initHw</name>
         <load_address>0x1003bd4</load_address>
         <readonly>true</readonly>
         <executable>true</executable>
         <run_address>0x1003bd4</run_address>
         <size>0xc4</size>
         <alignment>0x4</alignment>
         <input_file_ref idref="fl-1d"/>
      </object_component>
      <object_component id="oc-35e">
         <name>.text.scalbn</name>
         <load_address>0x1003c98</load_address>
         <readonly>true</readonly>
         <executable>true</executable>
         <run_address>0x1003c98</run_address>
         <size>0xc4</size>
         <alignment>0x4</alignment>
         <input_file_ref idref="fl-58"/>
      </object_component>
      <object_component id="oc-2a9">
         <name>.text.UART2Support_dmaStartTx</name>
         <load_address>0x1003d5c</load_address>
         <readonly>true</readonly>
         <executable>true</executable>
         <run_address>0x1003d5c</run_address>
         <size>0xb8</size>
         <alignment>0x4</alignment>
         <input_file_ref idref="fl-1d"/>
      </object_component>
      <object_component id="oc-304">
         <name>.text</name>
         <load_address>0x1003e14</load_address>
         <readonly>true</readonly>
         <executable>true</executable>
         <run_address>0x1003e14</run_address>
         <size>0xb0</size>
         <alignment>0x4</alignment>
         <input_file_ref idref="fl-df"/>
      </object_component>
      <object_component id="oc-243">
         <name>.text.GPIOIntTypeSet</name>
         <load_address>0x1003ec4</load_address>
         <readonly>true</readonly>
         <executable>true</executable>
         <run_address>0x1003ec4</run_address>
         <size>0xac</size>
         <alignment>0x2</alignment>
         <input_file_ref idref="fl-29"/>
      </object_component>
      <object_component id="oc-388">
         <name>.text.IntPendSet</name>
         <load_address>0x1003f70</load_address>
         <readonly>true</readonly>
         <executable>true</executable>
         <run_address>0x1003f70</run_address>
         <size>0xa4</size>
         <alignment>0x2</alignment>
         <input_file_ref idref="fl-2c"/>
      </object_component>
      <object_component id="oc-1a8">
         <name>.text.PinConfigSet</name>
         <load_address>0x1004014</load_address>
         <readonly>true</readonly>
         <executable>true</executable>
         <run_address>0x1004014</run_address>
         <size>0xa2</size>
         <alignment>0x2</alignment>
         <input_file_ref idref="fl-2d"/>
      </object_component>
      <object_component id="oc-2bc">
         <name>.text.I2CCC32XX_completeTransfer</name>
         <load_address>0x10040b6</load_address>
         <readonly>true</readonly>
         <executable>true</executable>
         <run_address>0x10040b6</run_address>
         <size>0x9c</size>
         <alignment>0x2</alignment>
         <input_file_ref idref="fl-17"/>
      </object_component>
      <object_component id="oc-2ad">
         <name>.text.I2CMasterInitExpClk</name>
         <load_address>0x1004152</load_address>
         <readonly>true</readonly>
         <executable>true</executable>
         <run_address>0x1004152</run_address>
         <size>0x98</size>
         <alignment>0x2</alignment>
         <input_file_ref idref="fl-2b"/>
      </object_component>
      <object_component id="oc-17e">
         <name>.text.Timer_init</name>
         <load_address>0x10041ea</load_address>
         <readonly>true</readonly>
         <executable>true</executable>
         <run_address>0x10041ea</run_address>
         <size>0x2</size>
         <alignment>0x2</alignment>
         <input_file_ref idref="fl-1a"/>
      </object_component>
      <object_component id="oc-146">
         <name>.text.SemaphoreP_pend</name>
         <load_address>0x10041ec</load_address>
         <readonly>true</readonly>
         <executable>true</executable>
         <run_address>0x10041ec</run_address>
         <size>0x98</size>
         <alignment>0x4</alignment>
         <input_file_ref idref="fl-22"/>
      </object_component>
      <object_component id="oc-31b">
         <name>.text.CPUwfi</name>
         <load_address>0x1004284</load_address>
         <readonly>true</readonly>
         <executable>true</executable>
         <run_address>0x1004284</run_address>
         <size>0xc</size>
         <alignment>0x2</alignment>
         <input_file_ref idref="fl-28"/>
      </object_component>
      <object_component id="oc-310">
         <name>.text</name>
         <load_address>0x1004290</load_address>
         <readonly>true</readonly>
         <executable>true</executable>
         <run_address>0x1004290</run_address>
         <size>0x96</size>
         <alignment>0x10</alignment>
         <input_file_ref idref="fl-19"/>
      </object_component>
      <object_component id="oc-288">
         <name>.text.uDMAChannelAttributeDisable</name>
         <load_address>0x1004326</load_address>
         <readonly>true</readonly>
         <executable>true</executable>
         <run_address>0x1004326</run_address>
         <size>0x92</size>
         <alignment>0x2</alignment>
         <input_file_ref idref="fl-33"/>
      </object_component>
      <object_component id="oc-dd">
         <name>.text.GPIO_init</name>
         <load_address>0x10043b8</load_address>
         <readonly>true</readonly>
         <executable>true</executable>
         <run_address>0x10043b8</run_address>
         <size>0x90</size>
         <alignment>0x4</alignment>
         <input_file_ref idref="fl-15"/>
      </object_component>
      <object_component id="oc-f8">
         <name>.text.readTemp</name>
         <load_address>0x1004448</load_address>
         <readonly>true</readonly>
         <executable>true</executable>
         <run_address>0x1004448</run_address>
         <size>0x90</size>
         <alignment>0x4</alignment>
         <input_file_ref idref="fl-1"/>
      </object_component>
      <object_component id="oc-125">
         <name>.text.PRCMSysResetCauseGet</name>
         <load_address>0x10044d8</load_address>
         <readonly>true</readonly>
         <executable>true</executable>
         <run_address>0x10044d8</run_address>
         <size>0x8e</size>
         <alignment>0x2</alignment>
         <input_file_ref idref="fl-2e"/>
      </object_component>
      <object_component id="oc-202">
         <name>.text.UART2CC32XX_eventCallback</name>
         <load_address>0x1004566</load_address>
         <readonly>true</readonly>
         <executable>true</executable>
         <run_address>0x1004566</run_address>
         <size>0x2</size>
         <alignment>0x2</alignment>
         <input_file_ref idref="fl-1d"/>
      </object_component>
      <object_component id="oc-137">
         <name>.text.PowerCC32XX_configureWakeup</name>
         <load_address>0x1004568</load_address>
         <readonly>true</readonly>
         <executable>true</executable>
         <run_address>0x1004568</run_address>
         <size>0x88</size>
         <alignment>0x4</alignment>
         <input_file_ref idref="fl-18"/>
      </object_component>
      <object_component id="oc-2b9">
         <name>.text.I2CCC32XX_primeReadBurst</name>
         <load_address>0x10045f0</load_address>
         <readonly>true</readonly>
         <executable>true</executable>
         <run_address>0x10045f0</run_address>
         <size>0x7a</size>
         <alignment>0x2</alignment>
         <input_file_ref idref="fl-17"/>
      </object_component>
      <object_component id="oc-377">
         <name>.text.__aeabi_ldiv0</name>
         <load_address>0x100466a</load_address>
         <readonly>true</readonly>
         <executable>true</executable>
         <run_address>0x100466a</run_address>
         <size>0x2</size>
         <alignment>0x2</alignment>
         <input_file_ref idref="fl-e1"/>
      </object_component>
      <object_component id="oc-d8">
         <name>.text.Power_init</name>
         <load_address>0x100466c</load_address>
         <readonly>true</readonly>
         <executable>true</executable>
         <run_address>0x100466c</run_address>
         <size>0x78</size>
         <alignment>0x4</alignment>
         <input_file_ref idref="fl-18"/>
      </object_component>
      <object_component id="oc-1fd">
         <name>.text.HwiP_construct</name>
         <load_address>0x10046e4</load_address>
         <readonly>true</readonly>
         <executable>true</executable>
         <run_address>0x10046e4</run_address>
         <size>0x74</size>
         <alignment>0x4</alignment>
         <input_file_ref idref="fl-24"/>
      </object_component>
      <object_component id="oc-1c3">
         <name>.text.PRCMHibernateWakeUpGPIOSelect</name>
         <load_address>0x1004758</load_address>
         <readonly>true</readonly>
         <executable>true</executable>
         <run_address>0x1004758</run_address>
         <size>0x74</size>
         <alignment>0x2</alignment>
         <input_file_ref idref="fl-2e"/>
      </object_component>
      <object_component id="oc-27d">
         <name>.text.UARTConfigSetExpClk</name>
         <load_address>0x10047cc</load_address>
         <readonly>true</readonly>
         <executable>true</executable>
         <run_address>0x10047cc</run_address>
         <size>0x74</size>
         <alignment>0x2</alignment>
         <input_file_ref idref="fl-32"/>
      </object_component>
      <object_component id="oc-19">
         <name>.text:decompress:lzss</name>
         <load_address>0x1004840</load_address>
         <readonly>true</readonly>
         <executable>true</executable>
         <run_address>0x1004840</run_address>
         <size>0x70</size>
         <alignment>0x2</alignment>
         <input_file_ref idref="fl-4b"/>
      </object_component>
      <object_component id="oc-358">
         <name>.text.__gedf2</name>
         <load_address>0x10048b0</load_address>
         <readonly>true</readonly>
         <executable>true</executable>
         <run_address>0x10048b0</run_address>
         <size>0x6e</size>
         <alignment>0x4</alignment>
         <input_file_ref idref="fl-e0"/>
      </object_component>
      <object_component id="oc-1b1">
         <name>.text._nop</name>
         <load_address>0x100491e</load_address>
         <readonly>true</readonly>
         <executable>true</executable>
         <run_address>0x100491e</run_address>
         <size>0x2</size>
         <alignment>0x2</alignment>
         <input_file_ref idref="fl-50"/>
      </object_component>
      <object_component id="oc-352">
         <name>.text.__ledf2</name>
         <load_address>0x1004920</load_address>
         <readonly>true</readonly>
         <executable>true</executable>
         <run_address>0x1004920</run_address>
         <size>0x6e</size>
         <alignment>0x4</alignment>
         <input_file_ref idref="fl-e0"/>
      </object_component>
      <object_component id="oc-58">
         <name>.text.busFaultHandler</name>
         <load_address>0x100498e</load_address>
         <readonly>true</readonly>
         <executable>true</executable>
         <run_address>0x100498e</run_address>
         <size>0x2</size>
         <alignment>0x2</alignment>
         <input_file_ref idref="fl-26"/>
      </object_component>
      <object_component id="oc-230">
         <name>.text.__truncdfsf2</name>
         <load_address>0x1004990</load_address>
         <readonly>true</readonly>
         <executable>true</executable>
         <run_address>0x1004990</run_address>
         <size>0x6e</size>
         <alignment>0x4</alignment>
         <input_file_ref idref="fl-da"/>
      </object_component>
      <object_component id="oc-30e">
         <name>.text.PinLockLevelSet</name>
         <load_address>0x10049fe</load_address>
         <readonly>true</readonly>
         <executable>true</executable>
         <run_address>0x10049fe</run_address>
         <size>0x6c</size>
         <alignment>0x2</alignment>
         <input_file_ref idref="fl-2d"/>
      </object_component>
      <object_component id="oc-1d9">
         <name>.text.clkFxn</name>
         <load_address>0x1004a6a</load_address>
         <readonly>true</readonly>
         <executable>true</executable>
         <run_address>0x1004a6a</run_address>
         <size>0x2</size>
         <alignment>0x2</alignment>
         <input_file_ref idref="fl-22"/>
      </object_component>
      <object_component id="oc-1a9">
         <name>.text.Power_setDependency</name>
         <load_address>0x1004a6c</load_address>
         <readonly>true</readonly>
         <executable>true</executable>
         <run_address>0x1004a6c</run_address>
         <size>0x6c</size>
         <alignment>0x4</alignment>
         <input_file_ref idref="fl-18"/>
      </object_component>
      <object_component id="oc-1f9">
         <name>.text.UDMACC32XX_open</name>
         <load_address>0x1004ad8</load_address>
         <readonly>true</readonly>
         <executable>true</executable>
         <run_address>0x1004ad8</run_address>
         <size>0x6c</size>
         <alignment>0x4</alignment>
         <input_file_ref idref="fl-20"/>
      </object_component>
      <object_component id="oc-36a">
         <name>.text._mcpy</name>
         <load_address>0x1004b44</load_address>
         <readonly>true</readonly>
         <executable>true</executable>
         <run_address>0x1004b44</run_address>
         <size>0x6c</size>
         <alignment>0x2</alignment>
         <input_file_ref idref="fl-4c"/>
      </object_component>
      <object_component id="oc-14d">
         <name>.text.powerNotifyFxn</name>
         <load_address>0x1004bb0</load_address>
         <readonly>true</readonly>
         <executable>true</executable>
         <run_address>0x1004bb0</run_address>
         <size>0x6c</size>
         <alignment>0x4</alignment>
         <input_file_ref idref="fl-15"/>
      </object_component>
      <object_component id="oc-374">
         <name>.text.split</name>
         <load_address>0x1004c1c</load_address>
         <readonly>true</readonly>
         <executable>true</executable>
         <run_address>0x1004c1c</run_address>
         <size>0x6c</size>
         <alignment>0x4</alignment>
         <input_file_ref idref="fl-43"/>
      </object_component>
      <object_component id="oc-12d">
         <name>.text.PRCMPeripheralReset</name>
         <load_address>0x1004c88</load_address>
         <readonly>true</readonly>
         <executable>true</executable>
         <run_address>0x1004c88</run_address>
         <size>0x6a</size>
         <alignment>0x2</alignment>
         <input_file_ref idref="fl-2e"/>
      </object_component>
      <object_component id="oc-57">
         <name>.text.defaultHandler</name>
         <load_address>0x1004cf2</load_address>
         <readonly>true</readonly>
         <executable>true</executable>
         <run_address>0x1004cf2</run_address>
         <size>0x2</size>
         <alignment>0x2</alignment>
         <input_file_ref idref="fl-26"/>
      </object_component>
      <object_component id="oc-20f">
         <name>.text.I2CCC32XX_initHw</name>
         <load_address>0x1004cf4</load_address>
         <readonly>true</readonly>
         <executable>true</executable>
         <run_address>0x1004cf4</run_address>
         <size>0x68</size>
         <alignment>0x4</alignment>
         <input_file_ref idref="fl-17"/>
      </object_component>
      <object_component id="oc-28c">
         <name>.text.IntPendClear</name>
         <load_address>0x1004d5c</load_address>
         <readonly>true</readonly>
         <executable>true</executable>
         <run_address>0x1004d5c</run_address>
         <size>0x68</size>
         <alignment>0x2</alignment>
         <input_file_ref idref="fl-2c"/>
      </object_component>
      <object_component id="oc-2ba">
         <name>.text.I2CCC32XX_primeWriteBurst</name>
         <load_address>0x1004dc4</load_address>
         <readonly>true</readonly>
         <executable>true</executable>
         <run_address>0x1004dc4</run_address>
         <size>0x66</size>
         <alignment>0x2</alignment>
         <input_file_ref idref="fl-17"/>
      </object_component>
      <object_component id="oc-56">
         <name>.text.faultISR</name>
         <load_address>0x1004e2a</load_address>
         <readonly>true</readonly>
         <executable>true</executable>
         <run_address>0x1004e2a</run_address>
         <size>0x2</size>
         <alignment>0x2</alignment>
         <input_file_ref idref="fl-26"/>
      </object_component>
      <object_component id="oc-109">
         <name>.text.TickFct_Heater</name>
         <load_address>0x1004e2c</load_address>
         <readonly>true</readonly>
         <executable>true</executable>
         <run_address>0x1004e2c</run_address>
         <size>0x64</size>
         <alignment>0x4</alignment>
         <input_file_ref idref="fl-1"/>
      </object_component>
      <object_component id="oc-2ef">
         <name>.text.__aeabi_dcmp</name>
         <load_address>0x1004e90</load_address>
         <readonly>true</readonly>
         <executable>true</executable>
         <run_address>0x1004e90</run_address>
         <size>0x62</size>
         <alignment>0x4</alignment>
         <input_file_ref idref="fl-db"/>
      </object_component>
      <object_component id="oc-55">
         <name>.text.nmiISR</name>
         <load_address>0x1004ef2</load_address>
         <readonly>true</readonly>
         <executable>true</executable>
         <run_address>0x1004ef2</run_address>
         <size>0x2</size>
         <alignment>0x2</alignment>
         <input_file_ref idref="fl-26"/>
      </object_component>
      <object_component id="oc-ee">
         <name>.text.GPIO_write</name>
         <load_address>0x1004ef4</load_address>
         <readonly>true</readonly>
         <executable>true</executable>
         <run_address>0x1004ef4</run_address>
         <size>0x60</size>
         <alignment>0x4</alignment>
         <input_file_ref idref="fl-15"/>
      </object_component>
      <object_component id="oc-2a8">
         <name>.text.UART2Support_dmaStopTx</name>
         <load_address>0x1004f54</load_address>
         <readonly>true</readonly>
         <executable>true</executable>
         <run_address>0x1004f54</run_address>
         <size>0x60</size>
         <alignment>0x2</alignment>
         <input_file_ref idref="fl-1d"/>
      </object_component>
      <object_component id="oc-383">
         <name>.text.FlashDisable</name>
         <load_address>0x1004fb4</load_address>
         <readonly>true</readonly>
         <executable>true</executable>
         <run_address>0x1004fb4</run_address>
         <size>0x5c</size>
         <alignment>0x2</alignment>
         <input_file_ref idref="fl-35"/>
      </object_component>
      <object_component id="oc-2bf">
         <name>.text.I2CSupport_primeTransfer</name>
         <load_address>0x1005010</load_address>
         <readonly>true</readonly>
         <executable>true</executable>
         <run_address>0x1005010</run_address>
         <size>0x5c</size>
         <alignment>0x2</alignment>
         <input_file_ref idref="fl-17"/>
      </object_component>
      <object_component id="oc-1c5">
         <name>.text.PRCMHibernateWakeupSourceDisable</name>
         <load_address>0x100506c</load_address>
         <readonly>true</readonly>
         <executable>true</executable>
         <run_address>0x100506c</run_address>
         <size>0x5c</size>
         <alignment>0x2</alignment>
         <input_file_ref idref="fl-2e"/>
      </object_component>
      <object_component id="oc-21f">
         <name>.text.TimerCC32XX_allocateTimerResource</name>
         <load_address>0x10050c8</load_address>
         <readonly>true</readonly>
         <executable>true</executable>
         <run_address>0x10050c8</run_address>
         <size>0x5c</size>
         <alignment>0x4</alignment>
         <input_file_ref idref="fl-1b"/>
      </object_component>
      <object_component id="oc-2f5">
         <name>.text._pconv_f</name>
         <load_address>0x1005124</load_address>
         <readonly>true</readonly>
         <executable>true</executable>
         <run_address>0x1005124</run_address>
         <size>0x5c</size>
         <alignment>0x2</alignment>
         <input_file_ref idref="fl-4c"/>
      </object_component>
      <object_component id="oc-12c">
         <name>.text.PRCMPeripheralClkEnable</name>
         <load_address>0x1005180</load_address>
         <readonly>true</readonly>
         <executable>true</executable>
         <run_address>0x1005180</run_address>
         <size>0x5a</size>
         <alignment>0x2</alignment>
         <input_file_ref idref="fl-2e"/>
      </object_component>
      <object_component id="oc-302">
         <name>.text.ClockP_startup</name>
         <load_address>0x10051dc</load_address>
         <readonly>true</readonly>
         <executable>true</executable>
         <run_address>0x10051dc</run_address>
         <size>0x58</size>
         <alignment>0x4</alignment>
         <input_file_ref idref="fl-23"/>
      </object_component>
      <object_component id="oc-28e">
         <name>.text.IntPrioritySet</name>
         <load_address>0x1005234</load_address>
         <readonly>true</readonly>
         <executable>true</executable>
         <run_address>0x1005234</run_address>
         <size>0x58</size>
         <alignment>0x2</alignment>
         <input_file_ref idref="fl-2c"/>
      </object_component>
      <object_component id="oc-31a">
         <name>.text.PRCMLPDSEnter</name>
         <load_address>0x100528c</load_address>
         <readonly>true</readonly>
         <executable>true</executable>
         <run_address>0x100528c</run_address>
         <size>0x56</size>
         <alignment>0x2</alignment>
         <input_file_ref idref="fl-2e"/>
      </object_component>
      <object_component id="oc-362">
         <name>.text.__TI_ltoa</name>
         <load_address>0x10052e2</load_address>
         <readonly>true</readonly>
         <executable>true</executable>
         <run_address>0x10052e2</run_address>
         <size>0x56</size>
         <alignment>0x2</alignment>
         <input_file_ref idref="fl-51"/>
      </object_component>
      <object_component id="oc-1e5">
         <name>.text.PowerCC32XX_setParkState</name>
         <load_address>0x1005338</load_address>
         <readonly>true</readonly>
         <executable>true</executable>
         <run_address>0x1005338</run_address>
         <size>0x54</size>
         <alignment>0x4</alignment>
         <input_file_ref idref="fl-18"/>
      </object_component>
      <object_component id="oc-29b">
         <name>.text.Power_releaseDependency</name>
         <load_address>0x100538c</load_address>
         <readonly>true</readonly>
         <executable>true</executable>
         <run_address>0x100538c</run_address>
         <size>0x54</size>
         <alignment>0x4</alignment>
         <input_file_ref idref="fl-18"/>
      </object_component>
      <object_component id="oc-35a">
         <name>.text.frexp</name>
         <load_address>0x10053e0</load_address>
         <readonly>true</readonly>
         <executable>true</executable>
         <run_address>0x10053e0</run_address>
         <size>0x54</size>
         <alignment>0x4</alignment>
         <input_file_ref idref="fl-57"/>
      </object_component>
      <object_component id="oc-1b0">
         <name>.text.GPIO_hwiIntFxn</name>
         <load_address>0x1005434</load_address>
         <readonly>true</readonly>
         <executable>true</executable>
         <run_address>0x1005434</run_address>
         <size>0x50</size>
         <alignment>0x4</alignment>
         <input_file_ref idref="fl-15"/>
      </object_component>
      <object_component id="oc-1c4">
         <name>.text.PRCMHibernateWakeupSourceEnable</name>
         <load_address>0x1005484</load_address>
         <readonly>true</readonly>
         <executable>true</executable>
         <run_address>0x1005484</run_address>
         <size>0x50</size>
         <alignment>0x2</alignment>
         <input_file_ref idref="fl-2e"/>
      </object_component>
      <object_component id="oc-266">
         <name>.text.SemaphoreP_construct</name>
         <load_address>0x10054d4</load_address>
         <readonly>true</readonly>
         <executable>true</executable>
         <run_address>0x10054d4</run_address>
         <size>0x50</size>
         <alignment>0x4</alignment>
         <input_file_ref idref="fl-22"/>
      </object_component>
      <object_component id="oc-368">
         <name>.text._ecpy</name>
         <load_address>0x1005524</load_address>
         <readonly>true</readonly>
         <executable>true</executable>
         <run_address>0x1005524</run_address>
         <size>0x4e</size>
         <alignment>0x2</alignment>
         <input_file_ref idref="fl-4c"/>
      </object_component>
      <object_component id="oc-287">
         <name>.text.uDMAChannelAssign</name>
         <load_address>0x1005572</load_address>
         <readonly>true</readonly>
         <executable>true</executable>
         <run_address>0x1005572</run_address>
         <size>0x4e</size>
         <alignment>0x2</alignment>
         <input_file_ref idref="fl-33"/>
      </object_component>
      <object_component id="oc-1ad">
         <name>.text.GPIO_setInterruptConfig</name>
         <load_address>0x10055c0</load_address>
         <readonly>true</readonly>
         <executable>true</executable>
         <run_address>0x10055c0</run_address>
         <size>0x4c</size>
         <alignment>0x4</alignment>
         <input_file_ref idref="fl-15"/>
      </object_component>
      <object_component id="oc-381">
         <name>.text.PRCMLPDSRestoreInfoSet</name>
         <load_address>0x100560c</load_address>
         <readonly>true</readonly>
         <executable>true</executable>
         <run_address>0x100560c</run_address>
         <size>0x4c</size>
         <alignment>0x2</alignment>
         <input_file_ref idref="fl-2e"/>
      </object_component>
      <object_component id="oc-223">
         <name>.text.initHw</name>
         <load_address>0x1005658</load_address>
         <readonly>true</readonly>
         <executable>true</executable>
         <run_address>0x1005658</run_address>
         <size>0x4c</size>
         <alignment>0x2</alignment>
         <input_file_ref idref="fl-1b"/>
      </object_component>
      <object_component id="oc-2a4">
         <name>.text.UART2Support_dmaStopRx</name>
         <load_address>0x10056a4</load_address>
         <readonly>true</readonly>
         <executable>true</executable>
         <run_address>0x10056a4</run_address>
         <size>0x4a</size>
         <alignment>0x2</alignment>
         <input_file_ref idref="fl-1d"/>
      </object_component>
      <object_component id="oc-222">
         <name>.text.getPrescaler</name>
         <load_address>0x10056ee</load_address>
         <readonly>true</readonly>
         <executable>true</executable>
         <run_address>0x10056ee</run_address>
         <size>0x4a</size>
         <alignment>0x2</alignment>
         <input_file_ref idref="fl-1b"/>
      </object_component>
      <object_component id="oc-330">
         <name>.text.uDMAChannelSizeGet</name>
         <load_address>0x1005738</load_address>
         <readonly>true</readonly>
         <executable>true</executable>
         <run_address>0x1005738</run_address>
         <size>0x4a</size>
         <alignment>0x2</alignment>
         <input_file_ref idref="fl-33"/>
      </object_component>
      <object_component id="oc-59">
         <name>.text.ClockP_sysTickHandler</name>
         <load_address>0x1005784</load_address>
         <readonly>true</readonly>
         <executable>true</executable>
         <run_address>0x1005784</run_address>
         <size>0x48</size>
         <alignment>0x4</alignment>
         <input_file_ref idref="fl-23"/>
      </object_component>
      <object_component id="oc-314">
         <name>.text.PRCMIntEnable</name>
         <load_address>0x10057cc</load_address>
         <readonly>true</readonly>
         <executable>true</executable>
         <run_address>0x10057cc</run_address>
         <size>0x48</size>
         <alignment>0x2</alignment>
         <input_file_ref idref="fl-2e"/>
      </object_component>
      <object_component id="oc-241">
         <name>.text.PRCMPeripheralStatusGet</name>
         <load_address>0x1005814</load_address>
         <readonly>true</readonly>
         <executable>true</executable>
         <run_address>0x1005814</run_address>
         <size>0x48</size>
         <alignment>0x2</alignment>
         <input_file_ref idref="fl-2e"/>
      </object_component>
      <object_component id="oc-37e">
         <name>.text.PinConfigGet</name>
         <load_address>0x100585c</load_address>
         <readonly>true</readonly>
         <executable>true</executable>
         <run_address>0x100585c</run_address>
         <size>0x48</size>
         <alignment>0x2</alignment>
         <input_file_ref idref="fl-2d"/>
      </object_component>
      <object_component id="oc-196">
         <name>.text.__fixdfsi</name>
         <load_address>0x10058a4</load_address>
         <readonly>true</readonly>
         <executable>true</executable>
         <run_address>0x10058a4</run_address>
         <size>0x48</size>
         <alignment>0x4</alignment>
         <input_file_ref idref="fl-d8"/>
      </object_component>
      <object_component id="oc-2b8">
         <name>.text.I2CCC32XX_fillTransmitFifo</name>
         <load_address>0x10058ec</load_address>
         <readonly>true</readonly>
         <executable>true</executable>
         <run_address>0x10058ec</run_address>
         <size>0x46</size>
         <alignment>0x2</alignment>
         <input_file_ref idref="fl-17"/>
      </object_component>
      <object_component id="oc-319">
         <name>.text.PRCMLPDSEnterKeepDebugIf</name>
         <load_address>0x1005932</load_address>
         <readonly>true</readonly>
         <executable>true</executable>
         <run_address>0x1005932</run_address>
         <size>0x46</size>
         <alignment>0x2</alignment>
         <input_file_ref idref="fl-2e"/>
      </object_component>
      <object_component id="oc-32e">
         <name>.text.RingBuf_put</name>
         <load_address>0x1005978</load_address>
         <readonly>true</readonly>
         <executable>true</executable>
         <run_address>0x1005978</run_address>
         <size>0x46</size>
         <alignment>0x2</alignment>
         <input_file_ref idref="fl-1f"/>
      </object_component>
      <object_component id="oc-1ac">
         <name>.text.GPIODirModeSet</name>
         <load_address>0x10059be</load_address>
         <readonly>true</readonly>
         <executable>true</executable>
         <run_address>0x10059be</run_address>
         <size>0x44</size>
         <alignment>0x2</alignment>
         <input_file_ref idref="fl-29"/>
      </object_component>
      <object_component id="oc-10a">
         <name>.text.GPIO_disableInt</name>
         <load_address>0x1005a04</load_address>
         <readonly>true</readonly>
         <executable>true</executable>
         <run_address>0x1005a04</run_address>
         <size>0x44</size>
         <alignment>0x4</alignment>
         <input_file_ref idref="fl-15"/>
      </object_component>
      <object_component id="oc-f4">
         <name>.text.GPIO_enableInt</name>
         <load_address>0x1005a48</load_address>
         <readonly>true</readonly>
         <executable>true</executable>
         <run_address>0x1005a48</run_address>
         <size>0x44</size>
         <alignment>0x4</alignment>
         <input_file_ref idref="fl-15"/>
      </object_component>
      <object_component id="oc-2a7">
         <name>.text.Power_releaseConstraint</name>
         <load_address>0x1005a8c</load_address>
         <readonly>true</readonly>
         <executable>true</executable>
         <run_address>0x1005a8c</run_address>
         <size>0x44</size>
         <alignment>0x4</alignment>
         <input_file_ref idref="fl-18"/>
      </object_component>
      <object_component id="oc-18b">
         <name>.text.Timer_start</name>
         <load_address>0x1005ad0</load_address>
         <readonly>true</readonly>
         <executable>true</executable>
         <run_address>0x1005ad0</run_address>
         <size>0x44</size>
         <alignment>0x2</alignment>
         <input_file_ref idref="fl-1a"/>
      </object_component>
      <object_component id="oc-7e">
         <name>.text.addToList</name>
         <load_address>0x1005b14</load_address>
         <readonly>true</readonly>
         <executable>true</executable>
         <run_address>0x1005b14</run_address>
         <size>0x44</size>
         <alignment>0x4</alignment>
         <input_file_ref idref="fl-23"/>
      </object_component>
      <object_component id="oc-f7">
         <name>.text.initTimer</name>
         <load_address>0x1005b58</load_address>
         <readonly>true</readonly>
         <executable>true</executable>
         <run_address>0x1005b58</run_address>
         <size>0x44</size>
         <alignment>0x4</alignment>
         <input_file_ref idref="fl-1"/>
      </object_component>
      <object_component id="oc-fd">
         <name>.text.snprintf</name>
         <load_address>0x1005b9c</load_address>
         <readonly>true</readonly>
         <executable>true</executable>
         <run_address>0x1005b9c</run_address>
         <size>0x44</size>
         <alignment>0x4</alignment>
         <input_file_ref idref="fl-42"/>
      </object_component>
      <object_component id="oc-134">
         <name>.text.PinModeSet</name>
         <load_address>0x1005be0</load_address>
         <readonly>true</readonly>
         <executable>true</executable>
         <run_address>0x1005be0</run_address>
         <size>0x42</size>
         <alignment>0x2</alignment>
         <input_file_ref idref="fl-2d"/>
      </object_component>
      <object_component id="oc-2cf">
         <name>.text.TimerControlStall</name>
         <load_address>0x1005c22</load_address>
         <readonly>true</readonly>
         <executable>true</executable>
         <run_address>0x1005c22</run_address>
         <size>0x42</size>
         <alignment>0x2</alignment>
         <input_file_ref idref="fl-31"/>
      </object_component>
      <object_component id="oc-221">
         <name>.text.Timer_close</name>
         <load_address>0x1005c64</load_address>
         <readonly>true</readonly>
         <executable>true</executable>
         <run_address>0x1005c64</run_address>
         <size>0x42</size>
         <alignment>0x2</alignment>
         <input_file_ref idref="fl-1b"/>
      </object_component>
      <object_component id="oc-252">
         <name>.text.getCountsRTC</name>
         <load_address>0x1005ca6</load_address>
         <readonly>true</readonly>
         <executable>true</executable>
         <run_address>0x1005ca6</run_address>
         <size>0x42</size>
         <alignment>0x2</alignment>
         <input_file_ref idref="fl-25"/>
      </object_component>
      <object_component id="oc-148">
         <name>.text.SemaphoreP_post</name>
         <load_address>0x1005ce8</load_address>
         <readonly>true</readonly>
         <executable>true</executable>
         <run_address>0x1005ce8</run_address>
         <size>0x40</size>
         <alignment>0x4</alignment>
         <input_file_ref idref="fl-22"/>
      </object_component>
      <object_component id="oc-2c5">
         <name>.text.Timer_stop</name>
         <load_address>0x1005d28</load_address>
         <readonly>true</readonly>
         <executable>true</executable>
         <run_address>0x1005d28</run_address>
         <size>0x40</size>
         <alignment>0x2</alignment>
         <input_file_ref idref="fl-1a"/>
      </object_component>
      <object_component id="oc-2e1">
         <name>.text.atoi</name>
         <load_address>0x1005d68</load_address>
         <readonly>true</readonly>
         <executable>true</executable>
         <run_address>0x1005d68</run_address>
         <size>0x40</size>
         <alignment>0x4</alignment>
         <input_file_ref idref="fl-54"/>
      </object_component>
      <object_component id="oc-333">
         <name>.text.uDMAChannelControlSet</name>
         <load_address>0x1005da8</load_address>
         <readonly>true</readonly>
         <executable>true</executable>
         <run_address>0x1005da8</run_address>
         <size>0x40</size>
         <alignment>0x2</alignment>
         <input_file_ref idref="fl-33"/>
      </object_component>
      <object_component id="oc-380">
         <name>.text.PinDirModeSet</name>
         <load_address>0x1005de8</load_address>
         <readonly>true</readonly>
         <executable>true</executable>
         <run_address>0x1005de8</run_address>
         <size>0x3e</size>
         <alignment>0x2</alignment>
         <input_file_ref idref="fl-2d"/>
      </object_component>
      <object_component id="oc-26a">
         <name>.text.ClockP_stop</name>
         <load_address>0x1005e28</load_address>
         <readonly>true</readonly>
         <executable>true</executable>
         <run_address>0x1005e28</run_address>
         <size>0x3c</size>
         <alignment>0x4</alignment>
         <input_file_ref idref="fl-23"/>
      </object_component>
      <object_component id="oc-1f4">
         <name>.text.UDMACC32XX_init</name>
         <load_address>0x1005e64</load_address>
         <readonly>true</readonly>
         <executable>true</executable>
         <run_address>0x1005e64</run_address>
         <size>0x3c</size>
         <alignment>0x4</alignment>
         <input_file_ref idref="fl-20"/>
      </object_component>
      <object_component id="oc-22b">
         <name>.text.TimerSupport_timerEnable</name>
         <load_address>0x1005ea0</load_address>
         <readonly>true</readonly>
         <executable>true</executable>
         <run_address>0x1005ea0</run_address>
[...]
      <symbol id="sm-619">
         <name>SysTickEnable</name>
         <value>0x1006fbf</value>
         <object_component_ref idref="oc-260"/>
      </symbol>
      <symbol id="sm-61a">
         <name>SysTickIntDisable</name>
         <value>0x1006fd1</value>
         <object_component_ref idref="oc-257"/>
      </symbol>
      <symbol id="sm-61b">
         <name>SysTickIntEnable</name>
         <value>0x1006fe3</value>
         <object_component_ref idref="oc-261"/>
      </symbol>
      <symbol id="sm-61c">
         <name>SysTickPeriodSet</name>
         <value>0x1006da5</value>
         <object_component_ref idref="oc-25f"/>
      </symbol>
      <symbol id="sm-65b">
         <name>TimerControlStall</name>
         <value>0x1005c23</value>
         <object_component_ref idref="oc-2cf"/>
      </symbol>
      <symbol id="sm-65c">
         <name>TimerDisable</name>
         <value>0x1006a9d</value>
         <object_component_ref idref="oc-2c8"/>
      </symbol>
      <symbol id="sm-65d">
         <name>TimerEnable</name>
         <value>0x1006cbb</value>
         <object_component_ref idref="oc-2d5"/>
      </symbol>
      <symbol id="sm-65e">
         <name>TimerIntClear</name>
         <value>0x10070bd</value>
         <object_component_ref idref="oc-2d2"/>
      </symbol>
      <symbol id="sm-65f">
         <name>TimerIntDisable</name>
         <value>0x1006dbb</value>
         <object_component_ref idref="oc-38e"/>
      </symbol>
      <symbol id="sm-660">
         <name>TimerIntEnable</name>
         <value>0x1006ec9</value>
         <object_component_ref idref="oc-2d3"/>
      </symbol>
      <symbol id="sm-661">
         <name>TimerLoadSet</name>
         <value>0x10063d1</value>
         <object_component_ref idref="oc-2ce"/>
      </symbol>
      <symbol id="sm-662">
         <name>TimerPrescaleSet</name>
         <value>0x1006401</value>
         <object_component_ref idref="oc-2cd"/>
      </symbol>
      <symbol id="sm-6cc">
         <name>UARTBusy</name>
         <value>0x10070ed</value>
         <object_component_ref idref="oc-373"/>
      </symbol>
      <symbol id="sm-6cd">
         <name>UARTCharPutNonBlocking</name>
         <value>0x10060d1</value>
         <object_component_ref idref="oc-372"/>
      </symbol>
      <symbol id="sm-6ce">
         <name>UARTCharsAvail</name>
         <value>0x1006dd1</value>
         <object_component_ref idref="oc-2a5"/>
      </symbol>
      <symbol id="sm-6cf">
         <name>UARTConfigSetExpClk</name>
         <value>0x10047cd</value>
         <object_component_ref idref="oc-27d"/>
      </symbol>
      <symbol id="sm-6d0">
         <name>UARTDMADisable</name>
         <value>0x1006de7</value>
         <object_component_ref idref="oc-294"/>
      </symbol>
      <symbol id="sm-6d1">
         <name>UARTDMAEnable</name>
         <value>0x1006edd</value>
         <object_component_ref idref="oc-336"/>
      </symbol>
      <symbol id="sm-6d2">
         <name>UARTDisable</name>
         <value>0x100654b</value>
         <object_component_ref idref="oc-296"/>
      </symbol>
      <symbol id="sm-6d3">
         <name>UARTEnable</name>
         <value>0x1006af9</value>
         <object_component_ref idref="oc-283"/>
      </symbol>
      <symbol id="sm-6d4">
         <name>UARTFIFOLevelSet</name>
         <value>0x1006dfd</value>
         <object_component_ref idref="oc-285"/>
      </symbol>
      <symbol id="sm-6d5">
         <name>UARTFlowControlSet</name>
         <value>0x1006cd5</value>
         <object_component_ref idref="oc-286"/>
      </symbol>
      <symbol id="sm-6d6">
         <name>UARTIntClear</name>
         <value>0x10070fd</value>
         <object_component_ref idref="oc-282"/>
      </symbol>
      <symbol id="sm-6d7">
         <name>UARTIntDisable</name>
         <value>0x1006e13</value>
         <object_component_ref idref="oc-293"/>
      </symbol>
      <symbol id="sm-6d8">
         <name>UARTIntEnable</name>
         <value>0x1006ef1</value>
         <object_component_ref idref="oc-284"/>
      </symbol>
      <symbol id="sm-6d9">
         <name>UARTIntStatus</name>
         <value>0x100667d</value>
         <object_component_ref idref="oc-2a0"/>
      </symbol>
      <symbol id="sm-6da">
         <name>UARTRxErrorGet</name>
         <value>0x100710d</value>
         <object_component_ref idref="oc-2a2"/>
      </symbol>
      <symbol id="sm-733">
         <name>uDMAChannelAssign</name>
         <value>0x1005573</value>
         <object_component_ref idref="oc-287"/>
      </symbol>
      <symbol id="sm-734">
         <name>uDMAChannelAttributeDisable</name>
         <value>0x1004327</value>
         <object_component_ref idref="oc-288"/>
      </symbol>
      <symbol id="sm-735">
         <name>uDMAChannelControlSet</name>
         <value>0x1005da9</value>
         <object_component_ref idref="oc-333"/>
      </symbol>
      <symbol id="sm-736">
         <name>uDMAChannelDisable</name>
         <value>0x1006b35</value>
         <object_component_ref idref="oc-32f"/>
      </symbol>
      <symbol id="sm-737">
         <name>uDMAChannelEnable</name>
         <value>0x1006b53</value>
         <object_component_ref idref="oc-335"/>
      </symbol>
      <symbol id="sm-738">
         <name>uDMAChannelIsEnabled</name>
         <value>0x1006b71</value>
         <object_component_ref idref="oc-2a3"/>
      </symbol>
      <symbol id="sm-739">
         <name>uDMAChannelSizeGet</name>
         <value>0x1005739</value>
         <object_component_ref idref="oc-330"/>
      </symbol>
      <symbol id="sm-73a">
         <name>uDMAChannelTransferSet</name>
         <value>0x10034a9</value>
         <object_component_ref idref="oc-334"/>
      </symbol>
      <symbol id="sm-73b">
         <name>uDMAControlBaseSet</name>
         <value>0x1006f19</value>
         <object_component_ref idref="oc-27a"/>
      </symbol>
      <symbol id="sm-73c">
         <name>uDMAEnable</name>
         <value>0x10071a5</value>
         <object_component_ref idref="oc-275"/>
      </symbol>
      <symbol id="sm-73d">
         <name>uDMAErrorStatusClear</name>
         <value>0x10071b3</value>
         <object_component_ref idref="oc-3a1"/>
      </symbol>
      <symbol id="sm-73e">
         <name>uDMAErrorStatusGet</name>
         <value>0x1007279</value>
         <object_component_ref idref="oc-3a0"/>
      </symbol>
      <symbol id="sm-73f">
         <name>uDMAIntClear</name>
         <value>0x1006f2d</value>
         <object_component_ref idref="oc-331"/>
      </symbol>
      <symbol id="sm-74a">
         <name>UtilsDelay</name>
         <value>0x1007309</value>
         <object_component_ref idref="oc-126"/>
      </symbol>
      <symbol id="sm-777">
         <name>FlashDisable</name>
         <value>0x1004fb5</value>
         <object_component_ref idref="oc-383"/>
      </symbol>
      <symbol id="sm-788">
         <name>snprintf</name>
         <value>0x1005b9d</value>
         <object_component_ref idref="oc-fd"/>
      </symbol>
      <symbol id="sm-7a8">
         <name>malloc</name>
         <value>0x1007321</value>
         <object_component_ref idref="oc-242"/>
      </symbol>
      <symbol id="sm-7a9">
         <name>aligned_alloc</name>
         <value>0x1003155</value>
         <object_component_ref idref="oc-2fe"/>
      </symbol>
      <symbol id="sm-7aa">
         <name>free</name>
         <value>0x10036b9</value>
         <object_component_ref idref="oc-1d2"/>
      </symbol>
      <symbol id="sm-7ab">
         <name>_sys_memory</name>
         <value>0x20000310</value>
         <object_component_ref idref="oc-32"/>
      </symbol>
      <symbol id="sm-7ac">
         <name>memalign</name>
         <value>0x1003155</value>
         <object_component_ref idref="oc-2fe"/>
      </symbol>
      <symbol id="sm-7b7">
         <name>_c_int00_noargs</name>
         <value>0x1006931</value>
         <object_component_ref idref="oc-77"/>
      </symbol>
      <symbol id="sm-7b8">
         <name>__stack</name>
         <value>0x2003f000</value>
         <object_component_ref idref="oc-17"/>
      </symbol>
      <symbol id="sm-7c4">
         <name>__TI_auto_init_nobinit_nopinit</name>
         <value>0x100602d</value>
         <object_component_ref idref="oc-c0"/>
      </symbol>
      <symbol id="sm-7cc">
         <name>_system_pre_init</name>
         <value>0x1007369</value>
         <object_component_ref idref="oc-8c"/>
      </symbol>
      <symbol id="sm-7d7">
         <name>__TI_zero_init</name>
         <value>0x100715d</value>
         <object_component_ref idref="oc-4a"/>
      </symbol>
      <symbol id="sm-7e0">
         <name>__TI_decompress_none</name>
         <value>0x10071cf</value>
         <object_component_ref idref="oc-1d"/>
      </symbol>
      <symbol id="sm-7ea">
         <name>__TI_decompress_lzss</name>
         <value>0x1004841</value>
         <object_component_ref idref="oc-19"/>
      </symbol>
      <symbol id="sm-831">
         <name>__TI_printfi</name>
         <value>0x1000841</value>
         <object_component_ref idref="oc-23e"/>
      </symbol>
      <symbol id="sm-83a">
         <name>wcslen</name>
         <value>0x100714d</value>
         <object_component_ref idref="oc-2e5"/>
      </symbol>
      <symbol id="sm-845">
         <name>__aeabi_errno_addr</name>
         <value>0x1007311</value>
         <object_component_ref idref="oc-2e9"/>
      </symbol>
      <symbol id="sm-846">
         <name>__aeabi_errno</name>
         <value>0x200094a4</value>
         <object_component_ref idref="oc-34e"/>
      </symbol>
      <symbol id="sm-850">
         <name>abort</name>
         <value>0x100736d</value>
         <object_component_ref idref="oc-b9"/>
      </symbol>
      <symbol id="sm-851">
         <name>C$$EXIT</name>
         <value>0x100736c</value>
         <object_component_ref idref="oc-b9"/>
      </symbol>
      <symbol id="sm-85a">
         <name>_nop</name>
         <value>0x100491f</value>
         <object_component_ref idref="oc-1b1"/>
      </symbol>
      <symbol id="sm-85b">
         <name>_lock</name>
         <value>0x200094a8</value>
         <object_component_ref idref="oc-11b"/>
      </symbol>
      <symbol id="sm-85c">
         <name>_unlock</name>
         <value>0x200094ac</value>
         <object_component_ref idref="oc-11e"/>
      </symbol>
      <symbol id="sm-865">
         <name>__TI_ltoa</name>
         <value>0x10052e3</value>
         <object_component_ref idref="oc-362"/>
      </symbol>
      <symbol id="sm-871">
         <name>atoi</name>
         <value>0x1005d69</value>
         <object_component_ref idref="oc-2e1"/>
      </symbol>
      <symbol id="sm-87b">
         <name>memccpy</name>
         <value>0x1006b17</value>
         <object_component_ref idref="oc-2da"/>
      </symbol>
      <symbol id="sm-885">
         <name>frexp</name>
         <value>0x10053e1</value>
         <object_component_ref idref="oc-35a"/>
      </symbol>
      <symbol id="sm-886">
         <name>frexpl</name>
         <value>0x10053e1</value>
         <object_component_ref idref="oc-35a"/>
      </symbol>
      <symbol id="sm-890">
         <name>scalbn</name>
         <value>0x1003c99</value>
         <object_component_ref idref="oc-35e"/>
      </symbol>
      <symbol id="sm-891">
         <name>ldexp</name>
         <value>0x1003c99</value>
         <object_component_ref idref="oc-35e"/>
      </symbol>
      <symbol id="sm-892">
         <name>scalbnl</name>
         <value>0x1003c99</value>
         <object_component_ref idref="oc-35e"/>
      </symbol>
      <symbol id="sm-893">
         <name>ldexpl</name>
         <value>0x1003c99</value>
         <object_component_ref idref="oc-35e"/>
      </symbol>
      <symbol id="sm-899">
         <name>__aeabi_ctype_table_</name>
         <value>0x1007370</value>
         <object_component_ref idref="oc-347"/>
      </symbol>
      <symbol id="sm-89a">
         <name>__aeabi_ctype_table_C</name>
         <value>0x1007370</value>
         <object_component_ref idref="oc-347"/>
      </symbol>
      <symbol id="sm-8b2">
         <name>__aeabi_dadd</name>
         <value>0x10022bf</value>
         <object_component_ref idref="oc-22c"/>
      </symbol>
      <symbol id="sm-8b3">
         <name>__adddf3</name>
         <value>0x10022bf</value>
         <object_component_ref idref="oc-22c"/>
      </symbol>
      <symbol id="sm-8b4">
         <name>__aeabi_dsub</name>
         <value>0x10022b5</value>
         <object_component_ref idref="oc-22c"/>
      </symbol>
      <symbol id="sm-8b5">
         <name>__subdf3</name>
         <value>0x10022b5</value>
         <object_component_ref idref="oc-22c"/>
      </symbol>
      <symbol id="sm-8bb">
         <name>__aeabi_dmul</name>
         <value>0x10035bd</value>
         <object_component_ref idref="oc-192"/>
      </symbol>
      <symbol id="sm-8bc">
         <name>__muldf3</name>
         <value>0x10035bd</value>
         <object_component_ref idref="oc-192"/>
      </symbol>
      <symbol id="sm-8c2">
         <name>__aeabi_ddiv</name>
         <value>0x1002ef9</value>
         <object_component_ref idref="oc-36c"/>
      </symbol>
      <symbol id="sm-8c3">
         <name>__divdf3</name>
         <value>0x1002ef9</value>
         <object_component_ref idref="oc-36c"/>
      </symbol>
      <symbol id="sm-8c9">
         <name>__aeabi_f2d</name>
         <value>0x1005ff5</value>
         <object_component_ref idref="oc-f9"/>
      </symbol>
      <symbol id="sm-8ca">
         <name>__extendsfdf2</name>
         <value>0x1005ff5</value>
         <object_component_ref idref="oc-f9"/>
      </symbol>
      <symbol id="sm-8d0">
         <name>__aeabi_d2iz</name>
         <value>0x10058a5</value>
         <object_component_ref idref="oc-196"/>
      </symbol>
      <symbol id="sm-8d1">
         <name>__fixdfsi</name>
         <value>0x10058a5</value>
         <object_component_ref idref="oc-196"/>
      </symbol>
      <symbol id="sm-8d7">
         <name>__aeabi_i2d</name>
         <value>0x1006579</value>
         <object_component_ref idref="oc-18e"/>
      </symbol>
      <symbol id="sm-8d8">
         <name>__floatsidf</name>
         <value>0x1006579</value>
         <object_component_ref idref="oc-18e"/>
      </symbol>
      <symbol id="sm-8de">
         <name>__aeabi_d2f</name>
         <value>0x1004991</value>
         <object_component_ref idref="oc-230"/>
      </symbol>
      <symbol id="sm-8df">
         <name>__truncdfsf2</name>
         <value>0x1004991</value>
         <object_component_ref idref="oc-230"/>
      </symbol>
      <symbol id="sm-8e5">
         <name>__aeabi_dcmpeq</name>
         <value>0x1004e91</value>
         <object_component_ref idref="oc-2ef"/>
      </symbol>
      <symbol id="sm-8e6">
         <name>__aeabi_dcmplt</name>
         <value>0x1004ea5</value>
         <object_component_ref idref="oc-2ef"/>
      </symbol>
      <symbol id="sm-8e7">
         <name>__aeabi_dcmple</name>
         <value>0x1004eb9</value>
         <object_component_ref idref="oc-2ef"/>
      </symbol>
      <symbol id="sm-8e8">
         <name>__aeabi_dcmpge</name>
         <value>0x1004ecd</value>
         <object_component_ref idref="oc-2ef"/>
      </symbol>
      <symbol id="sm-8e9">
         <name>__aeabi_dcmpgt</name>
         <value>0x1004ee1</value>
         <object_component_ref idref="oc-2ef"/>
      </symbol>
      <symbol id="sm-8ef">
         <name>__aeabi_memcpy</name>
         <value>0x1007365</value>
         <object_component_ref idref="oc-3d"/>
      </symbol>
      <symbol id="sm-8f0">
         <name>__aeabi_memcpy4</name>
         <value>0x1007365</value>
         <object_component_ref idref="oc-3d"/>
      </symbol>
      <symbol id="sm-8f1">
         <name>__aeabi_memcpy8</name>
         <value>0x1007365</value>
         <object_component_ref idref="oc-3d"/>
      </symbol>
      <symbol id="sm-8fa">
         <name>__aeabi_memset</name>
         <value>0x10072cd</value>
         <object_component_ref idref="oc-2d9"/>
      </symbol>
      <symbol id="sm-8fb">
         <name>__aeabi_memset4</name>
         <value>0x10072cd</value>
         <object_component_ref idref="oc-2d9"/>
      </symbol>
      <symbol id="sm-8fc">
         <name>__aeabi_memset8</name>
         <value>0x10072cd</value>
         <object_component_ref idref="oc-2d9"/>
      </symbol>
      <symbol id="sm-8fd">
         <name>__aeabi_memclr</name>
         <value>0x1007319</value>
         <object_component_ref idref="oc-68"/>
      </symbol>
      <symbol id="sm-8fe">
         <name>__aeabi_memclr4</name>
         <value>0x1007319</value>
         <object_component_ref idref="oc-68"/>
      </symbol>
      <symbol id="sm-8ff">
         <name>__aeabi_memclr8</name>
         <value>0x1007319</value>
         <object_component_ref idref="oc-68"/>
      </symbol>
      <symbol id="sm-905">
         <name>__aeabi_uldivmod</name>
         <value>0x1006f05</value>
         <object_component_ref idref="oc-253"/>
      </symbol>
      <symbol id="sm-90b">
         <name>__udivmoddi4</name>
         <value>0x1003e15</value>
         <object_component_ref idref="oc-304"/>
      </symbol>
      <symbol id="sm-917">
         <name>__ledf2</name>
         <value>0x1004921</value>
         <object_component_ref idref="oc-352"/>
      </symbol>
      <symbol id="sm-918">
         <name>__gedf2</name>
         <value>0x10048b1</value>
         <object_component_ref idref="oc-358"/>
      </symbol>
      <symbol id="sm-919">
         <name>__cmpdf2</name>
         <value>0x1004921</value>
         <object_component_ref idref="oc-352"/>
      </symbol>
      <symbol id="sm-91a">
         <name>__eqdf2</name>
         <value>0x1004921</value>
         <object_component_ref idref="oc-352"/>
      </symbol>
      <symbol id="sm-91b">
         <name>__ltdf2</name>
         <value>0x1004921</value>
         <object_component_ref idref="oc-352"/>
      </symbol>
      <symbol id="sm-91c">
         <name>__nedf2</name>
         <value>0x1004921</value>
         <object_component_ref idref="oc-352"/>
      </symbol>
      <symbol id="sm-91d">
         <name>__gtdf2</name>
         <value>0x10048b1</value>
         <object_component_ref idref="oc-358"/>
      </symbol>
      <symbol id="sm-927">
         <name>__aeabi_ldiv0</name>
         <value>0x100466b</value>
         <object_component_ref idref="oc-377"/>
      </symbol>
      <symbol id="sm-930">
         <name>TI_memcpy_small</name>
         <value>0x1007019</value>
         <object_component_ref idref="oc-82"/>
      </symbol>
      <symbol id="sm-938">
         <name>TI_memset_small</name>
         <value>0x10071c1</value>
         <object_component_ref idref="oc-9f"/>
      </symbol>
      <symbol id="sm-939">
         <name>__TI_static_base__</name>
         <value>0x1007a38</value>
      </symbol>
      <symbol id="sm-93c">
         <name>ITM_flush</name>
         <value>0x0</value>
      </symbol>
      <symbol id="sm-93d">
         <name>ITM_restore</name>
         <value>0x0</value>
      </symbol>
      <symbol id="sm-93e">
         <name>__mpu_init</name>
         <value>0x0</value>
      </symbol>
      <symbol id="sm-93f">
         <name>_system_post_cinit</name>
         <value>0x0</value>
      </symbol>
   </symbol_table>
   <title>Link successful</title>
</link_info>
